
Optional file libmchp_peripheral.a not found

Optional file libmchp_peripheral_32MX795F512L.a not found
Archive member included because of file (symbol)

/Applications/microchip/xc32/v1.40/bin/bin/../../lib/gcc/pic32mx/4.8.3/../../../../pic32mx/lib/libpic32.a(memcpy.o)
                              build/configRover/debug/_ext/1209819165/queue.o (memcpy)
/Applications/microchip/xc32/v1.40/bin/bin/../../lib/gcc/pic32mx/4.8.3/../../../../pic32mx/lib/libpic32.a(memset.o)
                              build/configRover/debug/_ext/1209819165/tasks.o (memset)
/Applications/microchip/xc32/v1.40/bin/bin/../../lib/gcc/pic32mx/4.8.3/../../../../pic32mx/lib/libpic32.a(default-bootstrap-exception-handler.o)
                              /Applications/microchip/xc32/v1.40/bin/bin/../../lib/gcc/pic32mx/4.8.3/../../../../pic32mx/lib/./proc/32MX795F512L/crt0_mips32r2.o (_bootstrap_exception_handler)
/Applications/microchip/xc32/v1.40/bin/bin/../../lib/gcc/pic32mx/4.8.3/../../../../pic32mx/lib/libpic32.a(default-on-reset.o)
                              /Applications/microchip/xc32/v1.40/bin/bin/../../lib/gcc/pic32mx/4.8.3/../../../../pic32mx/lib/./proc/32MX795F512L/crt0_mips32r2.o (_on_reset)
/Applications/microchip/xc32/v1.40/bin/bin/../../lib/gcc/pic32mx/4.8.3/../../../../pic32mx/lib/libpic32.a(default-on-bootstrap.o)
                              /Applications/microchip/xc32/v1.40/bin/bin/../../lib/gcc/pic32mx/4.8.3/../../../../pic32mx/lib/./proc/32MX795F512L/crt0_mips32r2.o (_on_bootstrap)
/Applications/microchip/xc32/v1.40/bin/bin/../../lib/gcc/pic32mx/4.8.3/../../../../pic32mx/lib/libpic32.a(default-nmi-handler.o)
                              /Applications/microchip/xc32/v1.40/bin/bin/../../lib/gcc/pic32mx/4.8.3/../../../../pic32mx/lib/./proc/32MX795F512L/crt0_mips32r2.o (_nmi_handler)
/Applications/microchip/xc32/v1.40/bin/bin/../../lib/gcc/pic32mx/4.8.3/../../../../pic32mx/lib/libpic32.a(general-exception.o)
                              /Applications/microchip/xc32/v1.40/bin/bin/../../lib/gcc/pic32mx/4.8.3/../../../../pic32mx/lib/./proc/32MX795F512L/crt0_mips32r2.o (_general_exception_context)
/Applications/microchip/xc32/v1.40/bin/bin/../../lib/gcc/pic32mx/4.8.3/../../../../pic32mx/lib/libpic32.a(vector0.o)
                              /Applications/microchip/xc32/v1.40/bin/bin/../../lib/gcc/pic32mx/4.8.3/../../../../pic32mx/lib/./proc/32MX795F512L/default_isr_vectors.o (__vector_dispatch_0)
/Applications/microchip/xc32/v1.40/bin/bin/../../lib/gcc/pic32mx/4.8.3/../../../../pic32mx/lib/libpic32.a(vector2.o)
                              /Applications/microchip/xc32/v1.40/bin/bin/../../lib/gcc/pic32mx/4.8.3/../../../../pic32mx/lib/./proc/32MX795F512L/default_isr_vectors.o (__vector_dispatch_2)
/Applications/microchip/xc32/v1.40/bin/bin/../../lib/gcc/pic32mx/4.8.3/../../../../pic32mx/lib/libpic32.a(vector3.o)
                              /Applications/microchip/xc32/v1.40/bin/bin/../../lib/gcc/pic32mx/4.8.3/../../../../pic32mx/lib/./proc/32MX795F512L/default_isr_vectors.o (__vector_dispatch_3)
/Applications/microchip/xc32/v1.40/bin/bin/../../lib/gcc/pic32mx/4.8.3/../../../../pic32mx/lib/libpic32.a(vector5.o)
                              /Applications/microchip/xc32/v1.40/bin/bin/../../lib/gcc/pic32mx/4.8.3/../../../../pic32mx/lib/./proc/32MX795F512L/default_isr_vectors.o (__vector_dispatch_5)
/Applications/microchip/xc32/v1.40/bin/bin/../../lib/gcc/pic32mx/4.8.3/../../../../pic32mx/lib/libpic32.a(vector6.o)
                              /Applications/microchip/xc32/v1.40/bin/bin/../../lib/gcc/pic32mx/4.8.3/../../../../pic32mx/lib/./proc/32MX795F512L/default_isr_vectors.o (__vector_dispatch_6)
/Applications/microchip/xc32/v1.40/bin/bin/../../lib/gcc/pic32mx/4.8.3/../../../../pic32mx/lib/libpic32.a(vector7.o)
                              /Applications/microchip/xc32/v1.40/bin/bin/../../lib/gcc/pic32mx/4.8.3/../../../../pic32mx/lib/./proc/32MX795F512L/default_isr_vectors.o (__vector_dispatch_7)
/Applications/microchip/xc32/v1.40/bin/bin/../../lib/gcc/pic32mx/4.8.3/../../../../pic32mx/lib/libpic32.a(vector8.o)
                              /Applications/microchip/xc32/v1.40/bin/bin/../../lib/gcc/pic32mx/4.8.3/../../../../pic32mx/lib/./proc/32MX795F512L/default_isr_vectors.o (__vector_dispatch_8)
/Applications/microchip/xc32/v1.40/bin/bin/../../lib/gcc/pic32mx/4.8.3/../../../../pic32mx/lib/libpic32.a(vector9.o)
                              /Applications/microchip/xc32/v1.40/bin/bin/../../lib/gcc/pic32mx/4.8.3/../../../../pic32mx/lib/./proc/32MX795F512L/default_isr_vectors.o (__vector_dispatch_9)
/Applications/microchip/xc32/v1.40/bin/bin/../../lib/gcc/pic32mx/4.8.3/../../../../pic32mx/lib/libpic32.a(vector10.o)
                              /Applications/microchip/xc32/v1.40/bin/bin/../../lib/gcc/pic32mx/4.8.3/../../../../pic32mx/lib/./proc/32MX795F512L/default_isr_vectors.o (__vector_dispatch_10)
/Applications/microchip/xc32/v1.40/bin/bin/../../lib/gcc/pic32mx/4.8.3/../../../../pic32mx/lib/libpic32.a(vector11.o)
[...]
Memory Configuration

Name             Origin             Length             Attributes
kseg0_data_mem   0x80000000         0x00000200
kseg1_data_mem   0xa0000000         0x00020000         w !x
kseg0_boot_mem   0x9fc00490         0x00000970
kseg1_boot_mem   0xbfc00000         0x00000490
kseg0_program_mem 0x9d000000         0x00080000         xr
exception_mem    0x9fc01000         0x00001000
debug_exec_mem   0xbfc02000         0x00000ff0
config3          0xbfc02ff0         0x00000004
config2          0xbfc02ff4         0x00000004
config1          0xbfc02ff8         0x00000004
config0          0xbfc02ffc         0x00000004
sfrs             0xbf800000         0x00100000
configsfrs       0xbfc02ff0         0x00000010
*default*        0x00000000         0xffffffff

Linker script and memory map


reserve_data_0_kseg0
                0x80000000      0x200
                0x80000000        0x2 SHORT 0x0
                0x000001fd                . = 0x1fd
 *fill*         0x80000002      0x1fb 
                0x80000200                . = ALIGN (0x4)
 *fill*         0x800001fd        0x3 

reserve_data_0_kseg1
                0xa0000000      0x200
                0xa0000000        0x2 SHORT 0x0
                0x000001fd                . = 0x1fd
 *fill*         0xa0000002      0x1fb 
                0xa0000200                . = ALIGN (0x4)
 *fill*         0xa00001fd        0x3 

reserve_boot_0x1fc02000_kseg0
                0x9fc02000      0xff0
                0x9fc02000        0x2 SHORT 0x0
                0x00000500                . = 0x500
 *fill*         0x9fc02002      0x4fe 
                0x9fc02500                . = ALIGN (0x4)
                0x9fc02500        0x2 SHORT 0x0
                0x00000ff0                . = 0xff0
 *fill*         0x9fc02502      0xaee 
                0x9fc02ff0                . = ALIGN (0x4)

reserve_boot_0x1fc02000_kseg1
                0xbfc02000      0xff0
                0xbfc02000        0x2 SHORT 0x0
                0x00000500                . = 0x500
 *fill*         0xbfc02002      0x4fe 
                0xbfc02500                . = ALIGN (0x4)
                0xbfc02500        0x2 SHORT 0x0
                0x00000ff0                . = 0xff0
 *fill*         0xbfc02502      0xaee 
                0xbfc02ff0                . = ALIGN (0x4)
LOAD /Applications/microchip/xc32/v1.40/bin/bin/../../lib/gcc/pic32mx/4.8.3/../../../../pic32mx/lib/./proc/32MX795F512L/crt0_mips32r2.o
LOAD /Applications/microchip/xc32/v1.40/bin/bin/../../lib/gcc/pic32mx/4.8.3/../../../../pic32mx/lib/software-debug-break.o
LOAD build/configRover/debug/_ext/1360937237/communication.o
LOAD build/configRover/debug/_ext/1360937237/main.o
LOAD build/configRover/debug/_ext/1360937237/sensorCommunication.o
LOAD build/configRover/debug/_ext/1360937237/motor.o
LOAD build/configRover/debug/_ext/1536116519/debug.o
LOAD build/configRover/debug/_ext/1360937237/timer.o
LOAD build/configRover/debug/_ext/2006758146/osal_freertos.o
LOAD build/configRover/debug/_ext/1044950436/sys_devcon.o
LOAD build/configRover/debug/_ext/1044950436/sys_devcon_pic32mx.o
LOAD build/configRover/debug/_ext/443798654/sys_int_pic32.o
LOAD build/configRover/debug/_ext/885213861/sys_ports.o
LOAD build/configRover/debug/_ext/1209819165/croutine.o
LOAD build/configRover/debug/_ext/1209819165/list.o
LOAD build/configRover/debug/_ext/1209819165/queue.o
LOAD build/configRover/debug/_ext/1209819165/tasks.o
LOAD build/configRover/debug/_ext/1209819165/timers.o
LOAD build/configRover/debug/_ext/1209819165/event_groups.o
LOAD build/configRover/debug/_ext/1343652704/heap_1.o
LOAD build/configRover/debug/_ext/432427763/port.o
LOAD build/configRover/debug/_ext/432427763/port_asm.o
LOAD build/configRover/debug/_ext/1797679462/drv_tmr_static.o
LOAD build/configRover/debug/_ext/1532176561/drv_usart_static.o
LOAD build/configRover/debug/_ext/249367850/sys_clk_static.o
LOAD build/configRover/debug/_ext/1926720346/sys_ports_static.o
LOAD build/configRover/debug/_ext/369138285/system_init.o
LOAD build/configRover/debug/_ext/369138285/system_interrupt.o
LOAD build/configRover/debug/_ext/369138285/system_exceptions.o
LOAD build/configRover/debug/_ext/369138285/system_tasks.o
LOAD build/configRover/debug/_ext/369138285/system_interrupt_a.o
LOAD build/configRover/debug/_ext/369138285/rtos_hooks.o
LOAD ../../../../microchip/harmony/v1_06/bin/framework/peripheral/PIC32MX795F512L_peripherals.a
                0x00000001                __MPLAB_BUILD = 0x1
                0x00000001                __MPLAB_DEBUG = 0x1
                0x00000001                __DEBUG = 0x1
                0x00000001                __MPLAB_DEBUGGER_PK3 = 0x1
                0x00000000                _min_heap_size = 0x0
LOAD /Applications/microchip/xc32/v1.40/bin/bin/../../lib/gcc/pic32mx/4.8.3/../../../../pic32mx/lib/./proc/32MX795F512L/default_isr_vectors.o
LOAD /Applications/microchip/xc32/v1.40/bin/bin/../../lib/gcc/pic32mx/4.8.3/../../../../pic32mx/lib/pic32_software_reset.o
                0x00000400                PROVIDE (_min_stack_size, 0x400)
LOAD /Applications/microchip/xc32/v1.40/bin/bin/../../lib/gcc/pic32mx/4.8.3/../../../../pic32mx/lib/./proc/32MX795F512L/processor.o
START GROUP
LOAD libmchp_peripheral.a
END GROUP
START GROUP
LOAD libmchp_peripheral_32MX795F512L.a
END GROUP
                0x00000001                PROVIDE (_vector_spacing, 0x1)
                0x9fc01000                _ebase_address = 0x9fc01000
                0xbfc00000                _RESET_ADDR = 0xbfc00000
                0xbfc00380                _BEV_EXCPT_ADDR = 0xbfc00380
                0xbfc00480                _DBG_EXCPT_ADDR = 0xbfc00480
                0xbfc02000                _DBG_CODE_ADDR = 0xbfc02000
                0x00000ff0                _DBG_CODE_SIZE = 0xff0
                0x9fc01180                _GEN_EXCPT_ADDR = (_ebase_address + 0x180)

.config_BFC02FF0
                0xbfc02ff0        0x4
 *(.config_BFC02FF0)
 .config_BFC02FF0
                0xbfc02ff0        0x4 build/configRover/debug/_ext/369138285/system_init.o

.config_BFC02FF4
                0xbfc02ff4        0x4
 *(.config_BFC02FF4)
 .config_BFC02FF4
                0xbfc02ff4        0x4 build/configRover/debug/_ext/369138285/system_init.o

.config_BFC02FF8
                0xbfc02ff8        0x4
 *(.config_BFC02FF8)
 .config_BFC02FF8
                0xbfc02ff8        0x4 build/configRover/debug/_ext/369138285/system_init.o

.config_BFC02FFC
                0xbfc02ffc        0x4
 *(.config_BFC02FFC)
 .config_BFC02FFC
                0xbfc02ffc        0x4 build/configRover/debug/_ext/369138285/system_init.o
                0xbfc02000                PROVIDE (_DBG_CODE_ADDR, 0xbfc02000)
                0x00000ff0                PROVIDE (_DBG_CODE_SIZE, 0xff0)

.reset          0xbfc00000      0x1f4
 *(.reset)
 .reset         0xbfc00000        0x8 /Applications/microchip/xc32/v1.40/bin/bin/../../lib/gcc/pic32mx/4.8.3/../../../../pic32mx/lib/./proc/32MX795F512L/crt0_mips32r2.o
                0xbfc00000                _reset
 *(.reset.startup)
 .reset.startup
                0xbfc00008      0x1ec /Applications/microchip/xc32/v1.40/bin/bin/../../lib/gcc/pic32mx/4.8.3/../../../../pic32mx/lib/./proc/32MX795F512L/crt0_mips32r2.o

.bev_excpt      0xbfc00380       0x10
 *(.bev_handler)
 .bev_handler   0xbfc00380       0x10 /Applications/microchip/xc32/v1.40/bin/bin/../../lib/gcc/pic32mx/4.8.3/../../../../pic32mx/lib/./proc/32MX795F512L/crt0_mips32r2.o

.dbg_excpt      0xbfc00480        0x0
                0xbfc00480                . = (. + DEFINED (_DEBUGGER)?0x8:0x0)

.dbg_code       0xbfc02000        0x0
                0xbfc02000                . = (. + DEFINED (_DEBUGGER)?_DBG_CODE_SIZE:0x0)

.app_excpt      0x9fc01180       0x10
 *(.gen_handler)
 .gen_handler   0x9fc01180       0x10 /Applications/microchip/xc32/v1.40/bin/bin/../../lib/gcc/pic32mx/4.8.3/../../../../pic32mx/lib/./proc/32MX795F512L/crt0_mips32r2.o

.vector_0       0x9fc01200        0x8
 *(.vector_0)
 .vector_0      0x9fc01200        0x8 /Applications/microchip/xc32/v1.40/bin/bin/../../lib/gcc/pic32mx/4.8.3/../../../../pic32mx/lib/libpic32.a(vector0.o)
                0x9fc01200                __vector_dispatch_0
                0x00000001                ASSERT (((_vector_spacing == 0x0) || (SIZEOF (.vector_0) <= (_vector_spacing << 0x5))), function at exception vector 0 too large)

.vector_1       0x9fc01220        0x8
 *(.vector_1)
 .vector_1      0x9fc01220        0x8 build/configRover/debug/_ext/432427763/port.o
                0x9fc01220                __vector_dispatch_1
                0x00000001                ASSERT (((_vector_spacing == 0x0) || (SIZEOF (.vector_1) <= (_vector_spacing << 0x5))), function at exception vector 1 too large)

.vector_2       0x9fc01240        0x8
 *(.vector_2)
 .vector_2      0x9fc01240        0x8 /Applications/microchip/xc32/v1.40/bin/bin/../../lib/gcc/pic32mx/4.8.3/../../../../pic32mx/lib/libpic32.a(vector2.o)
                0x9fc01240                __vector_dispatch_2
                0x00000001                ASSERT (((_vector_spacing == 0x0) || (SIZEOF (.vector_2) <= (_vector_spacing << 0x5))), function at exception vector 2 too large)

.vector_3       0x9fc01260        0x8
 *(.vector_3)
 .vector_3      0x9fc01260        0x8 /Applications/microchip/xc32/v1.40/bin/bin/../../lib/gcc/pic32mx/4.8.3/../../../../pic32mx/lib/libpic32.a(vector3.o)
                0x9fc01260                __vector_dispatch_3
                0x00000001                ASSERT (((_vector_spacing == 0x0) || (SIZEOF (.vector_3) <= (_vector_spacing << 0x5))), function at exception vector 3 too large)

.vector_4       0x9fc01280        0x8
 *(.vector_4)
 .vector_4      0x9fc01280        0x8 build/configRover/debug/_ext/432427763/port.o
                0x9fc01280                __vector_dispatch_4
                0x00000001                ASSERT (((_vector_spacing == 0x0) || (SIZEOF (.vector_4) <= (_vector_spacing << 0x5))), function at exception vector 4 too large)

.vector_5       0x9fc012a0        0x8
 *(.vector_5)
 .vector_5      0x9fc012a0        0x8 /Applications/microchip/xc32/v1.40/bin/bin/../../lib/gcc/pic32mx/4.8.3/../../../../pic32mx/lib/libpic32.a(vector5.o)
                0x9fc012a0                __vector_dispatch_5
                0x00000001                ASSERT (((_vector_spacing == 0x0) || (SIZEOF (.vector_5) <= (_vector_spacing << 0x5))), function at exception vector 5 too large)

.vector_6       0x9fc012c0        0x8
 *(.vector_6)
 .vector_6      0x9fc012c0        0x8 /Applications/microchip/xc32/v1.40/bin/bin/../../lib/gcc/pic32mx/4.8.3/../../../../pic32mx/lib/libpic32.a(vector6.o)
                0x9fc012c0                __vector_dispatch_6
                0x00000001                ASSERT (((_vector_spacing == 0x0) || (SIZEOF (.vector_6) <= (_vector_spacing << 0x5))), function at exception vector 6 too large)

.vector_7       0x9fc012e0        0x8
 *(.vector_7)
 .vector_7      0x9fc012e0        0x8 /Applications/microchip/xc32/v1.40/bin/bin/../../lib/gcc/pic32mx/4.8.3/../../../../pic32mx/lib/libpic32.a(vector7.o)
                0x9fc012e0                __vector_dispatch_7
                0x00000001                ASSERT (((_vector_spacing == 0x0) || (SIZEOF (.vector_7) <= (_vector_spacing << 0x5))), function at exception vector 7 too large)

.vector_8       0x9fc01300        0x8
 *(.vector_8)
 .vector_8      0x9fc01300        0x8 /Applications/microchip/xc32/v1.40/bin/bin/../../lib/gcc/pic32mx/4.8.3/../../../../pic32mx/lib/libpic32.a(vector8.o)
                0x9fc01300                __vector_dispatch_8
                0x00000001                ASSERT (((_vector_spacing == 0x0) || (SIZEOF (.vector_8) <= (_vector_spacing << 0x5))), function at exception vector 8 too large)

.vector_9       0x9fc01320        0x8
 *(.vector_9)
 .vector_9      0x9fc01320        0x8 /Applications/microchip/xc32/v1.40/bin/bin/../../lib/gcc/pic32mx/4.8.3/../../../../pic32mx/lib/libpic32.a(vector9.o)
                0x9fc01320                __vector_dispatch_9
                0x00000001                ASSERT (((_vector_spacing == 0x0) || (SIZEOF (.vector_9) <= (_vector_spacing << 0x5))), function at exception vector 9 too large)

.vector_10      0x9fc01340        0x8
 *(.vector_10)
 .vector_10     0x9fc01340        0x8 /Applications/microchip/xc32/v1.40/bin/bin/../../lib/gcc/pic32mx/4.8.3/../../../../pic32mx/lib/libpic32.a(vector10.o)
                0x9fc01340                __vector_dispatch_10
                0x00000001                ASSERT (((_vector_spacing == 0x0) || (SIZEOF (.vector_10) <= (_vector_spacing << 0x5))), function at exception vector 10 too large)

.vector_11      0x9fc01360        0x8
 *(.vector_11)
 .vector_11     0x9fc01360        0x8 /Applications/microchip/xc32/v1.40/bin/bin/../../lib/gcc/pic32mx/4.8.3/../../../../pic32mx/lib/libpic32.a(vector11.o)
                0x9fc01360                __vector_dispatch_11
                0x00000001                ASSERT (((_vector_spacing == 0x0) || (SIZEOF (.vector_11) <= (_vector_spacing << 0x5))), function at exception vector 11 too large)

.vector_12      0x9fc01380        0x8
 *(.vector_12)
 .vector_12     0x9fc01380        0x8 /Applications/microchip/xc32/v1.40/bin/bin/../../lib/gcc/pic32mx/4.8.3/../../../../pic32mx/lib/libpic32.a(vector12.o)
                0x9fc01380                __vector_dispatch_12
                0x00000001                ASSERT (((_vector_spacing == 0x0) || (SIZEOF (.vector_12) <= (_vector_spacing << 0x5))), function at exception vector 12 too large)

.vector_13      0x9fc013a0        0x8
 *(.vector_13)
 .vector_13     0x9fc013a0        0x8 /Applications/microchip/xc32/v1.40/bin/bin/../../lib/gcc/pic32mx/4.8.3/../../../../pic32mx/lib/libpic32.a(vector13.o)
                0x9fc013a0                __vector_dispatch_13
                0x00000001                ASSERT (((_vector_spacing == 0x0) || (SIZEOF (.vector_13) <= (_vector_spacing << 0x5))), function at exception vector 13 too large)

.vector_14      0x9fc013c0        0x8
 *(.vector_14)
 .vector_14     0x9fc013c0        0x8 /Applications/microchip/xc32/v1.40/bin/bin/../../lib/gcc/pic32mx/4.8.3/../../../../pic32mx/lib/libpic32.a(vector14.o)
                0x9fc013c0                __vector_dispatch_14
                0x00000001                ASSERT (((_vector_spacing == 0x0) || (SIZEOF (.vector_14) <= (_vector_spacing << 0x5))), function at exception vector 14 too large)

.vector_15      0x9fc013e0        0x8
 *(.vector_15)
 .vector_15     0x9fc013e0        0x8 /Applications/microchip/xc32/v1.40/bin/bin/../../lib/gcc/pic32mx/4.8.3/../../../../pic32mx/lib/libpic32.a(vector15.o)
                0x9fc013e0                __vector_dispatch_15
                0x00000001                ASSERT (((_vector_spacing == 0x0) || (SIZEOF (.vector_15) <= (_vector_spacing << 0x5))), function at exception vector 15 too large)

.vector_16      0x9fc01400        0x8
 *(.vector_16)
 .vector_16     0x9fc01400        0x8 /Applications/microchip/xc32/v1.40/bin/bin/../../lib/gcc/pic32mx/4.8.3/../../../../pic32mx/lib/libpic32.a(vector16.o)
                0x9fc01400                __vector_dispatch_16
                0x00000001                ASSERT (((_vector_spacing == 0x0) || (SIZEOF (.vector_16) <= (_vector_spacing << 0x5))), function at exception vector 16 too large)

.vector_17      0x9fc01420        0x8
 *(.vector_17)
 .vector_17     0x9fc01420        0x8 /Applications/microchip/xc32/v1.40/bin/bin/../../lib/gcc/pic32mx/4.8.3/../../../../pic32mx/lib/libpic32.a(vector17.o)
                0x9fc01420                __vector_dispatch_17
                0x00000001                ASSERT (((_vector_spacing == 0x0) || (SIZEOF (.vector_17) <= (_vector_spacing << 0x5))), function at exception vector 17 too large)

.vector_18      0x9fc01440        0x8
 *(.vector_18)
 .vector_18     0x9fc01440        0x8 /Applications/microchip/xc32/v1.40/bin/bin/../../lib/gcc/pic32mx/4.8.3/../../../../pic32mx/lib/libpic32.a(vector18.o)
                0x9fc01440                __vector_dispatch_18
                0x00000001                ASSERT (((_vector_spacing == 0x0) || (SIZEOF (.vector_18) <= (_vector_spacing << 0x5))), function at exception vector 18 too large)

.vector_19      0x9fc01460        0x8
 *(.vector_19)
 .vector_19     0x9fc01460        0x8 /Applications/microchip/xc32/v1.40/bin/bin/../../lib/gcc/pic32mx/4.8.3/../../../../pic32mx/lib/libpic32.a(vector19.o)
                0x9fc01460                __vector_dispatch_19
                0x00000001                ASSERT (((_vector_spacing == 0x0) || (SIZEOF (.vector_19) <= (_vector_spacing << 0x5))), function at exception vector 19 too large)

.vector_20      0x9fc01480       0x10
 *(.vector_20)
 .vector_20     0x9fc01480       0x10 build/configRover/debug/_ext/369138285/system_interrupt_a.o
                0x9fc01480                __vector_dispatch_20
                0x00000001                ASSERT (((_vector_spacing == 0x0) || (SIZEOF (.vector_20) <= (_vector_spacing << 0x5))), function at exception vector 20 too large)

.vector_21      0x9fc014a0        0x8
 *(.vector_21)
 .vector_21     0x9fc014a0        0x8 /Applications/microchip/xc32/v1.40/bin/bin/../../lib/gcc/pic32mx/4.8.3/../../../../pic32mx/lib/libpic32.a(vector21.o)
                0x9fc014a0                __vector_dispatch_21
                0x00000001                ASSERT (((_vector_spacing == 0x0) || (SIZEOF (.vector_21) <= (_vector_spacing << 0x5))), function at exception vector 21 too large)

.vector_22      0x9fc014c0        0x8
 *(.vector_22)
 .vector_22     0x9fc014c0        0x8 /Applications/microchip/xc32/v1.40/bin/bin/../../lib/gcc/pic32mx/4.8.3/../../../../pic32mx/lib/libpic32.a(vector22.o)
                0x9fc014c0                __vector_dispatch_22
                0x00000001                ASSERT (((_vector_spacing == 0x0) || (SIZEOF (.vector_22) <= (_vector_spacing << 0x5))), function at exception vector 22 too large)

.vector_23      0x9fc014e0        0x8
 *(.vector_23)
 .vector_23     0x9fc014e0        0x8 /Applications/microchip/xc32/v1.40/bin/bin/../../lib/gcc/pic32mx/4.8.3/../../../../pic32mx/lib/libpic32.a(vector23.o)
                0x9fc014e0                __vector_dispatch_23
                0x00000001                ASSERT (((_vector_spacing == 0x0) || (SIZEOF (.vector_23) <= (_vector_spacing << 0x5))), function at exception vector 23 too large)

.vector_24      0x9fc01500       0x10
 *(.vector_24)
 .vector_24     0x9fc01500       0x10 build/configRover/debug/_ext/369138285/system_interrupt_a.o
                0x9fc01500                __vector_dispatch_24
                0x00000001                ASSERT (((_vector_spacing == 0x0) || (SIZEOF (.vector_24) <= (_vector_spacing << 0x5))), function at exception vector 24 too large)

.vector_25      0x9fc01520        0x8
 *(.vector_25)
 .vector_25     0x9fc01520        0x8 /Applications/microchip/xc32/v1.40/bin/bin/../../lib/gcc/pic32mx/4.8.3/../../../../pic32mx/lib/libpic32.a(vector25.o)
                0x9fc01520                __vector_dispatch_25
                0x00000001                ASSERT (((_vector_spacing == 0x0) || (SIZEOF (.vector_25) <= (_vector_spacing << 0x5))), function at exception vector 25 too large)

.vector_26      0x9fc01540        0x8
 *(.vector_26)
 .vector_26     0x9fc01540        0x8 /Applications/microchip/xc32/v1.40/bin/bin/../../lib/gcc/pic32mx/4.8.3/../../../../pic32mx/lib/libpic32.a(vector26.o)
                0x9fc01540                __vector_dispatch_26
                0x00000001                ASSERT (((_vector_spacing == 0x0) || (SIZEOF (.vector_26) <= (_vector_spacing << 0x5))), function at exception vector 26 too large)

.vector_27      0x9fc01560        0x8
 *(.vector_27)
 .vector_27     0x9fc01560        0x8 /Applications/microchip/xc32/v1.40/bin/bin/../../lib/gcc/pic32mx/4.8.3/../../../../pic32mx/lib/libpic32.a(vector27.o)
                0x9fc01560                __vector_dispatch_27
                0x00000001                ASSERT (((_vector_spacing == 0x0) || (SIZEOF (.vector_27) <= (_vector_spacing << 0x5))), function at exception vector 27 too large)

.vector_28      0x9fc01580        0x8
 *(.vector_28)
 .vector_28     0x9fc01580        0x8 /Applications/microchip/xc32/v1.40/bin/bin/../../lib/gcc/pic32mx/4.8.3/../../../../pic32mx/lib/libpic32.a(vector28.o)
                0x9fc01580                __vector_dispatch_28
                0x00000001                ASSERT (((_vector_spacing == 0x0) || (SIZEOF (.vector_28) <= (_vector_spacing << 0x5))), function at exception vector 28 too large)

.vector_29      0x9fc015a0        0x8
 *(.vector_29)
 .vector_29     0x9fc015a0        0x8 /Applications/microchip/xc32/v1.40/bin/bin/../../lib/gcc/pic32mx/4.8.3/../../../../pic32mx/lib/libpic32.a(vector29.o)
                0x9fc015a0                __vector_dispatch_29
                0x00000001                ASSERT (((_vector_spacing == 0x0) || (SIZEOF (.vector_29) <= (_vector_spacing << 0x5))), function at exception vector 29 too large)

.vector_30      0x9fc015c0        0x8
 *(.vector_30)
 .vector_30     0x9fc015c0        0x8 /Applications/microchip/xc32/v1.40/bin/bin/../../lib/gcc/pic32mx/4.8.3/../../../../pic32mx/lib/libpic32.a(vector30.o)
                0x9fc015c0                __vector_dispatch_30
                0x00000001                ASSERT (((_vector_spacing == 0x0) || (SIZEOF (.vector_30) <= (_vector_spacing << 0x5))), function at exception vector 30 too large)

.vector_31      0x9fc015e0        0x8
 *(.vector_31)
 .vector_31     0x9fc015e0        0x8 /Applications/microchip/xc32/v1.40/bin/bin/../../lib/gcc/pic32mx/4.8.3/../../../../pic32mx/lib/libpic32.a(vector31.o)
                0x9fc015e0                __vector_dispatch_31
                0x00000001                ASSERT (((_vector_spacing == 0x0) || (SIZEOF (.vector_31) <= (_vector_spacing << 0x5))), function at exception vector 31 too large)

.vector_32      0x9fc01600       0x10
 *(.vector_32)
 .vector_32     0x9fc01600       0x10 build/configRover/debug/_ext/369138285/system_interrupt_a.o
                0x9fc01600                __vector_dispatch_32
                0x00000001                ASSERT (((_vector_spacing == 0x0) || (SIZEOF (.vector_32) <= (_vector_spacing << 0x5))), function at exception vector 32 too large)

.vector_33      0x9fc01620        0x8
 *(.vector_33)
 .vector_33     0x9fc01620        0x8 /Applications/microchip/xc32/v1.40/bin/bin/../../lib/gcc/pic32mx/4.8.3/../../../../pic32mx/lib/libpic32.a(vector33.o)
                0x9fc01620                __vector_dispatch_33
                0x00000001                ASSERT (((_vector_spacing == 0x0) || (SIZEOF (.vector_33) <= (_vector_spacing << 0x5))), function at exception vector 33 too large)

.vector_34      0x9fc01640        0x8
 *(.vector_34)
 .vector_34     0x9fc01640        0x8 /Applications/microchip/xc32/v1.40/bin/bin/../../lib/gcc/pic32mx/4.8.3/../../../../pic32mx/lib/libpic32.a(vector34.o)
                0x9fc01640                __vector_dispatch_34
                0x00000001                ASSERT (((_vector_spacing == 0x0) || (SIZEOF (.vector_34) <= (_vector_spacing << 0x5))), function at exception vector 34 too large)

.vector_35      0x9fc01660        0x8
 *(.vector_35)
 .vector_35     0x9fc01660        0x8 /Applications/microchip/xc32/v1.40/bin/bin/../../lib/gcc/pic32mx/4.8.3/../../../../pic32mx/lib/libpic32.a(vector35.o)
                0x9fc01660                __vector_dispatch_35
                0x00000001                ASSERT (((_vector_spacing == 0x0) || (SIZEOF (.vector_35) <= (_vector_spacing << 0x5))), function at exception vector 35 too large)

.vector_36      0x9fc01680        0x8
 *(.vector_36)
 .vector_36     0x9fc01680        0x8 /Applications/microchip/xc32/v1.40/bin/bin/../../lib/gcc/pic32mx/4.8.3/../../../../pic32mx/lib/libpic32.a(vector36.o)
                0x9fc01680                __vector_dispatch_36
                0x00000001                ASSERT (((_vector_spacing == 0x0) || (SIZEOF (.vector_36) <= (_vector_spacing << 0x5))), function at exception vector 36 too large)

.vector_37      0x9fc016a0        0x8
 *(.vector_37)
 .vector_37     0x9fc016a0        0x8 /Applications/microchip/xc32/v1.40/bin/bin/../../lib/gcc/pic32mx/4.8.3/../../../../pic32mx/lib/libpic32.a(vector37.o)
                0x9fc016a0                __vector_dispatch_37
                0x00000001                ASSERT (((_vector_spacing == 0x0) || (SIZEOF (.vector_37) <= (_vector_spacing << 0x5))), function at exception vector 37 too large)

.vector_38      0x9fc016c0        0x8
 *(.vector_38)
 .vector_38     0x9fc016c0        0x8 /Applications/microchip/xc32/v1.40/bin/bin/../../lib/gcc/pic32mx/4.8.3/../../../../pic32mx/lib/libpic32.a(vector38.o)
                0x9fc016c0                __vector_dispatch_38
                0x00000001                ASSERT (((_vector_spacing == 0x0) || (SIZEOF (.vector_38) <= (_vector_spacing << 0x5))), function at exception vector 38 too large)

.vector_39      0x9fc016e0        0x8
 *(.vector_39)
 .vector_39     0x9fc016e0        0x8 /Applications/microchip/xc32/v1.40/bin/bin/../../lib/gcc/pic32mx/4.8.3/../../../../pic32mx/lib/libpic32.a(vector39.o)
                0x9fc016e0                __vector_dispatch_39
                0x00000001                ASSERT (((_vector_spacing == 0x0) || (SIZEOF (.vector_39) <= (_vector_spacing << 0x5))), function at exception vector 39 too large)

.vector_40      0x9fc01700        0x8
 *(.vector_40)
 .vector_40     0x9fc01700        0x8 /Applications/microchip/xc32/v1.40/bin/bin/../../lib/gcc/pic32mx/4.8.3/../../../../pic32mx/lib/libpic32.a(vector40.o)
                0x9fc01700                __vector_dispatch_40
                0x00000001                ASSERT (((_vector_spacing == 0x0) || (SIZEOF (.vector_40) <= (_vector_spacing << 0x5))), function at exception vector 40 too large)

.vector_41      0x9fc01720        0x8
 *(.vector_41)
 .vector_41     0x9fc01720        0x8 /Applications/microchip/xc32/v1.40/bin/bin/../../lib/gcc/pic32mx/4.8.3/../../../../pic32mx/lib/libpic32.a(vector41.o)
                0x9fc01720                __vector_dispatch_41
                0x00000001                ASSERT (((_vector_spacing == 0x0) || (SIZEOF (.vector_41) <= (_vector_spacing << 0x5))), function at exception vector 41 too large)

.vector_42      0x9fc01740        0x8
 *(.vector_42)
 .vector_42     0x9fc01740        0x8 /Applications/microchip/xc32/v1.40/bin/bin/../../lib/gcc/pic32mx/4.8.3/../../../../pic32mx/lib/libpic32.a(vector42.o)
                0x9fc01740                __vector_dispatch_42
                0x00000001                ASSERT (((_vector_spacing == 0x0) || (SIZEOF (.vector_42) <= (_vector_spacing << 0x5))), function at exception vector 42 too large)

.vector_43      0x9fc01760        0x8
 *(.vector_43)
 .vector_43     0x9fc01760        0x8 /Applications/microchip/xc32/v1.40/bin/bin/../../lib/gcc/pic32mx/4.8.3/../../../../pic32mx/lib/libpic32.a(vector43.o)
                0x9fc01760                __vector_dispatch_43
                0x00000001                ASSERT (((_vector_spacing == 0x0) || (SIZEOF (.vector_43) <= (_vector_spacing << 0x5))), function at exception vector 43 too large)

.vector_44      0x9fc01780        0x8
 *(.vector_44)
 .vector_44     0x9fc01780        0x8 /Applications/microchip/xc32/v1.40/bin/bin/../../lib/gcc/pic32mx/4.8.3/../../../../pic32mx/lib/libpic32.a(vector44.o)
                0x9fc01780                __vector_dispatch_44
                0x00000001                ASSERT (((_vector_spacing == 0x0) || (SIZEOF (.vector_44) <= (_vector_spacing << 0x5))), function at exception vector 44 too large)

.vector_45      0x9fc017a0        0x8
 *(.vector_45)
 .vector_45     0x9fc017a0        0x8 /Applications/microchip/xc32/v1.40/bin/bin/../../lib/gcc/pic32mx/4.8.3/../../../../pic32mx/lib/libpic32.a(vector45.o)
                0x9fc017a0                __vector_dispatch_45
                0x00000001                ASSERT (((_vector_spacing == 0x0) || (SIZEOF (.vector_45) <= (_vector_spacing << 0x5))), function at exception vector 45 too large)

.vector_46      0x9fc017c0        0x8
 *(.vector_46)
 .vector_46     0x9fc017c0        0x8 /Applications/microchip/xc32/v1.40/bin/bin/../../lib/gcc/pic32mx/4.8.3/../../../../pic32mx/lib/libpic32.a(vector46.o)
                0x9fc017c0                __vector_dispatch_46
                0x00000001                ASSERT (((_vector_spacing == 0x0) || (SIZEOF (.vector_46) <= (_vector_spacing << 0x5))), function at exception vector 46 too large)

.vector_47      0x9fc017e0        0x8
 *(.vector_47)
 .vector_47     0x9fc017e0        0x8 /Applications/microchip/xc32/v1.40/bin/bin/../../lib/gcc/pic32mx/4.8.3/../../../../pic32mx/lib/libpic32.a(vector47.o)
                0x9fc017e0                __vector_dispatch_47
                0x00000001                ASSERT (((_vector_spacing == 0x0) || (SIZEOF (.vector_47) <= (_vector_spacing << 0x5))), function at exception vector 47 too large)

.vector_48      0x9fc01800        0x8
 *(.vector_48)
 .vector_48     0x9fc01800        0x8 /Applications/microchip/xc32/v1.40/bin/bin/../../lib/gcc/pic32mx/4.8.3/../../../../pic32mx/lib/libpic32.a(vector48.o)
                0x9fc01800                __vector_dispatch_48
                0x00000001                ASSERT (((_vector_spacing == 0x0) || (SIZEOF (.vector_48) <= (_vector_spacing << 0x5))), function at exception vector 48 too large)

.vector_49      0x9fc01820       0x10
 *(.vector_49)
 .vector_49     0x9fc01820       0x10 build/configRover/debug/_ext/369138285/system_interrupt_a.o
                0x9fc01820                __vector_dispatch_49
                0x00000001                ASSERT (((_vector_spacing == 0x0) || (SIZEOF (.vector_49) <= (_vector_spacing << 0x5))), function at exception vector 49 too large)

.vector_50      0x9fc01840        0x8
 *(.vector_50)
 .vector_50     0x9fc01840        0x8 /Applications/microchip/xc32/v1.40/bin/bin/../../lib/gcc/pic32mx/4.8.3/../../../../pic32mx/lib/libpic32.a(vector50.o)
                0x9fc01840                __vector_dispatch_50
                0x00000001                ASSERT (((_vector_spacing == 0x0) || (SIZEOF (.vector_50) <= (_vector_spacing << 0x5))), function at exception vector 50 too large)

.vector_51      0x9fc01860        0x8
 *(.vector_51)
 .vector_51     0x9fc01860        0x8 /Applications/microchip/xc32/v1.40/bin/bin/../../lib/gcc/pic32mx/4.8.3/../../../../pic32mx/lib/libpic32.a(vector51.o)
                0x9fc01860                __vector_dispatch_51
                0x00000001                ASSERT (((_vector_spacing == 0x0) || (SIZEOF (.vector_51) <= (_vector_spacing << 0x5))), function at exception vector 51 too large)

.vector_52      0x9fc01880        0x0
 *(.vector_52)
                0x00000001                ASSERT (((_vector_spacing == 0x0) || (SIZEOF (.vector_52) <= (_vector_spacing << 0x5))), function at exception vector 52 too large)

.vector_53      0x9fc018a0        0x0
 *(.vector_53)
                0x00000001                ASSERT (((_vector_spacing == 0x0) || (SIZEOF (.vector_53) <= (_vector_spacing << 0x5))), function at exception vector 53 too large)

.vector_54      0x9fc018c0        0x0
 *(.vector_54)
                0x00000001                ASSERT (((_vector_spacing == 0x0) || (SIZEOF (.vector_54) <= (_vector_spacing << 0x5))), function at exception vector 54 too large)

.vector_55      0x9fc018e0        0x0
 *(.vector_55)
                0x00000001                ASSERT (((_vector_spacing == 0x0) || (SIZEOF (.vector_55) <= (_vector_spacing << 0x5))), function at exception vector 55 too large)

.vector_56      0x9fc01900        0x0
 *(.vector_56)
                0x00000001                ASSERT (((_vector_spacing == 0x0) || (SIZEOF (.vector_56) <= (_vector_spacing << 0x5))), function at exception vector 56 too large)

.vector_57      0x9fc01920        0x0
 *(.vector_57)
                0x00000001                ASSERT (((_vector_spacing == 0x0) || (SIZEOF (.vector_57) <= (_vector_spacing << 0x5))), function at exception vector 57 too large)

.vector_58      0x9fc01940        0x0
 *(.vector_58)
                0x00000001                ASSERT (((_vector_spacing == 0x0) || (SIZEOF (.vector_58) <= (_vector_spacing << 0x5))), function at exception vector 58 too large)

.vector_59      0x9fc01960        0x0
 *(.vector_59)
                0x00000001                ASSERT (((_vector_spacing == 0x0) || (SIZEOF (.vector_59) <= (_vector_spacing << 0x5))), function at exception vector 59 too large)

.vector_60      0x9fc01980        0x0
 *(.vector_60)
                0x00000001                ASSERT (((_vector_spacing == 0x0) || (SIZEOF (.vector_60) <= (_vector_spacing << 0x5))), function at exception vector 60 too large)

.vector_61      0x9fc019a0        0x0
 *(.vector_61)
                0x00000001                ASSERT (((_vector_spacing == 0x0) || (SIZEOF (.vector_61) <= (_vector_spacing << 0x5))), function at exception vector 61 too large)

.vector_62      0x9fc019c0        0x0
 *(.vector_62)
                0x00000001                ASSERT (((_vector_spacing == 0x0) || (SIZEOF (.vector_62) <= (_vector_spacing << 0x5))), function at exception vector 62 too large)

.vector_63      0x9fc019e0        0x0
 *(.vector_63)
                0x00000001                ASSERT (((_vector_spacing == 0x0) || (SIZEOF (.vector_63) <= (_vector_spacing << 0x5))), function at exception vector 63 too large)

.startup
 *(.startup)

.text           0x9d000000        0x0
 *(.stub .gnu.linkonce.t.*)
 *(.text.*personality*)
 *(.mips16.fn.*)
 *(.mips16.call.*)
 *(.gnu.warning)
                0x9d000000                . = ALIGN (0x4)

.init           0x9d000000        0x0
 *crti.o(.init)
 *crtbegin.o(.init)
 *(EXCLUDE_FILE(*crtn.o *crtend?.o *crtend.o) .init)
 *crtend.o(.init)
 *crtn.o(.init)
                0x9d000000                . = ALIGN (0x4)

.fini           0x9d000000        0x0
 *(.fini)
                0x9d000000                . = ALIGN (0x4)

.preinit_array  0x9d000000        0x0
                0x9d000000                PROVIDE (__preinit_array_start, .)
 *(.preinit_array)
                0x9d000000                PROVIDE (__preinit_array_end, .)
                0x9d000000                . = ALIGN (0x4)

.init_array     0x9d000000        0x0
                0x9d000000                PROVIDE (__init_array_start, .)
 *(SORT(.init_array.*))
 *(.init_array)
                0x9d000000                PROVIDE (__init_array_end, .)
                0x9d000000                . = ALIGN (0x4)

.fini_array     0x9d000000        0x0
                0x9d000000                PROVIDE (__fini_array_start, .)
 *(SORT(.fini_array.*))
 *(.fini_array)
                0x9d000000                PROVIDE (__fini_array_end, .)
                0x9d000000                . = ALIGN (0x4)

.ctors          0x9d000000        0x0
 *crtbegin.o(.ctors)
 *crtbegin?.o(.ctors)
 *(EXCLUDE_FILE(*crtend?.o *crtend.o) .ctors)
 *(SORT(.ctors.*))
 *(.ctors)
                0x9d000000                . = ALIGN (0x4)

.dtors          0x9d000000        0x0
 *crtbegin.o(.dtors)
 *crtbegin?.o(.dtors)
 *(EXCLUDE_FILE(*crtend?.o *crtend.o) .dtors)
 *(SORT(.dtors.*))
 *(.dtors)
                0x9d000000                . = ALIGN (0x4)

.rodata         0x9d000000        0x0
 *(.gnu.linkonce.r.*)
 *(.rodata1)
                0x9d000000                . = ALIGN (0x4)

.sdata2         0x9fc00490        0x0
 *(.sdata2 .sdata2.* .gnu.linkonce.s2.*)
                0x9fc00490                . = ALIGN (0x4)

.sbss2          0x9fc00490        0x0
 *(.sbss2 .sbss2.* .gnu.linkonce.sb2.*)
                0x9fc00490                . = ALIGN (0x4)

.eh_frame_hdr
 *(.eh_frame_hdr)
                0x9fc00490                . = ALIGN (0x4)

.eh_frame
 *(.eh_frame)
                0x9fc00490                . = ALIGN (0x4)

.gcc_except_table
 *(.gcc_except_table .gcc_except_table.*)
                0x9fc00490                . = ALIGN (0x4)

.dbg_data       0xa0000200        0x0
                0xa0000200                . = (. + DEFINED (_DEBUGGER)?0x200:0x0)

.jcr            0xa0000200        0x0
 *(.jcr)
                0xa0000200                . = ALIGN (0x4)

.eh_frame
 *(.eh_frame)
                0xa0000200                . = ALIGN (0x4)

.gcc_except_table
 *(.gcc_except_table .gcc_except_table.*)
                0xa0000200                . = ALIGN (0x4)

.persist        0xa0000200        0x0
                0xa0000200                _persist_begin = .
 *(.persist .persist.*)
 *(.pbss .pbss.*)
                0xa0000200                . = ALIGN (0x4)
                0xa0000200                _persist_end = .

.data           0xa0000200        0x0
 *(.gnu.linkonce.d.*)
 *(.data1)
                0xa0000200                . = ALIGN (0x4)
                0xa0000200                . = .
                0xa00081f0                _gp = (ALIGN (0x10) + 0x7ff0)

.got            0xa0000200        0x0
 *(.got.plt)
 *(.got)
                0xa0000200                . = ALIGN (0x4)

.sdata          0xa0000200        0xc
                0xa0000200                _sdata_begin = .
 *(.sdata .sdata.* .gnu.linkonce.s.*)
 .sdata         0xa0000200        0x4 build/configRover/debug/_ext/1209819165/tasks.o
                0xa0000200                xNextTaskUnblockTime
 .sdata         0xa0000204        0x4 build/configRover/debug/_ext/432427763/port.o
                0xa0000204                uxInterruptNesting
 .sdata         0xa0000208        0x4 /Applications/microchip/xc32/v1.40/bin/bin/../../lib/gcc/pic32mx/4.8.3/../../../../pic32mx/lib/libpic32.a(xc32_uart.o)
                0xa0000208                __XC_UART
                0xa000020c                . = ALIGN (0x4)
                0xa000020c                _sdata_end = .

.lit8
 *(.lit8)

.lit4
 *(.lit4)
                0xa000020c                . = ALIGN (0x4)
                0xa000020c                _data_end = .
                0xa000020c                _bss_begin = .

.sbss           0xa000020c       0x7c
                0xa000020c                _sbss_begin = .
 *(.dynsbss)
 *(.sbss .sbss.* .gnu.linkonce.sb.*)
 .sbss          0xa000020c       0x2c build/configRover/debug/_ext/1209819165/tasks.o
                0xa000020c                pxCurrentTCB
                0xa0000210                uxTasksDeleted
                0xa0000214                uxCurrentNumberOfTasks
                0xa0000218                xTickCount
                0xa000021c                uxTopReadyPriority
                0xa0000220                xSchedulerRunning
                0xa0000224                uxPendedTicks
                0xa0000228                xYieldPending
                0xa000022c                xNumOfOverflows
                0xa0000230                uxTaskNumber
                0xa0000234                uxSchedulerSuspended
 .sbss          0xa0000238       0x10 build/configRover/debug/_ext/1209819165/timers.o
 .sbss          0xa0000248        0x8 build/configRover/debug/_ext/1343652704/heap_1.o
 .sbss          0xa0000250        0x4 build/configRover/debug/_ext/432427763/port.o
                0xa0000250                uxSavedTaskStackPointer
 .sbss          0xa0000254        0xc build/configRover/debug/_ext/369138285/system_exceptions.o
 *(.scommon)
 .scommon       0xa0000260       0x10 build/configRover/debug/_ext/1536116519/debug.o
                0xa0000260                lastTime
                0xa0000264                sensor_msTime
                0xa0000268                sensor_lastTime
                0xa000026c                msTime
 .scommon       0xa0000270        0x8 build/configRover/debug/_ext/1044950436/sys_devcon.o
                0xa0000270                sysDevconObj
 .scommon       0xa0000278        0x8 build/configRover/debug/_ext/1209819165/tasks.o
                0xa0000278                pxDelayedTaskList
                0xa000027c                pxOverflowDelayedTaskList
 .scommon       0xa0000280        0x8 build/configRover/debug/_ext/369138285/system_init.o
                0xa0000280                sysObj
                0xa0000288                _sbss_end = .
                0xa0000288                . = ALIGN (0x4)

.bss            0xa0000288      0x194
 *(.dynbss)
 *(COMMON)
 COMMON         0xa0000288       0x5c build/configRover/debug/_ext/1360937237/communication.o
                0xa0000288                testData
                0xa00002a0                communicationData
 COMMON         0xa00002e4       0x48 build/configRover/debug/_ext/1360937237/sensorCommunication.o
                0xa00002e4                sensorcommunicationData
 COMMON         0xa000032c       0x28 build/configRover/debug/_ext/1360937237/motor.o
                0xa000032c                motorData
 COMMON         0xa0000354       0xc8 build/configRover/debug/_ext/1209819165/tasks.o
                0xa0000354                pxReadyTasksLists
                0xa00003b8                xPendingReadyList
                0xa00003cc                xTasksWaitingTermination
                0xa00003e0                xSuspendedTaskList
                0xa00003f4                xDelayedTaskList2
                0xa0000408                xDelayedTaskList1
                0xa000041c                . = ALIGN ((. != 0x0)?0x4:0x1)
                0xa000041c                . = ALIGN (0x4)
                0xa000041c                _end = .
                0xa000041c                _bss_end = .
                0x00020000                _bmxdudba_address = 0x20000
                0x00020000                _bmxdupba_address = 0x20000

/DISCARD/
 *(.pdr)
 *(.rel.dyn)
 *(.note.GNU-stack)
 *(.note.GNU-stack)
 *(.gnu_debuglink)
 *(.gnu.lto_*)
 *(.discard)

.gptab.sdata
 *(.gptab.data)
 *(.gptab.sdata)

.gptab.sbss
 *(.gptab.bss)
 *(.gptab.sbss)

.mdebug.abi32   0xa000041c        0x0
 *(.mdebug.abi32)
 .mdebug.abi32  0xa000041c        0x0 /Applications/microchip/xc32/v1.40/bin/bin/../../lib/gcc/pic32mx/4.8.3/../../../../pic32mx/lib/software-debug-break.o
 .mdebug.abi32  0xa000041c        0x0 build/configRover/debug/_ext/1360937237/communication.o
 .mdebug.abi32  0xa000041c        0x0 build/configRover/debug/_ext/1360937237/main.o
 .mdebug.abi32  0xa000041c        0x0 build/configRover/debug/_ext/1360937237/sensorCommunication.o
 .mdebug.abi32  0xa000041c        0x0 build/configRover/debug/_ext/1360937237/motor.o
 .mdebug.abi32  0xa000041c        0x0 build/configRover/debug/_ext/1536116519/debug.o
 .mdebug.abi32  0xa000041c        0x0 build/configRover/debug/_ext/1360937237/timer.o
 .mdebug.abi32  0xa000041c        0x0 build/configRover/debug/_ext/2006758146/osal_freertos.o
 .mdebug.abi32  0xa000041c        0x0 build/configRover/debug/_ext/1044950436/sys_devcon.o
 .mdebug.abi32  0xa000041c        0x0 build/configRover/debug/_ext/1044950436/sys_devcon_pic32mx.o
 .mdebug.abi32  0xa000041c        0x0 build/configRover/debug/_ext/443798654/sys_int_pic32.o
 .mdebug.abi32  0xa000041c        0x0 build/configRover/debug/_ext/885213861/sys_ports.o
 .mdebug.abi32  0xa000041c        0x0 build/configRover/debug/_ext/1209819165/croutine.o
 .mdebug.abi32  0xa000041c        0x0 build/configRover/debug/_ext/1209819165/list.o
 .mdebug.abi32  0xa000041c        0x0 build/configRover/debug/_ext/1209819165/queue.o
 .mdebug.abi32  0xa000041c        0x0 build/configRover/debug/_ext/1209819165/tasks.o
 .mdebug.abi32  0xa000041c        0x0 build/configRover/debug/_ext/1209819165/timers.o
 .mdebug.abi32  0xa000041c        0x0 build/configRover/debug/_ext/1209819165/event_groups.o
 .mdebug.abi32  0xa000041c        0x0 build/configRover/debug/_ext/1343652704/heap_1.o
 .mdebug.abi32  0xa000041c        0x0 build/configRover/debug/_ext/432427763/port.o
 .mdebug.abi32  0xa000041c        0x0 build/configRover/debug/_ext/1797679462/drv_tmr_static.o
 .mdebug.abi32  0xa000041c        0x0 build/configRover/debug/_ext/1532176561/drv_usart_static.o
 .mdebug.abi32  0xa000041c        0x0 build/configRover/debug/_ext/249367850/sys_clk_static.o
 .mdebug.abi32  0xa000041c        0x0 build/configRover/debug/_ext/1926720346/sys_ports_static.o
 .mdebug.abi32  0xa000041c        0x0 build/configRover/debug/_ext/369138285/system_init.o
 .mdebug.abi32  0xa000041c        0x0 build/configRover/debug/_ext/369138285/system_interrupt.o
 .mdebug.abi32  0xa000041c        0x0 build/configRover/debug/_ext/369138285/system_exceptions.o
 .mdebug.abi32  0xa000041c        0x0 build/configRover/debug/_ext/369138285/system_tasks.o
 .mdebug.abi32  0xa000041c        0x0 build/configRover/debug/_ext/369138285/rtos_hooks.o
 .mdebug.abi32  0xa000041c        0x0 /Applications/microchip/xc32/v1.40/bin/bin/../../lib/gcc/pic32mx/4.8.3/../../../../pic32mx/lib/libpic32.a(default-bootstrap-exception-handler.o)
 .mdebug.abi32  0xa000041c        0x0 /Applications/microchip/xc32/v1.40/bin/bin/../../lib/gcc/pic32mx/4.8.3/../../../../pic32mx/lib/libpic32.a(default-on-reset.o)
 .mdebug.abi32  0xa000041c        0x0 /Applications/microchip/xc32/v1.40/bin/bin/../../lib/gcc/pic32mx/4.8.3/../../../../pic32mx/lib/libpic32.a(default-on-bootstrap.o)
 .mdebug.abi32  0xa000041c        0x0 /Applications/microchip/xc32/v1.40/bin/bin/../../lib/gcc/pic32mx/4.8.3/../../../../pic32mx/lib/libpic32.a(defaultinterrupt.o)
 .mdebug.abi32  0xa000041c        0x0 /Applications/microchip/xc32/v1.40/bin/bin/../../lib/gcc/pic32mx/4.8.3/../../../../pic32mx/lib/libc.a(sprintf_cdnopuxX.eo)
 .mdebug.abi32  0xa000041c        0x0 /Applications/microchip/xc32/v1.40/bin/bin/../../lib/gcc/pic32mx/4.8.3/../../../../pic32mx/lib/libc.a(doprnt_cdnopuxX.eo)
 .mdebug.abi32  0xa000041c        0x0 /Applications/microchip/xc32/v1.40/bin/bin/../../lib/gcc/pic32mx/4.8.3/../../../../pic32mx/lib/libc.a(_fputc_simple.o)
 .mdebug.abi32  0xa000041c        0x0 /Applications/microchip/xc32/v1.40/bin/bin/../../lib/gcc/pic32mx/4.8.3/../../../../pic32mx/lib/libc.a(ctype.o)
 .mdebug.abi32  0xa000041c        0x0 /Applications/microchip/xc32/v1.40/bin/bin/../../lib/gcc/pic32mx/4.8.3/../../../../pic32mx/lib/libc.a(_iob.o)
 .mdebug.abi32  0xa000041c        0x0 /Applications/microchip/xc32/v1.40/bin/bin/../../lib/gcc/pic32mx/4.8.3/../../../../pic32mx/lib/libc.a(_flsbuf_simple.o)
 .mdebug.abi32  0xa000041c        0x0 /Applications/microchip/xc32/v1.40/bin/bin/../../lib/gcc/pic32mx/4.8.3/../../../../pic32mx/lib/libpic32.a(write.o)
 .mdebug.abi32  0xa000041c        0x0 /Applications/microchip/xc32/v1.40/bin/bin/../../lib/gcc/pic32mx/4.8.3/../../../../pic32mx/lib/libpic32.a(_mon_putc.o)
 .mdebug.abi32  0xa000041c        0x0 /Applications/microchip/xc32/v1.40/bin/bin/../../lib/gcc/pic32mx/4.8.3/../../../../pic32mx/lib/libpic32.a(xc32_uart.o)
 .mdebug.abi32  0xa000041c        0x0 /Applications/microchip/xc32/v1.40/bin/bin/../../lib/gcc/pic32mx/4.8.3/libgcc.a(_udivdi3.o)
 .mdebug.abi32  0xa000041c        0x0 /Applications/microchip/xc32/v1.40/bin/bin/../../lib/gcc/pic32mx/4.8.3/libgcc.a(_umoddi3.o)

.mdebug.abiN32
 *(.mdebug.abiN32)

.mdebug.abi64
 *(.mdebug.abi64)

.mdebug.abiO64
 *(.mdebug.abiO64)

.mdebug.eabi32
 *(.mdebug.eabi32)

.mdebug.eabi64
 *(.mdebug.eabi64)

.gcc_compiled_long32
 *(.gcc_compiled_long32)

.gcc_compiled_long64
 *(.gcc_compiled_long64)

.stab
 *(.stab)

.stabstr
 *(.stabstr)

.stab.excl
 *(.stab.excl)

.stab.exclstr
 *(.stab.exclstr)

.stab.index
 *(.stab.index)

.stab.indexstr
 *(.stab.indexstr)

.comment        0x00000000       0xba
 *(.comment)
 .comment       0x00000000       0x3c /Applications/microchip/xc32/v1.40/bin/bin/../../lib/gcc/pic32mx/4.8.3/../../../../pic32mx/lib/software-debug-break.o
                                 0x3d (size before relaxing)
 .comment       0x00000000       0x3d build/configRover/debug/_ext/1360937237/communication.o
 .comment       0x00000000       0x3d build/configRover/debug/_ext/1360937237/main.o
 .comment       0x00000000       0x3d build/configRover/debug/_ext/1360937237/sensorCommunication.o
 .comment       0x00000000       0x3d build/configRover/debug/_ext/1360937237/motor.o
 .comment       0x00000000       0x3d build/configRover/debug/_ext/1536116519/debug.o
 .comment       0x00000000       0x3d build/configRover/debug/_ext/1360937237/timer.o
 .comment       0x00000000       0x3d build/configRover/debug/_ext/2006758146/osal_freertos.o
 .comment       0x00000000       0x3d build/configRover/debug/_ext/1044950436/sys_devcon.o
 .comment       0x00000000       0x3d build/configRover/debug/_ext/1044950436/sys_devcon_pic32mx.o
 .comment       0x00000000       0x3d build/configRover/debug/_ext/443798654/sys_int_pic32.o
 .comment       0x00000000       0x3d build/configRover/debug/_ext/885213861/sys_ports.o
 .comment       0x00000000       0x3d build/configRover/debug/_ext/1209819165/croutine.o
 .comment       0x00000000       0x3d build/configRover/debug/_ext/1209819165/list.o
 .comment       0x00000000       0x3d build/configRover/debug/_ext/1209819165/queue.o
 .comment       0x00000000       0x3d build/configRover/debug/_ext/1209819165/tasks.o
 .comment       0x00000000       0x3d build/configRover/debug/_ext/1209819165/timers.o
 .comment       0x00000000       0x3d build/configRover/debug/_ext/1209819165/event_groups.o
 .comment       0x00000000       0x3d build/configRover/debug/_ext/1343652704/heap_1.o
 .comment       0x00000000       0x3d build/configRover/debug/_ext/432427763/port.o
 .comment       0x00000000       0x3d build/configRover/debug/_ext/1797679462/drv_tmr_static.o
 .comment       0x00000000       0x3d build/configRover/debug/_ext/1532176561/drv_usart_static.o
 .comment       0x00000000       0x3d build/configRover/debug/_ext/249367850/sys_clk_static.o
 .comment       0x00000000       0x3d build/configRover/debug/_ext/1926720346/sys_ports_static.o
 .comment       0x00000000       0x3d build/configRover/debug/_ext/369138285/system_init.o
 .comment       0x00000000       0x3d build/configRover/debug/_ext/369138285/system_interrupt.o
 .comment       0x00000000       0x3d build/configRover/debug/_ext/369138285/system_exceptions.o
 .comment       0x00000000       0x3d build/configRover/debug/_ext/369138285/system_tasks.o
 .comment       0x00000000       0x3d build/configRover/debug/_ext/369138285/rtos_hooks.o
 .comment       0x0000003c       0x18 /Applications/microchip/xc32/v1.40/bin/bin/../../lib/gcc/pic32mx/4.8.3/../../../../pic32mx/lib/libpic32.a(memset.o)
                                 0x19 (size before relaxing)
 .comment       0x00000000       0x3d /Applications/microchip/xc32/v1.40/bin/bin/../../lib/gcc/pic32mx/4.8.3/../../../../pic32mx/lib/libpic32.a(default-bootstrap-exception-handler.o)
 .comment       0x00000000       0x3d /Applications/microchip/xc32/v1.40/bin/bin/../../lib/gcc/pic32mx/4.8.3/../../../../pic32mx/lib/libpic32.a(default-on-reset.o)
 .comment       0x00000000       0x3d /Applications/microchip/xc32/v1.40/bin/bin/../../lib/gcc/pic32mx/4.8.3/../../../../pic32mx/lib/libpic32.a(default-on-bootstrap.o)
 .comment       0x00000054       0x18 /Applications/microchip/xc32/v1.40/bin/bin/../../lib/gcc/pic32mx/4.8.3/../../../../pic32mx/lib/libpic32.a(memcmp.o)
                                 0x19 (size before relaxing)
 .comment       0x00000000       0x3d /Applications/microchip/xc32/v1.40/bin/bin/../../lib/gcc/pic32mx/4.8.3/../../../../pic32mx/lib/libpic32.a(defaultinterrupt.o)
 .comment       0x00000000       0x3d /Applications/microchip/xc32/v1.40/bin/bin/../../lib/gcc/pic32mx/4.8.3/../../../../pic32mx/lib/libc.a(sprintf_cdnopuxX.eo)
 .comment       0x00000000       0x3d /Applications/microchip/xc32/v1.40/bin/bin/../../lib/gcc/pic32mx/4.8.3/../../../../pic32mx/lib/libc.a(doprnt_cdnopuxX.eo)
 .comment       0x00000000       0x3d /Applications/microchip/xc32/v1.40/bin/bin/../../lib/gcc/pic32mx/4.8.3/../../../../pic32mx/lib/libc.a(_fputc_simple.o)
 .comment       0x0000006c       0x4e /Applications/microchip/xc32/v1.40/bin/bin/../../lib/gcc/pic32mx/4.8.3/../../../../pic32mx/lib/libc.a(ctype.o)
                                 0x8b (size before relaxing)
 .comment       0x00000000       0x3d /Applications/microchip/xc32/v1.40/bin/bin/../../lib/gcc/pic32mx/4.8.3/../../../../pic32mx/lib/libc.a(_iob.o)
 .comment       0x00000000       0x3d /Applications/microchip/xc32/v1.40/bin/bin/../../lib/gcc/pic32mx/4.8.3/../../../../pic32mx/lib/libc.a(_flsbuf_simple.o)
 .comment       0x00000000       0x3d /Applications/microchip/xc32/v1.40/bin/bin/../../lib/gcc/pic32mx/4.8.3/../../../../pic32mx/lib/libpic32.a(write.o)
 .comment       0x00000000       0x3d /Applications/microchip/xc32/v1.40/bin/bin/../../lib/gcc/pic32mx/4.8.3/../../../../pic32mx/lib/libpic32.a(_mon_putc.o)
 .comment       0x00000000       0x3d /Applications/microchip/xc32/v1.40/bin/bin/../../lib/gcc/pic32mx/4.8.3/../../../../pic32mx/lib/libpic32.a(xc32_uart.o)
 .comment       0x00000000       0x3d /Applications/microchip/xc32/v1.40/bin/bin/../../lib/gcc/pic32mx/4.8.3/libgcc.a(_udivdi3.o)
 .comment       0x00000000       0x3d /Applications/microchip/xc32/v1.40/bin/bin/../../lib/gcc/pic32mx/4.8.3/libgcc.a(_umoddi3.o)

.debug
 *(.debug)

.line
 *(.line)

.debug_srcinfo
 *(.debug_srcinfo)

.debug_sfnames
 *(.debug_sfnames)

.debug_aranges  0x00000000      0xc40
 *(.debug_aranges)
 .debug_aranges
                0x00000000       0x20 /Applications/microchip/xc32/v1.40/bin/bin/../../lib/gcc/pic32mx/4.8.3/../../../../pic32mx/lib/software-debug-break.o
 .debug_aranges
                0x00000020       0x78 build/configRover/debug/_ext/1360937237/communication.o
 .debug_aranges
                0x00000098       0x20 build/configRover/debug/_ext/1360937237/main.o
 .debug_aranges
                0x000000b8       0x50 build/configRover/debug/_ext/1360937237/sensorCommunication.o
 .debug_aranges
                0x00000108       0x40 build/configRover/debug/_ext/1360937237/motor.o
 .debug_aranges
                0x00000148       0x80 build/configRover/debug/_ext/1536116519/debug.o
 .debug_aranges
                0x000001c8       0x28 build/configRover/debug/_ext/1360937237/timer.o
 .debug_aranges
                0x000001f0       0x88 build/configRover/debug/_ext/2006758146/osal_freertos.o
 .debug_aranges
                0x00000278       0x78 build/configRover/debug/_ext/1044950436/sys_devcon.o
 .debug_aranges
                0x000002f0       0x20 build/configRover/debug/_ext/1044950436/sys_devcon_pic32mx.o
 .debug_aranges
                0x00000310       0x48 build/configRover/debug/_ext/443798654/sys_int_pic32.o
 .debug_aranges
                0x00000358       0xf8 build/configRover/debug/_ext/885213861/sys_ports.o
 .debug_aranges
                0x00000450       0x18 build/configRover/debug/_ext/1209819165/croutine.o
 .debug_aranges
                0x00000468       0x40 build/configRover/debug/_ext/1209819165/list.o
 .debug_aranges
                0x000004a8       0xb8 build/configRover/debug/_ext/1209819165/queue.o
 .debug_aranges
                0x00000560      0x1a0 build/configRover/debug/_ext/1209819165/tasks.o
 .debug_aranges
                0x00000700       0x70 build/configRover/debug/_ext/1209819165/timers.o
 .debug_aranges
                0x00000770       0x60 build/configRover/debug/_ext/1209819165/event_groups.o
 .debug_aranges
                0x000007d0       0x38 build/configRover/debug/_ext/1343652704/heap_1.o
 .debug_aranges
                0x00000808       0x58 build/configRover/debug/_ext/432427763/port.o
 .debug_aranges
                0x00000860       0x20 build/configRover/debug/_ext/432427763/port_asm.o
 .debug_aranges
                0x00000880       0x48 build/configRover/debug/_ext/1797679462/drv_tmr_static.o
 .debug_aranges
                0x000008c8       0x68 build/configRover/debug/_ext/1532176561/drv_usart_static.o
 .debug_aranges
                0x00000930       0x38 build/configRover/debug/_ext/249367850/sys_clk_static.o
 .debug_aranges
                0x00000968       0x20 build/configRover/debug/_ext/1926720346/sys_ports_static.o
 .debug_aranges
                0x00000988       0x20 build/configRover/debug/_ext/369138285/system_init.o
 .debug_aranges
                0x000009a8       0x38 build/configRover/debug/_ext/369138285/system_interrupt.o
 .debug_aranges
                0x000009e0       0x20 build/configRover/debug/_ext/369138285/system_exceptions.o
 .debug_aranges
                0x00000a00       0x40 build/configRover/debug/_ext/369138285/system_tasks.o
 .debug_aranges
                0x00000a40       0x58 build/configRover/debug/_ext/369138285/system_interrupt_a.o
 .debug_aranges
                0x00000a98       0x28 build/configRover/debug/_ext/369138285/rtos_hooks.o
 .debug_aranges
                0x00000ac0       0x20 /Applications/microchip/xc32/v1.40/bin/bin/../../lib/gcc/pic32mx/4.8.3/../../../../pic32mx/lib/libpic32.a(default-bootstrap-exception-handler.o)
 .debug_aranges
                0x00000ae0       0x20 /Applications/microchip/xc32/v1.40/bin/bin/../../lib/gcc/pic32mx/4.8.3/../../../../pic32mx/lib/libpic32.a(default-on-reset.o)
 .debug_aranges
                0x00000b00       0x20 /Applications/microchip/xc32/v1.40/bin/bin/../../lib/gcc/pic32mx/4.8.3/../../../../pic32mx/lib/libpic32.a(default-on-bootstrap.o)
 .debug_aranges
                0x00000b20       0x20 /Applications/microchip/xc32/v1.40/bin/bin/../../lib/gcc/pic32mx/4.8.3/../../../../pic32mx/lib/libpic32.a(defaultinterrupt.o)
 .debug_aranges
                0x00000b40       0x20 /Applications/microchip/xc32/v1.40/bin/bin/../../lib/gcc/pic32mx/4.8.3/../../../../pic32mx/lib/libc.a(sprintf_cdnopuxX.eo)
 .debug_aranges
                0x00000b60       0x20 /Applications/microchip/xc32/v1.40/bin/bin/../../lib/gcc/pic32mx/4.8.3/../../../../pic32mx/lib/libc.a(doprnt_cdnopuxX.eo)
 .debug_aranges
                0x00000b80       0x20 /Applications/microchip/xc32/v1.40/bin/bin/../../lib/gcc/pic32mx/4.8.3/../../../../pic32mx/lib/libc.a(_fputc_simple.o)
 .debug_aranges
                0x00000ba0       0x20 /Applications/microchip/xc32/v1.40/bin/bin/../../lib/gcc/pic32mx/4.8.3/../../../../pic32mx/lib/libc.a(_flsbuf_simple.o)
 .debug_aranges
                0x00000bc0       0x20 /Applications/microchip/xc32/v1.40/bin/bin/../../lib/gcc/pic32mx/4.8.3/../../../../pic32mx/lib/libpic32.a(write.o)
 .debug_aranges
                0x00000be0       0x20 /Applications/microchip/xc32/v1.40/bin/bin/../../lib/gcc/pic32mx/4.8.3/../../../../pic32mx/lib/libpic32.a(_mon_putc.o)
 .debug_aranges
                0x00000c00       0x20 /Applications/microchip/xc32/v1.40/bin/bin/../../lib/gcc/pic32mx/4.8.3/libgcc.a(_udivdi3.o)
 .debug_aranges
                0x00000c20       0x20 /Applications/microchip/xc32/v1.40/bin/bin/../../lib/gcc/pic32mx/4.8.3/libgcc.a(_umoddi3.o)

.debug_pubnames
 *(.debug_pubnames)

.debug_info     0x00000000    0x23eee
 *(.debug_info .gnu.linkonce.wi.*)
 .debug_info    0x00000000       0xd3 /Applications/microchip/xc32/v1.40/bin/bin/../../lib/gcc/pic32mx/4.8.3/../../../../pic32mx/lib/software-debug-break.o
 .debug_info    0x000000d3     0x2466 build/configRover/debug/_ext/1360937237/communication.o
 .debug_info    0x00002539      0x1c3 build/configRover/debug/_ext/1360937237/main.o
 .debug_info    0x000026fc     0x20b6 build/configRover/debug/_ext/1360937237/sensorCommunication.o
 .debug_info    0x000047b2     0x171b build/configRover/debug/_ext/1360937237/motor.o
 .debug_info    0x00005ecd      0xede build/configRover/debug/_ext/1536116519/debug.o
 .debug_info    0x00006dab      0x9cd build/configRover/debug/_ext/1360937237/timer.o
 .debug_info    0x00007778      0xad7 build/configRover/debug/_ext/2006758146/osal_freertos.o
 .debug_info    0x0000824f     0x10ba build/configRover/debug/_ext/1044950436/sys_devcon.o
 .debug_info    0x00009309      0xd84 build/configRover/debug/_ext/1044950436/sys_devcon_pic32mx.o
 .debug_info    0x0000a08d     0x15f3 build/configRover/debug/_ext/443798654/sys_int_pic32.o
 .debug_info    0x0000b680     0x3288 build/configRover/debug/_ext/885213861/sys_ports.o
 .debug_info    0x0000e908      0x19e build/configRover/debug/_ext/1209819165/croutine.o
 .debug_info    0x0000eaa6      0x4a7 build/configRover/debug/_ext/1209819165/list.o
 .debug_info    0x0000ef4d     0x1876 build/configRover/debug/_ext/1209819165/queue.o
 .debug_info    0x000107c3     0x2a24 build/configRover/debug/_ext/1209819165/tasks.o
 .debug_info    0x000131e7     0x153b build/configRover/debug/_ext/1209819165/timers.o
 .debug_info    0x00014722      0xd82 build/configRover/debug/_ext/1209819165/event_groups.o
 .debug_info    0x000154a4      0x3a7 build/configRover/debug/_ext/1343652704/heap_1.o
 .debug_info    0x0001584b     0x11db build/configRover/debug/_ext/432427763/port.o
 .debug_info    0x00016a26       0xec build/configRover/debug/_ext/432427763/port_asm.o
 .debug_info    0x00016b12     0x215e build/configRover/debug/_ext/1797679462/drv_tmr_static.o
 .debug_info    0x00018c70     0x3c8b build/configRover/debug/_ext/1532176561/drv_usart_static.o
 .debug_info    0x0001c8fb     0x10d7 build/configRover/debug/_ext/249367850/sys_clk_static.o
 .debug_info    0x0001d9d2      0xcda build/configRover/debug/_ext/1926720346/sys_ports_static.o
 .debug_info    0x0001e6ac      0xdab build/configRover/debug/_ext/369138285/system_init.o
 .debug_info    0x0001f457     0x1cdd build/configRover/debug/_ext/369138285/system_interrupt.o
 .debug_info    0x00021134      0x7da build/configRover/debug/_ext/369138285/system_exceptions.o
 .debug_info    0x0002190e      0xc4d build/configRover/debug/_ext/369138285/system_tasks.o
 .debug_info    0x0002255b       0xb7 build/configRover/debug/_ext/369138285/system_interrupt_a.o
 .debug_info    0x00022612      0x271 build/configRover/debug/_ext/369138285/rtos_hooks.o
 .debug_info    0x00022883       0xe3 /Applications/microchip/xc32/v1.40/bin/bin/../../lib/gcc/pic32mx/4.8.3/../../../../pic32mx/lib/libpic32.a(default-bootstrap-exception-handler.o)
 .debug_info    0x00022966       0xbd /Applications/microchip/xc32/v1.40/bin/bin/../../lib/gcc/pic32mx/4.8.3/../../../../pic32mx/lib/libpic32.a(default-on-reset.o)
 .debug_info    0x00022a23       0xc5 /Applications/microchip/xc32/v1.40/bin/bin/../../lib/gcc/pic32mx/4.8.3/../../../../pic32mx/lib/libpic32.a(default-on-bootstrap.o)
 .debug_info    0x00022ae8       0xd7 /Applications/microchip/xc32/v1.40/bin/bin/../../lib/gcc/pic32mx/4.8.3/../../../../pic32mx/lib/libpic32.a(defaultinterrupt.o)
 .debug_info    0x00022bbf       0xc2 /Applications/microchip/xc32/v1.40/bin/bin/../../lib/gcc/pic32mx/4.8.3/../../../../pic32mx/lib/libc.a(sprintf_cdnopuxX.eo)
 .debug_info    0x00022c81       0xc3 /Applications/microchip/xc32/v1.40/bin/bin/../../lib/gcc/pic32mx/4.8.3/../../../../pic32mx/lib/libc.a(doprnt_cdnopuxX.eo)
 .debug_info    0x00022d44       0xb4 /Applications/microchip/xc32/v1.40/bin/bin/../../lib/gcc/pic32mx/4.8.3/../../../../pic32mx/lib/libc.a(_fputc_simple.o)
 .debug_info    0x00022df8       0xb7 /Applications/microchip/xc32/v1.40/bin/bin/../../lib/gcc/pic32mx/4.8.3/../../../../pic32mx/lib/libc.a(_flsbuf_simple.o)
 .debug_info    0x00022eaf       0xae /Applications/microchip/xc32/v1.40/bin/bin/../../lib/gcc/pic32mx/4.8.3/../../../../pic32mx/lib/libpic32.a(write.o)
 .debug_info    0x00022f5d       0xb6 /Applications/microchip/xc32/v1.40/bin/bin/../../lib/gcc/pic32mx/4.8.3/../../../../pic32mx/lib/libpic32.a(_mon_putc.o)
 .debug_info    0x00023013      0x74f /Applications/microchip/xc32/v1.40/bin/bin/../../lib/gcc/pic32mx/4.8.3/libgcc.a(_udivdi3.o)
 .debug_info    0x00023762      0x78c /Applications/microchip/xc32/v1.40/bin/bin/../../lib/gcc/pic32mx/4.8.3/libgcc.a(_umoddi3.o)

.debug_abbrev   0x00000000     0x39aa
 *(.debug_abbrev)
 .debug_abbrev  0x00000000       0x28 /Applications/microchip/xc32/v1.40/bin/bin/../../lib/gcc/pic32mx/4.8.3/../../../../pic32mx/lib/software-debug-break.o
 .debug_abbrev  0x00000028      0x315 build/configRover/debug/_ext/1360937237/communication.o
 .debug_abbrev  0x0000033d       0x93 build/configRover/debug/_ext/1360937237/main.o
 .debug_abbrev  0x000003d0      0x2c3 build/configRover/debug/_ext/1360937237/sensorCommunication.o
 .debug_abbrev  0x00000693      0x27a build/configRover/debug/_ext/1360937237/motor.o
 .debug_abbrev  0x0000090d      0x281 build/configRover/debug/_ext/1536116519/debug.o
 .debug_abbrev  0x00000b8e      0x13f build/configRover/debug/_ext/1360937237/timer.o
 .debug_abbrev  0x00000ccd      0x1fe build/configRover/debug/_ext/2006758146/osal_freertos.o
 .debug_abbrev  0x00000ecb      0x2a1 build/configRover/debug/_ext/1044950436/sys_devcon.o
 .debug_abbrev  0x0000116c      0x16d build/configRover/debug/_ext/1044950436/sys_devcon_pic32mx.o
 .debug_abbrev  0x000012d9      0x1ea build/configRover/debug/_ext/443798654/sys_int_pic32.o
 .debug_abbrev  0x000014c3      0x219 build/configRover/debug/_ext/885213861/sys_ports.o
 .debug_abbrev  0x000016dc       0x1b build/configRover/debug/_ext/1209819165/croutine.o
 .debug_abbrev  0x000016f7       0xf1 build/configRover/debug/_ext/1209819165/list.o
 .debug_abbrev  0x000017e8      0x2e0 build/configRover/debug/_ext/1209819165/queue.o
 .debug_abbrev  0x00001ac8      0x2f9 build/configRover/debug/_ext/1209819165/tasks.o
 .debug_abbrev  0x00001dc1      0x353 build/configRover/debug/_ext/1209819165/timers.o
 .debug_abbrev  0x00002114      0x29a build/configRover/debug/_ext/1209819165/event_groups.o
 .debug_abbrev  0x000023ae      0x13f build/configRover/debug/_ext/1343652704/heap_1.o
 .debug_abbrev  0x000024ed      0x2cf build/configRover/debug/_ext/432427763/port.o
 .debug_abbrev  0x000027bc       0x14 build/configRover/debug/_ext/432427763/port_asm.o
 .debug_abbrev  0x000027d0      0x1bc build/configRover/debug/_ext/1797679462/drv_tmr_static.o
 .debug_abbrev  0x0000298c      0x232 build/configRover/debug/_ext/1532176561/drv_usart_static.o
 .debug_abbrev  0x00002bbe      0x209 build/configRover/debug/_ext/249367850/sys_clk_static.o
 .debug_abbrev  0x00002dc7      0x12f build/configRover/debug/_ext/1926720346/sys_ports_static.o
 .debug_abbrev  0x00002ef6      0x201 build/configRover/debug/_ext/369138285/system_init.o
 .debug_abbrev  0x000030f7      0x21b build/configRover/debug/_ext/369138285/system_interrupt.o
 .debug_abbrev  0x00003312       0x8c build/configRover/debug/_ext/369138285/system_exceptions.o
 .debug_abbrev  0x0000339e      0x154 build/configRover/debug/_ext/369138285/system_tasks.o
 .debug_abbrev  0x000034f2       0x12 build/configRover/debug/_ext/369138285/system_interrupt_a.o
 .debug_abbrev  0x00003504       0x97 build/configRover/debug/_ext/369138285/rtos_hooks.o
 .debug_abbrev  0x0000359b       0x28 /Applications/microchip/xc32/v1.40/bin/bin/../../lib/gcc/pic32mx/4.8.3/../../../../pic32mx/lib/libpic32.a(default-bootstrap-exception-handler.o)
 .debug_abbrev  0x000035c3       0x28 /Applications/microchip/xc32/v1.40/bin/bin/../../lib/gcc/pic32mx/4.8.3/../../../../pic32mx/lib/libpic32.a(default-on-reset.o)
 .debug_abbrev  0x000035eb       0x28 /Applications/microchip/xc32/v1.40/bin/bin/../../lib/gcc/pic32mx/4.8.3/../../../../pic32mx/lib/libpic32.a(default-on-bootstrap.o)
 .debug_abbrev  0x00003613       0x28 /Applications/microchip/xc32/v1.40/bin/bin/../../lib/gcc/pic32mx/4.8.3/../../../../pic32mx/lib/libpic32.a(defaultinterrupt.o)
 .debug_abbrev  0x0000363b       0x28 /Applications/microchip/xc32/v1.40/bin/bin/../../lib/gcc/pic32mx/4.8.3/../../../../pic32mx/lib/libc.a(sprintf_cdnopuxX.eo)
 .debug_abbrev  0x00003663       0x28 /Applications/microchip/xc32/v1.40/bin/bin/../../lib/gcc/pic32mx/4.8.3/../../../../pic32mx/lib/libc.a(doprnt_cdnopuxX.eo)
 .debug_abbrev  0x0000368b       0x28 /Applications/microchip/xc32/v1.40/bin/bin/../../lib/gcc/pic32mx/4.8.3/../../../../pic32mx/lib/libc.a(_fputc_simple.o)
 .debug_abbrev  0x000036b3       0x28 /Applications/microchip/xc32/v1.40/bin/bin/../../lib/gcc/pic32mx/4.8.3/../../../../pic32mx/lib/libc.a(_flsbuf_simple.o)
 .debug_abbrev  0x000036db       0x28 /Applications/microchip/xc32/v1.40/bin/bin/../../lib/gcc/pic32mx/4.8.3/../../../../pic32mx/lib/libpic32.a(write.o)
 .debug_abbrev  0x00003703       0x28 /Applications/microchip/xc32/v1.40/bin/bin/../../lib/gcc/pic32mx/4.8.3/../../../../pic32mx/lib/libpic32.a(_mon_putc.o)
 .debug_abbrev  0x0000372b      0x138 /Applications/microchip/xc32/v1.40/bin/bin/../../lib/gcc/pic32mx/4.8.3/libgcc.a(_udivdi3.o)
 .debug_abbrev  0x00003863      0x147 /Applications/microchip/xc32/v1.40/bin/bin/../../lib/gcc/pic32mx/4.8.3/libgcc.a(_umoddi3.o)

.debug_line     0x00000000     0x7c87
 *(.debug_line)
 .debug_line    0x00000000       0x8a /Applications/microchip/xc32/v1.40/bin/bin/../../lib/gcc/pic32mx/4.8.3/../../../../pic32mx/lib/software-debug-break.o
 .debug_line    0x0000008a      0x681 build/configRover/debug/_ext/1360937237/communication.o
 .debug_line    0x0000070b       0xd8 build/configRover/debug/_ext/1360937237/main.o
 .debug_line    0x000007e3      0x560 build/configRover/debug/_ext/1360937237/sensorCommunication.o
 .debug_line    0x00000d43      0x4b7 build/configRover/debug/_ext/1360937237/motor.o
 .debug_line    0x000011fa      0x512 build/configRover/debug/_ext/1536116519/debug.o
 .debug_line    0x0000170c      0x221 build/configRover/debug/_ext/1360937237/timer.o
 .debug_line    0x0000192d      0x2ee build/configRover/debug/_ext/2006758146/osal_freertos.o
 .debug_line    0x00001c1b      0x690 build/configRover/debug/_ext/1044950436/sys_devcon.o
 .debug_line    0x000022ab      0x527 build/configRover/debug/_ext/1044950436/sys_devcon_pic32mx.o
 .debug_line    0x000027d2      0x3f2 build/configRover/debug/_ext/443798654/sys_int_pic32.o
 .debug_line    0x00002bc4      0x912 build/configRover/debug/_ext/885213861/sys_ports.o
 .debug_line    0x000034d6       0x1d build/configRover/debug/_ext/1209819165/croutine.o
 .debug_line    0x000034f3      0x20f build/configRover/debug/_ext/1209819165/list.o
 .debug_line    0x00003702      0x4cc build/configRover/debug/_ext/1209819165/queue.o
 .debug_line    0x00003bce      0x870 build/configRover/debug/_ext/1209819165/tasks.o
 .debug_line    0x0000443e      0x3b7 build/configRover/debug/_ext/1209819165/timers.o
 .debug_line    0x000047f5      0x34b build/configRover/debug/_ext/1209819165/event_groups.o
 .debug_line    0x00004b40      0x240 build/configRover/debug/_ext/1343652704/heap_1.o
 .debug_line    0x00004d80      0x250 build/configRover/debug/_ext/432427763/port.o
 .debug_line    0x00004fd0      0x11a build/configRover/debug/_ext/432427763/port_asm.o
 .debug_line    0x000050ea      0x4c6 build/configRover/debug/_ext/1797679462/drv_tmr_static.o
 .debug_line    0x000055b0      0x7cf build/configRover/debug/_ext/1532176561/drv_usart_static.o
 .debug_line    0x00005d7f      0x3ee build/configRover/debug/_ext/249367850/sys_clk_static.o
 .debug_line    0x0000616d      0x30f build/configRover/debug/_ext/1926720346/sys_ports_static.o
 .debug_line    0x0000647c      0x503 build/configRover/debug/_ext/369138285/system_init.o
 .debug_line    0x0000697f      0x525 build/configRover/debug/_ext/369138285/system_interrupt.o
 .debug_line    0x00006ea4       0xf6 build/configRover/debug/_ext/369138285/system_exceptions.o
 .debug_line    0x00006f9a      0x3b7 build/configRover/debug/_ext/369138285/system_tasks.o
 .debug_line    0x00007351       0xfd build/configRover/debug/_ext/369138285/system_interrupt_a.o
 .debug_line    0x0000744e      0x15e build/configRover/debug/_ext/369138285/rtos_hooks.o
 .debug_line    0x000075ac       0x97 /Applications/microchip/xc32/v1.40/bin/bin/../../lib/gcc/pic32mx/4.8.3/../../../../pic32mx/lib/libpic32.a(default-bootstrap-exception-handler.o)
 .debug_line    0x00007643       0x84 /Applications/microchip/xc32/v1.40/bin/bin/../../lib/gcc/pic32mx/4.8.3/../../../../pic32mx/lib/libpic32.a(default-on-reset.o)
 .debug_line    0x000076c7       0x88 /Applications/microchip/xc32/v1.40/bin/bin/../../lib/gcc/pic32mx/4.8.3/../../../../pic32mx/lib/libpic32.a(default-on-bootstrap.o)
 .debug_line    0x0000774f       0x96 /Applications/microchip/xc32/v1.40/bin/bin/../../lib/gcc/pic32mx/4.8.3/../../../../pic32mx/lib/libpic32.a(defaultinterrupt.o)
 .debug_line    0x000077e5       0x71 /Applications/microchip/xc32/v1.40/bin/bin/../../lib/gcc/pic32mx/4.8.3/../../../../pic32mx/lib/libc.a(sprintf_cdnopuxX.eo)
 .debug_line    0x00007856       0x70 /Applications/microchip/xc32/v1.40/bin/bin/../../lib/gcc/pic32mx/4.8.3/../../../../pic32mx/lib/libc.a(doprnt_cdnopuxX.eo)
 .debug_line    0x000078c6       0x6f /Applications/microchip/xc32/v1.40/bin/bin/../../lib/gcc/pic32mx/4.8.3/../../../../pic32mx/lib/libc.a(_fputc_simple.o)
 .debug_line    0x00007935        0x0 /Applications/microchip/xc32/v1.40/bin/bin/../../lib/gcc/pic32mx/4.8.3/../../../../pic32mx/lib/libc.a(ctype.o)
 .debug_line    0x00007935        0x0 /Applications/microchip/xc32/v1.40/bin/bin/../../lib/gcc/pic32mx/4.8.3/../../../../pic32mx/lib/libc.a(_iob.o)
 .debug_line    0x00007935       0x70 /Applications/microchip/xc32/v1.40/bin/bin/../../lib/gcc/pic32mx/4.8.3/../../../../pic32mx/lib/libc.a(_flsbuf_simple.o)
 .debug_line    0x000079a5       0x79 /Applications/microchip/xc32/v1.40/bin/bin/../../lib/gcc/pic32mx/4.8.3/../../../../pic32mx/lib/libpic32.a(write.o)
 .debug_line    0x00007a1e       0x7d /Applications/microchip/xc32/v1.40/bin/bin/../../lib/gcc/pic32mx/4.8.3/../../../../pic32mx/lib/libpic32.a(_mon_putc.o)
 .debug_line    0x00007a9b        0x0 /Applications/microchip/xc32/v1.40/bin/bin/../../lib/gcc/pic32mx/4.8.3/../../../../pic32mx/lib/libpic32.a(xc32_uart.o)
 .debug_line    0x00007a9b       0xed /Applications/microchip/xc32/v1.40/bin/bin/../../lib/gcc/pic32mx/4.8.3/libgcc.a(_udivdi3.o)
 .debug_line    0x00007b88       0xff /Applications/microchip/xc32/v1.40/bin/bin/../../lib/gcc/pic32mx/4.8.3/libgcc.a(_umoddi3.o)

.debug_frame    0x00000000     0x18f8
 *(.debug_frame)
 .debug_frame   0x00000000       0x20 /Applications/microchip/xc32/v1.40/bin/bin/../../lib/gcc/pic32mx/4.8.3/../../../../pic32mx/lib/software-debug-break.o
 .debug_frame   0x00000020      0x144 build/configRover/debug/_ext/1360937237/communication.o
 .debug_frame   0x00000164       0x28 build/configRover/debug/_ext/1360937237/main.o
 .debug_frame   0x0000018c       0xe0 build/configRover/debug/_ext/1360937237/sensorCommunication.o
 .debug_frame   0x0000026c       0xa0 build/configRover/debug/_ext/1360937237/motor.o
 .debug_frame   0x0000030c      0x11c build/configRover/debug/_ext/1536116519/debug.o
 .debug_frame   0x00000428       0x40 build/configRover/debug/_ext/1360937237/timer.o
 .debug_frame   0x00000468      0x150 build/configRover/debug/_ext/2006758146/osal_freertos.o
 .debug_frame   0x000005b8       0xe8 build/configRover/debug/_ext/1044950436/sys_devcon.o
 .debug_frame   0x000006a0       0x28 build/configRover/debug/_ext/1044950436/sys_devcon_pic32mx.o
 .debug_frame   0x000006c8       0x90 build/configRover/debug/_ext/443798654/sys_int_pic32.o
 .debug_frame   0x00000758      0x1d0 build/configRover/debug/_ext/885213861/sys_ports.o
 .debug_frame   0x00000928       0x60 build/configRover/debug/_ext/1209819165/list.o
 .debug_frame   0x00000988      0x230 build/configRover/debug/_ext/1209819165/queue.o
 .debug_frame   0x00000bb8      0x4d4 build/configRover/debug/_ext/1209819165/tasks.o
 .debug_frame   0x0000108c      0x134 build/configRover/debug/_ext/1209819165/timers.o
 .debug_frame   0x000011c0      0x108 build/configRover/debug/_ext/1209819165/event_groups.o
 .debug_frame   0x000012c8       0x5c build/configRover/debug/_ext/1343652704/heap_1.o
 .debug_frame   0x00001324       0xc0 build/configRover/debug/_ext/432427763/port.o
 .debug_frame   0x000013e4       0x70 build/configRover/debug/_ext/1797679462/drv_tmr_static.o
 .debug_frame   0x00001454       0xc8 build/configRover/debug/_ext/1532176561/drv_usart_static.o
 .debug_frame   0x0000151c       0x58 build/configRover/debug/_ext/249367850/sys_clk_static.o
 .debug_frame   0x00001574       0x20 build/configRover/debug/_ext/1926720346/sys_ports_static.o
 .debug_frame   0x00001594       0x28 build/configRover/debug/_ext/369138285/system_init.o
 .debug_frame   0x000015bc       0x6c build/configRover/debug/_ext/369138285/system_interrupt.o
 .debug_frame   0x00001628       0x28 build/configRover/debug/_ext/369138285/system_exceptions.o
 .debug_frame   0x00001650       0x88 build/configRover/debug/_ext/369138285/system_tasks.o
 .debug_frame   0x000016d8       0x40 build/configRover/debug/_ext/369138285/rtos_hooks.o
 .debug_frame   0x00001718       0x2c /Applications/microchip/xc32/v1.40/bin/bin/../../lib/gcc/pic32mx/4.8.3/../../../../pic32mx/lib/libpic32.a(default-bootstrap-exception-handler.o)
 .debug_frame   0x00001744       0x20 /Applications/microchip/xc32/v1.40/bin/bin/../../lib/gcc/pic32mx/4.8.3/../../../../pic32mx/lib/libpic32.a(default-on-reset.o)
 .debug_frame   0x00001764       0x20 /Applications/microchip/xc32/v1.40/bin/bin/../../lib/gcc/pic32mx/4.8.3/../../../../pic32mx/lib/libpic32.a(default-on-bootstrap.o)
 .debug_frame   0x00001784       0x20 /Applications/microchip/xc32/v1.40/bin/bin/../../lib/gcc/pic32mx/4.8.3/../../../../pic32mx/lib/libpic32.a(defaultinterrupt.o)
 .debug_frame   0x000017a4       0x28 /Applications/microchip/xc32/v1.40/bin/bin/../../lib/gcc/pic32mx/4.8.3/../../../../pic32mx/lib/libc.a(sprintf_cdnopuxX.eo)
 .debug_frame   0x000017cc       0x38 /Applications/microchip/xc32/v1.40/bin/bin/../../lib/gcc/pic32mx/4.8.3/../../../../pic32mx/lib/libc.a(doprnt_cdnopuxX.eo)
 .debug_frame   0x00001804       0x2c /Applications/microchip/xc32/v1.40/bin/bin/../../lib/gcc/pic32mx/4.8.3/../../../../pic32mx/lib/libc.a(_fputc_simple.o)
 .debug_frame   0x00001830       0x28 /Applications/microchip/xc32/v1.40/bin/bin/../../lib/gcc/pic32mx/4.8.3/../../../../pic32mx/lib/libc.a(_flsbuf_simple.o)
 .debug_frame   0x00001858       0x38 /Applications/microchip/xc32/v1.40/bin/bin/../../lib/gcc/pic32mx/4.8.3/../../../../pic32mx/lib/libpic32.a(write.o)
 .debug_frame   0x00001890       0x28 /Applications/microchip/xc32/v1.40/bin/bin/../../lib/gcc/pic32mx/4.8.3/../../../../pic32mx/lib/libpic32.a(_mon_putc.o)
 .debug_frame   0x000018b8       0x20 /Applications/microchip/xc32/v1.40/bin/bin/../../lib/gcc/pic32mx/4.8.3/libgcc.a(_udivdi3.o)
 .debug_frame   0x000018d8       0x20 /Applications/microchip/xc32/v1.40/bin/bin/../../lib/gcc/pic32mx/4.8.3/libgcc.a(_umoddi3.o)

.debug_str      0x00000000      0x825
 *(.debug_str)
 .debug_str     0x00000000        0x0 /Applications/microchip/xc32/v1.40/bin/bin/../../lib/gcc/pic32mx/4.8.3/../../../../pic32mx/lib/software-debug-break.o
 .debug_str     0x00000000       0x4d build/configRover/debug/_ext/1360937237/communication.o
 .debug_str     0x0000004d        0x0 build/configRover/debug/_ext/1360937237/main.o
 .debug_str     0x0000004d       0x4c build/configRover/debug/_ext/1360937237/sensorCommunication.o
 .debug_str     0x00000099       0x42 build/configRover/debug/_ext/1360937237/motor.o
 .debug_str     0x000000db       0x1b build/configRover/debug/_ext/1536116519/debug.o
 .debug_str     0x000000f6        0x0 build/configRover/debug/_ext/1360937237/timer.o
 .debug_str     0x000000f6       0x40 build/configRover/debug/_ext/2006758146/osal_freertos.o
 .debug_str     0x00000136       0x16 build/configRover/debug/_ext/1044950436/sys_devcon.o
 .debug_str     0x0000014c        0x6 build/configRover/debug/_ext/1044950436/sys_devcon_pic32mx.o
 .debug_str     0x00000152       0x2d build/configRover/debug/_ext/443798654/sys_int_pic32.o
 .debug_str     0x0000017f       0x98 build/configRover/debug/_ext/885213861/sys_ports.o
 .debug_str     0x00000217        0x0 build/configRover/debug/_ext/1209819165/croutine.o
 .debug_str     0x00000217       0x2b build/configRover/debug/_ext/1209819165/list.o
 .debug_str     0x00000242       0xf1 build/configRover/debug/_ext/1209819165/queue.o
 .debug_str     0x00000333      0x174 build/configRover/debug/_ext/1209819165/tasks.o
 .debug_str     0x000004a7       0xbf build/configRover/debug/_ext/1209819165/timers.o
 .debug_str     0x00000566       0xe6 build/configRover/debug/_ext/1209819165/event_groups.o
 .debug_str     0x0000064c       0x1d build/configRover/debug/_ext/1343652704/heap_1.o
 .debug_str     0x00000669       0x37 build/configRover/debug/_ext/432427763/port.o
 .debug_str     0x000006a0       0x3b build/configRover/debug/_ext/1797679462/drv_tmr_static.o
 .debug_str     0x000006db       0x88 build/configRover/debug/_ext/1532176561/drv_usart_static.o
 .debug_str     0x00000763       0x39 build/configRover/debug/_ext/249367850/sys_clk_static.o
 .debug_str     0x0000079c        0xd build/configRover/debug/_ext/1926720346/sys_ports_static.o
 .debug_str     0x000007a9       0x16 build/configRover/debug/_ext/369138285/system_init.o
 .debug_str     0x000007bf       0x5d build/configRover/debug/_ext/369138285/system_interrupt.o
 .debug_str     0x0000081c        0x0 build/configRover/debug/_ext/369138285/system_exceptions.o
 .debug_str     0x0000081c        0x0 build/configRover/debug/_ext/369138285/system_tasks.o
 .debug_str     0x0000081c        0x9 build/configRover/debug/_ext/369138285/rtos_hooks.o
 .debug_str     0x00000825        0x0 /Applications/microchip/xc32/v1.40/bin/bin/../../lib/gcc/pic32mx/4.8.3/../../../../pic32mx/lib/libpic32.a(default-bootstrap-exception-handler.o)
 .debug_str     0x00000825        0x0 /Applications/microchip/xc32/v1.40/bin/bin/../../lib/gcc/pic32mx/4.8.3/../../../../pic32mx/lib/libpic32.a(default-on-reset.o)
 .debug_str     0x00000825        0x0 /Applications/microchip/xc32/v1.40/bin/bin/../../lib/gcc/pic32mx/4.8.3/../../../../pic32mx/lib/libpic32.a(default-on-bootstrap.o)
 .debug_str     0x00000825        0x0 /Applications/microchip/xc32/v1.40/bin/bin/../../lib/gcc/pic32mx/4.8.3/../../../../pic32mx/lib/libpic32.a(defaultinterrupt.o)
 .debug_str     0x00000825        0x0 /Applications/microchip/xc32/v1.40/bin/bin/../../lib/gcc/pic32mx/4.8.3/../../../../pic32mx/lib/libc.a(sprintf_cdnopuxX.eo)
 .debug_str     0x00000825        0x0 /Applications/microchip/xc32/v1.40/bin/bin/../../lib/gcc/pic32mx/4.8.3/../../../../pic32mx/lib/libc.a(doprnt_cdnopuxX.eo)
 .debug_str     0x00000825        0x0 /Applications/microchip/xc32/v1.40/bin/bin/../../lib/gcc/pic32mx/4.8.3/../../../../pic32mx/lib/libc.a(_fputc_simple.o)
 .debug_str     0x00000825        0x0 /Applications/microchip/xc32/v1.40/bin/bin/../../lib/gcc/pic32mx/4.8.3/../../../../pic32mx/lib/libc.a(ctype.o)
 .debug_str     0x00000825        0x0 /Applications/microchip/xc32/v1.40/bin/bin/../../lib/gcc/pic32mx/4.8.3/../../../../pic32mx/lib/libc.a(_iob.o)
 .debug_str     0x00000825        0x0 /Applications/microchip/xc32/v1.40/bin/bin/../../lib/gcc/pic32mx/4.8.3/../../../../pic32mx/lib/libc.a(_flsbuf_simple.o)
 .debug_str     0x00000825        0x0 /Applications/microchip/xc32/v1.40/bin/bin/../../lib/gcc/pic32mx/4.8.3/../../../../pic32mx/lib/libpic32.a(write.o)
 .debug_str     0x00000825        0x0 /Applications/microchip/xc32/v1.40/bin/bin/../../lib/gcc/pic32mx/4.8.3/../../../../pic32mx/lib/libpic32.a(_mon_putc.o)
 .debug_str     0x00000825        0x0 /Applications/microchip/xc32/v1.40/bin/bin/../../lib/gcc/pic32mx/4.8.3/../../../../pic32mx/lib/libpic32.a(xc32_uart.o)
 .debug_str     0x00000825        0x0 /Applications/microchip/xc32/v1.40/bin/bin/../../lib/gcc/pic32mx/4.8.3/libgcc.a(_udivdi3.o)
 .debug_str     0x00000825        0x0 /Applications/microchip/xc32/v1.40/bin/bin/../../lib/gcc/pic32mx/4.8.3/libgcc.a(_umoddi3.o)

.debug_loc      0x00000000     0x7f48
 *(.debug_loc)
 .debug_loc     0x00000000      0x5c8 build/configRover/debug/_ext/1360937237/communication.o
 .debug_loc     0x000005c8       0x20 build/configRover/debug/_ext/1360937237/main.o
 .debug_loc     0x000005e8      0x484 build/configRover/debug/_ext/1360937237/sensorCommunication.o
 .debug_loc     0x00000a6c      0x36c build/configRover/debug/_ext/1360937237/motor.o
 .debug_loc     0x00000dd8      0x1da build/configRover/debug/_ext/1536116519/debug.o
 .debug_loc     0x00000fb2       0xd2 build/configRover/debug/_ext/1360937237/timer.o
 .debug_loc     0x00001084      0x58c build/configRover/debug/_ext/2006758146/osal_freertos.o
 .debug_loc     0x00001610      0x150 build/configRover/debug/_ext/1044950436/sys_devcon.o
 .debug_loc     0x00001760      0x100 build/configRover/debug/_ext/1044950436/sys_devcon_pic32mx.o
 .debug_loc     0x00001860      0x10d build/configRover/debug/_ext/443798654/sys_int_pic32.o
 .debug_loc     0x0000196d      0xee1 build/configRover/debug/_ext/885213861/sys_ports.o
 .debug_loc     0x0000284e       0x31 build/configRover/debug/_ext/1209819165/list.o
 .debug_loc     0x0000287f      0xf5e build/configRover/debug/_ext/1209819165/queue.o
 .debug_loc     0x000037dd     0x195d build/configRover/debug/_ext/1209819165/tasks.o
 .debug_loc     0x0000513a      0x901 build/configRover/debug/_ext/1209819165/timers.o
 .debug_loc     0x00005a3b      0xa0a build/configRover/debug/_ext/1209819165/event_groups.o
 .debug_loc     0x00006445       0x69 build/configRover/debug/_ext/1343652704/heap_1.o
 .debug_loc     0x000064ae      0x1aa build/configRover/debug/_ext/432427763/port.o
 .debug_loc     0x00006658       0x21 build/configRover/debug/_ext/1797679462/drv_tmr_static.o
 .debug_loc     0x00006679       0xfa build/configRover/debug/_ext/1532176561/drv_usart_static.o
 .debug_loc     0x00006773       0x41 build/configRover/debug/_ext/249367850/sys_clk_static.o
 .debug_loc     0x000067b4       0x41 build/configRover/debug/_ext/369138285/system_init.o
 .debug_loc     0x000067f5      0x178 build/configRover/debug/_ext/369138285/system_interrupt.o
 .debug_loc     0x0000696d       0x20 build/configRover/debug/_ext/369138285/system_exceptions.o
 .debug_loc     0x0000698d       0xa0 build/configRover/debug/_ext/369138285/system_tasks.o
 .debug_loc     0x00006a2d       0x74 build/configRover/debug/_ext/369138285/rtos_hooks.o
 .debug_loc     0x00006aa1      0xa6a /Applications/microchip/xc32/v1.40/bin/bin/../../lib/gcc/pic32mx/4.8.3/libgcc.a(_udivdi3.o)
 .debug_loc     0x0000750b      0xa3d /Applications/microchip/xc32/v1.40/bin/bin/../../lib/gcc/pic32mx/4.8.3/libgcc.a(_umoddi3.o)

.debug_macinfo
 *(.debug_macinfo)

.debug_weaknames
 *(.debug_weaknames)

.debug_funcnames
 *(.debug_funcnames)

.debug_typenames
 *(.debug_typenames)

.debug_varnames
 *(.debug_varnames)

.debug_pubtypes
 *(.debug_pubtypes)

.debug_ranges   0x00000000      0xd08
 *(.debug_ranges)
 .debug_ranges  0x00000000       0x10 /Applications/microchip/xc32/v1.40/bin/bin/../../lib/gcc/pic32mx/4.8.3/../../../../pic32mx/lib/software-debug-break.o
 .debug_ranges  0x00000010       0xe0 build/configRover/debug/_ext/1360937237/communication.o
 .debug_ranges  0x000000f0       0x10 build/configRover/debug/_ext/1360937237/main.o
 .debug_ranges  0x00000100       0xd0 build/configRover/debug/_ext/1360937237/sensorCommunication.o
 .debug_ranges  0x000001d0       0x60 build/configRover/debug/_ext/1360937237/motor.o
 .debug_ranges  0x00000230       0x70 build/configRover/debug/_ext/1536116519/debug.o
 .debug_ranges  0x000002a0       0x18 build/configRover/debug/_ext/1360937237/timer.o
 .debug_ranges  0x000002b8       0x78 build/configRover/debug/_ext/2006758146/osal_freertos.o
 .debug_ranges  0x00000330       0x68 build/configRover/debug/_ext/1044950436/sys_devcon.o
 .debug_ranges  0x00000398       0x10 build/configRover/debug/_ext/1044950436/sys_devcon_pic32mx.o
 .debug_ranges  0x000003a8       0x50 build/configRover/debug/_ext/443798654/sys_int_pic32.o
 .debug_ranges  0x000003f8       0xe8 build/configRover/debug/_ext/885213861/sys_ports.o
 .debug_ranges  0x000004e0       0x30 build/configRover/debug/_ext/1209819165/list.o
 .debug_ranges  0x00000510       0xa8 build/configRover/debug/_ext/1209819165/queue.o
 .debug_ranges  0x000005b8      0x1a8 build/configRover/debug/_ext/1209819165/tasks.o
 .debug_ranges  0x00000760       0xe8 build/configRover/debug/_ext/1209819165/timers.o
 .debug_ranges  0x00000848       0x98 build/configRover/debug/_ext/1209819165/event_groups.o
 .debug_ranges  0x000008e0       0x28 build/configRover/debug/_ext/1343652704/heap_1.o
 .debug_ranges  0x00000908       0x48 build/configRover/debug/_ext/432427763/port.o
 .debug_ranges  0x00000950       0x38 build/configRover/debug/_ext/1797679462/drv_tmr_static.o
 .debug_ranges  0x00000988       0x58 build/configRover/debug/_ext/1532176561/drv_usart_static.o
 .debug_ranges  0x000009e0       0x28 build/configRover/debug/_ext/249367850/sys_clk_static.o
 .debug_ranges  0x00000a08       0x10 build/configRover/debug/_ext/1926720346/sys_ports_static.o
 .debug_ranges  0x00000a18       0x10 build/configRover/debug/_ext/369138285/system_init.o
 .debug_ranges  0x00000a28       0x28 build/configRover/debug/_ext/369138285/system_interrupt.o
 .debug_ranges  0x00000a50       0x10 build/configRover/debug/_ext/369138285/system_exceptions.o
 .debug_ranges  0x00000a60       0x30 build/configRover/debug/_ext/369138285/system_tasks.o
 .debug_ranges  0x00000a90       0x50 build/configRover/debug/_ext/369138285/system_interrupt_a.o
 .debug_ranges  0x00000ae0       0x18 build/configRover/debug/_ext/369138285/rtos_hooks.o
 .debug_ranges  0x00000af8       0x10 /Applications/microchip/xc32/v1.40/bin/bin/../../lib/gcc/pic32mx/4.8.3/../../../../pic32mx/lib/libpic32.a(default-bootstrap-exception-handler.o)
 .debug_ranges  0x00000b08       0x10 /Applications/microchip/xc32/v1.40/bin/bin/../../lib/gcc/pic32mx/4.8.3/../../../../pic32mx/lib/libpic32.a(default-on-reset.o)
 .debug_ranges  0x00000b18       0x10 /Applications/microchip/xc32/v1.40/bin/bin/../../lib/gcc/pic32mx/4.8.3/../../../../pic32mx/lib/libpic32.a(default-on-bootstrap.o)
 .debug_ranges  0x00000b28       0x10 /Applications/microchip/xc32/v1.40/bin/bin/../../lib/gcc/pic32mx/4.8.3/../../../../pic32mx/lib/libpic32.a(defaultinterrupt.o)
 .debug_ranges  0x00000b38       0x10 /Applications/microchip/xc32/v1.40/bin/bin/../../lib/gcc/pic32mx/4.8.3/../../../../pic32mx/lib/libc.a(sprintf_cdnopuxX.eo)
 .debug_ranges  0x00000b48       0x10 /Applications/microchip/xc32/v1.40/bin/bin/../../lib/gcc/pic32mx/4.8.3/../../../../pic32mx/lib/libc.a(doprnt_cdnopuxX.eo)
 .debug_ranges  0x00000b58       0x10 /Applications/microchip/xc32/v1.40/bin/bin/../../lib/gcc/pic32mx/4.8.3/../../../../pic32mx/lib/libc.a(_fputc_simple.o)
 .debug_ranges  0x00000b68       0x10 /Applications/microchip/xc32/v1.40/bin/bin/../../lib/gcc/pic32mx/4.8.3/../../../../pic32mx/lib/libc.a(_flsbuf_simple.o)
 .debug_ranges  0x00000b78       0x10 /Applications/microchip/xc32/v1.40/bin/bin/../../lib/gcc/pic32mx/4.8.3/../../../../pic32mx/lib/libpic32.a(write.o)
 .debug_ranges  0x00000b88       0x10 /Applications/microchip/xc32/v1.40/bin/bin/../../lib/gcc/pic32mx/4.8.3/../../../../pic32mx/lib/libpic32.a(_mon_putc.o)
 .debug_ranges  0x00000b98       0x98 /Applications/microchip/xc32/v1.40/bin/bin/../../lib/gcc/pic32mx/4.8.3/libgcc.a(_udivdi3.o)
 .debug_ranges  0x00000c30       0xd8 /Applications/microchip/xc32/v1.40/bin/bin/../../lib/gcc/pic32mx/4.8.3/libgcc.a(_umoddi3.o)

.gnu.attributes
                0x00000000       0x10
 *(.gnu.attributes)
 .gnu.attributes
                0x00000000       0x10 /Applications/microchip/xc32/v1.40/bin/bin/../../lib/gcc/pic32mx/4.8.3/../../../../pic32mx/lib/software-debug-break.o
 .gnu.attributes
                0x00000010       0x10 build/configRover/debug/_ext/1360937237/communication.o
 .gnu.attributes
                0x00000020       0x10 build/configRover/debug/_ext/1360937237/main.o
 .gnu.attributes
                0x00000030       0x10 build/configRover/debug/_ext/1360937237/sensorCommunication.o
 .gnu.attributes
                0x00000040       0x10 build/configRover/debug/_ext/1360937237/motor.o
 .gnu.attributes
                0x00000050       0x10 build/configRover/debug/_ext/1536116519/debug.o
 .gnu.attributes
                0x00000060       0x10 build/configRover/debug/_ext/1360937237/timer.o
 .gnu.attributes
                0x00000070       0x10 build/configRover/debug/_ext/2006758146/osal_freertos.o
 .gnu.attributes
                0x00000080       0x10 build/configRover/debug/_ext/1044950436/sys_devcon.o
 .gnu.attributes
                0x00000090       0x10 build/configRover/debug/_ext/1044950436/sys_devcon_pic32mx.o
 .gnu.attributes
                0x000000a0       0x10 build/configRover/debug/_ext/443798654/sys_int_pic32.o
 .gnu.attributes
                0x000000b0       0x10 build/configRover/debug/_ext/885213861/sys_ports.o
 .gnu.attributes
                0x000000c0       0x10 build/configRover/debug/_ext/1209819165/croutine.o
 .gnu.attributes
                0x000000d0       0x10 build/configRover/debug/_ext/1209819165/list.o
 .gnu.attributes
                0x000000e0       0x10 build/configRover/debug/_ext/1209819165/queue.o
 .gnu.attributes
                0x000000f0       0x10 build/configRover/debug/_ext/1209819165/tasks.o
 .gnu.attributes
                0x00000100       0x10 build/configRover/debug/_ext/1209819165/timers.o
 .gnu.attributes
                0x00000110       0x10 build/configRover/debug/_ext/1209819165/event_groups.o
 .gnu.attributes
                0x00000120       0x10 build/configRover/debug/_ext/1343652704/heap_1.o
 .gnu.attributes
                0x00000130       0x10 build/configRover/debug/_ext/432427763/port.o
 .gnu.attributes
                0x00000140       0x10 build/configRover/debug/_ext/1797679462/drv_tmr_static.o
 .gnu.attributes
                0x00000150       0x10 build/configRover/debug/_ext/1532176561/drv_usart_static.o
 .gnu.attributes
                0x00000160       0x10 build/configRover/debug/_ext/249367850/sys_clk_static.o
 .gnu.attributes
                0x00000170       0x10 build/configRover/debug/_ext/1926720346/sys_ports_static.o
 .gnu.attributes
                0x00000180       0x10 build/configRover/debug/_ext/369138285/system_init.o
 .gnu.attributes
                0x00000190       0x10 build/configRover/debug/_ext/369138285/system_interrupt.o
 .gnu.attributes
                0x000001a0       0x10 build/configRover/debug/_ext/369138285/system_exceptions.o
 .gnu.attributes
                0x000001b0       0x10 build/configRover/debug/_ext/369138285/system_tasks.o
 .gnu.attributes
                0x000001c0       0x10 build/configRover/debug/_ext/369138285/rtos_hooks.o
 .gnu.attributes
                0x000001d0       0x10 /Applications/microchip/xc32/v1.40/bin/bin/../../lib/gcc/pic32mx/4.8.3/../../../../pic32mx/lib/libpic32.a(default-bootstrap-exception-handler.o)
 .gnu.attributes
                0x000001e0       0x10 /Applications/microchip/xc32/v1.40/bin/bin/../../lib/gcc/pic32mx/4.8.3/../../../../pic32mx/lib/libpic32.a(default-on-reset.o)
 .gnu.attributes
                0x000001f0       0x10 /Applications/microchip/xc32/v1.40/bin/bin/../../lib/gcc/pic32mx/4.8.3/../../../../pic32mx/lib/libpic32.a(default-on-bootstrap.o)
 .gnu.attributes
                0x00000200       0x10 /Applications/microchip/xc32/v1.40/bin/bin/../../lib/gcc/pic32mx/4.8.3/../../../../pic32mx/lib/libpic32.a(defaultinterrupt.o)
 .gnu.attributes