
Optional file libmchp_peripheral.a not found

Optional file libmchp_peripheral_32MX795F512L.a not found
Archive member included because of file (symbol)

/Applications/microchip/xc32/v1.40/bin/bin/../../lib/gcc/pic32mx/4.8.3/../../../../pic32mx/lib/libpic32.a(memcpy.o)
                              build/configRover/production/_ext/1209819165/queue.o (memcpy)
/Applications/microchip/xc32/v1.40/bin/bin/../../lib/gcc/pic32mx/4.8.3/../../../../pic32mx/lib/libpic32.a(memset.o)
                              build/configRover/production/_ext/1209819165/tasks.o (memset)
/Applications/microchip/xc32/v1.40/bin/bin/../../lib/gcc/pic32mx/4.8.3/../../../../pic32mx/lib/libpic32.a(default-bootstrap-exception-handler.o)
                              /Applications/microchip/xc32/v1.40/bin/bin/../../lib/gcc/pic32mx/4.8.3/../../../../pic32mx/lib/./proc/32MX795F512L/crt0_mips32r2.o (_bootstrap_exception_handler)
/Applications/microchip/xc32/v1.40/bin/bin/../../lib/gcc/pic32mx/4.8.3/../../../../pic32mx/lib/libpic32.a(default-on-reset.o)
                              /Applications/microchip/xc32/v1.40/bin/bin/../../lib/gcc/pic32mx/4.8.3/../../../../pic32mx/lib/./proc/32MX795F512L/crt0_mips32r2.o (_on_reset)
/Applications/microchip/xc32/v1.40/bin/bin/../../lib/gcc/pic32mx/4.8.3/../../../../pic32mx/lib/libpic32.a(default-on-bootstrap.o)
                              /Applications/microchip/xc32/v1.40/bin/bin/../../lib/gcc/pic32mx/4.8.3/../../../../pic32mx/lib/./proc/32MX795F512L/crt0_mips32r2.o (_on_bootstrap)
/Applications/microchip/xc32/v1.40/bin/bin/../../lib/gcc/pic32mx/4.8.3/../../../../pic32mx/lib/libpic32.a(default-nmi-handler.o)
                              /Applications/microchip/xc32/v1.40/bin/bin/../../lib/gcc/pic32mx/4.8.3/../../../../pic32mx/lib/./proc/32MX795F512L/crt0_mips32r2.o (_nmi_handler)
/Applications/microchip/xc32/v1.40/bin/bin/../../lib/gcc/pic32mx/4.8.3/../../../../pic32mx/lib/libpic32.a(general-exception.o)
                              /Applications/microchip/xc32/v1.40/bin/bin/../../lib/gcc/pic32mx/4.8.3/../../../../pic32mx/lib/./proc/32MX795F512L/crt0_mips32r2.o (_general_exception_context)
/Applications/microchip/xc32/v1.40/bin/bin/../../lib/gcc/pic32mx/4.8.3/../../../../pic32mx/lib/libpic32.a(vector0.o)
                              /Applications/microchip/xc32/v1.40/bin/bin/../../lib/gcc/pic32mx/4.8.3/../../../../pic32mx/lib/./proc/32MX795F512L/default_isr_vectors.o (__vector_dispatch_0)
/Applications/microchip/xc32/v1.40/bin/bin/../../lib/gcc/pic32mx/4.8.3/../../../../pic32mx/lib/libpic32.a(vector2.o)
                              /Applications/microchip/xc32/v1.40/bin/bin/../../lib/gcc/pic32mx/4.8.3/../../../../pic32mx/lib/./proc/32MX795F512L/default_isr_vectors.o (__vector_dispatch_2)
/Applications/microchip/xc32/v1.40/bin/bin/../../lib/gcc/pic32mx/4.8.3/../../../../pic32mx/lib/libpic32.a(vector3.o)
                              /Applications/microchip/xc32/v1.40/bin/bin/../../lib/gcc/pic32mx/4.8.3/../../../../pic32mx/lib/./proc/32MX795F512L/default_isr_vectors.o (__vector_dispatch_3)
/Applications/microchip/xc32/v1.40/bin/bin/../../lib/gcc/pic32mx/4.8.3/../../../../pic32mx/lib/libpic32.a(vector5.o)
                              /Applications/microchip/xc32/v1.40/bin/bin/../../lib/gcc/pic32mx/4.8.3/../../../../pic32mx/lib/./proc/32MX795F512L/default_isr_vectors.o (__vector_dispatch_5)
/Applications/microchip/xc32/v1.40/bin/bin/../../lib/gcc/pic32mx/4.8.3/../../../../pic32mx/lib/libpic32.a(vector6.o)
                              /Applications/microchip/xc32/v1.40/bin/bin/../../lib/gcc/pic32mx/4.8.3/../../../../pic32mx/lib/./proc/32MX795F512L/default_isr_vectors.o (__vector_dispatch_6)
/Applications/microchip/xc32/v1.40/bin/bin/../../lib/gcc/pic32mx/4.8.3/../../../../pic32mx/lib/libpic32.a(vector7.o)
                              /Applications/microchip/xc32/v1.40/bin/bin/../../lib/gcc/pic32mx/4.8.3/../../../../pic32mx/lib/./proc/32MX795F512L/default_isr_vectors.o (__vector_dispatch_7)
/Applications/microchip/xc32/v1.40/bin/bin/../../lib/gcc/pic32mx/4.8.3/../../../../pic32mx/lib/libpic32.a(vector8.o)
                              /Applications/microchip/xc32/v1.40/bin/bin/../../lib/gcc/pic32mx/4.8.3/../../../../pic32mx/lib/./proc/32MX795F512L/default_isr_vectors.o (__vector_dispatch_8)
/Applications/microchip/xc32/v1.40/bin/bin/../../lib/gcc/pic32mx/4.8.3/../../../../pic32mx/lib/libpic32.a(vector9.o)
                              /Applications/microchip/xc32/v1.40/bin/bin/../../lib/gcc/pic32mx/4.8.3/../../../../pic32mx/lib/./proc/32MX795F512L/default_isr_vectors.o (__vector_dispatch_9)
/Applications/microchip/xc32/v1.40/bin/bin/../../lib/gcc/pic32mx/4.8.3/../../../../pic32mx/lib/libpic32.a(vector10.o)
                              /Applications/microchip/xc32/v1.40/bin/bin/../../lib/gcc/pic32mx/4.8.3/../../../../pic32mx/lib/./proc/32MX795F512L/default_isr_vectors.o (__vector_dispatch_10)
[...]
Memory Configuration

Name             Origin             Length             Attributes
kseg0_program_mem 0x9d000000         0x00080000         xr
kseg0_boot_mem   0x9fc00490         0x00000970
exception_mem    0x9fc01000         0x00001000
kseg1_boot_mem   0xbfc00000         0x00000490
debug_exec_mem   0xbfc02000         0x00000ff0
config3          0xbfc02ff0         0x00000004
config2          0xbfc02ff4         0x00000004
config1          0xbfc02ff8         0x00000004
config0          0xbfc02ffc         0x00000004
kseg1_data_mem   0xa0000000         0x00020000         w !x
sfrs             0xbf800000         0x00100000
configsfrs       0xbfc02ff0         0x00000010
*default*        0x00000000         0xffffffff

Linker script and memory map

LOAD /Applications/microchip/xc32/v1.40/bin/bin/../../lib/gcc/pic32mx/4.8.3/../../../../pic32mx/lib/./proc/32MX795F512L/crt0_mips32r2.o
LOAD /Applications/microchip/xc32/v1.40/bin/bin/../../lib/gcc/pic32mx/4.8.3/../../../../pic32mx/lib/debug-exception-return.o
LOAD build/configRover/production/_ext/1360937237/communication.o
LOAD build/configRover/production/_ext/1360937237/main.o
LOAD build/configRover/production/_ext/1360937237/sensorCommunication.o
LOAD build/configRover/production/_ext/1360937237/motor.o
LOAD build/configRover/production/_ext/1536116519/debug.o
LOAD build/configRover/production/_ext/1360937237/timer.o
LOAD build/configRover/production/_ext/2006758146/osal_freertos.o
LOAD build/configRover/production/_ext/1044950436/sys_devcon.o
LOAD build/configRover/production/_ext/1044950436/sys_devcon_pic32mx.o
LOAD build/configRover/production/_ext/443798654/sys_int_pic32.o
LOAD build/configRover/production/_ext/885213861/sys_ports.o
LOAD build/configRover/production/_ext/1209819165/croutine.o
LOAD build/configRover/production/_ext/1209819165/list.o
LOAD build/configRover/production/_ext/1209819165/queue.o
LOAD build/configRover/production/_ext/1209819165/tasks.o
LOAD build/configRover/production/_ext/1209819165/timers.o
LOAD build/configRover/production/_ext/1209819165/event_groups.o
LOAD build/configRover/production/_ext/1343652704/heap_1.o
LOAD build/configRover/production/_ext/432427763/port.o
LOAD build/configRover/production/_ext/432427763/port_asm.o
LOAD build/configRover/production/_ext/1797679462/drv_tmr_static.o
LOAD build/configRover/production/_ext/1532176561/drv_usart_static.o
LOAD build/configRover/production/_ext/249367850/sys_clk_static.o
LOAD build/configRover/production/_ext/1926720346/sys_ports_static.o
LOAD build/configRover/production/_ext/369138285/system_init.o
LOAD build/configRover/production/_ext/369138285/system_interrupt.o
LOAD build/configRover/production/_ext/369138285/system_exceptions.o
LOAD build/configRover/production/_ext/369138285/system_tasks.o
LOAD build/configRover/production/_ext/369138285/system_interrupt_a.o
LOAD build/configRover/production/_ext/369138285/rtos_hooks.o
LOAD ../../../../microchip/harmony/v1_06/bin/framework/peripheral/PIC32MX795F512L_peripherals.a
                0x00000001                __MPLAB_BUILD = 0x1
                0x00000000                _min_heap_size = 0x0
LOAD /Applications/microchip/xc32/v1.40/bin/bin/../../lib/gcc/pic32mx/4.8.3/../../../../pic32mx/lib/./proc/32MX795F512L/default_isr_vectors.o
LOAD /Applications/microchip/xc32/v1.40/bin/bin/../../lib/gcc/pic32mx/4.8.3/../../../../pic32mx/lib/pic32_software_reset.o
                0x00000400                PROVIDE (_min_stack_size, 0x400)
LOAD /Applications/microchip/xc32/v1.40/bin/bin/../../lib/gcc/pic32mx/4.8.3/../../../../pic32mx/lib/./proc/32MX795F512L/processor.o
START GROUP
LOAD libmchp_peripheral.a
END GROUP
START GROUP
LOAD libmchp_peripheral_32MX795F512L.a
END GROUP
                0x00000001                PROVIDE (_vector_spacing, 0x1)
                0x9fc01000                _ebase_address = 0x9fc01000
                0xbfc00000                _RESET_ADDR = 0xbfc00000
                0xbfc00380                _BEV_EXCPT_ADDR = 0xbfc00380
                0xbfc00480                _DBG_EXCPT_ADDR = 0xbfc00480
                0xbfc02000                _DBG_CODE_ADDR = 0xbfc02000
                0x00000ff0                _DBG_CODE_SIZE = 0xff0
                0x9fc01180                _GEN_EXCPT_ADDR = (_ebase_address + 0x180)

.config_BFC02FF0
                0xbfc02ff0        0x4
 *(.config_BFC02FF0)
 .config_BFC02FF0
                0xbfc02ff0        0x4 build/configRover/production/_ext/369138285/system_init.o

.config_BFC02FF4
                0xbfc02ff4        0x4
 *(.config_BFC02FF4)
 .config_BFC02FF4
                0xbfc02ff4        0x4 build/configRover/production/_ext/369138285/system_init.o

.config_BFC02FF8
                0xbfc02ff8        0x4
 *(.config_BFC02FF8)
 .config_BFC02FF8
                0xbfc02ff8        0x4 build/configRover/production/_ext/369138285/system_init.o

.config_BFC02FFC
                0xbfc02ffc        0x4
 *(.config_BFC02FFC)
 .config_BFC02FFC
                0xbfc02ffc        0x4 build/configRover/production/_ext/369138285/system_init.o
                0xbfc02000                PROVIDE (_DBG_CODE_ADDR, 0xbfc02000)
                0x00000ff0                PROVIDE (_DBG_CODE_SIZE, 0xff0)

.reset          0xbfc00000      0x1f4
 *(.reset)
 .reset         0xbfc00000        0x8 /Applications/microchip/xc32/v1.40/bin/bin/../../lib/gcc/pic32mx/4.8.3/../../../../pic32mx/lib/./proc/32MX795F512L/crt0_mips32r2.o
                0xbfc00000                _reset
 *(.reset.startup)
 .reset.startup
                0xbfc00008      0x1ec /Applications/microchip/xc32/v1.40/bin/bin/../../lib/gcc/pic32mx/4.8.3/../../../../pic32mx/lib/./proc/32MX795F512L/crt0_mips32r2.o

.bev_excpt      0xbfc00380       0x10
 *(.bev_handler)
 .bev_handler   0xbfc00380       0x10 /Applications/microchip/xc32/v1.40/bin/bin/../../lib/gcc/pic32mx/4.8.3/../../../../pic32mx/lib/./proc/32MX795F512L/crt0_mips32r2.o

.dbg_excpt      0xbfc00480        0x0
                0xbfc00480                . = (. + DEFINED (_DEBUGGER)?0x8:0x0)

.dbg_code       0xbfc02000        0x0
                0xbfc02000                . = (. + DEFINED (_DEBUGGER)?_DBG_CODE_SIZE:0x0)

.app_excpt      0x9fc01180       0x10
 *(.gen_handler)
 .gen_handler   0x9fc01180       0x10 /Applications/microchip/xc32/v1.40/bin/bin/../../lib/gcc/pic32mx/4.8.3/../../../../pic32mx/lib/./proc/32MX795F512L/crt0_mips32r2.o

.vector_0       0x9fc01200        0x8
 *(.vector_0)
 .vector_0      0x9fc01200        0x8 /Applications/microchip/xc32/v1.40/bin/bin/../../lib/gcc/pic32mx/4.8.3/../../../../pic32mx/lib/libpic32.a(vector0.o)
                0x9fc01200                __vector_dispatch_0
                0x00000001                ASSERT (((_vector_spacing == 0x0) || (SIZEOF (.vector_0) <= (_vector_spacing << 0x5))), function at exception vector 0 too large)

.vector_1       0x9fc01220        0x8
 *(.vector_1)
 .vector_1      0x9fc01220        0x8 build/configRover/production/_ext/432427763/port.o
                0x9fc01220                __vector_dispatch_1
                0x00000001                ASSERT (((_vector_spacing == 0x0) || (SIZEOF (.vector_1) <= (_vector_spacing << 0x5))), function at exception vector 1 too large)

.vector_2       0x9fc01240        0x8
 *(.vector_2)
 .vector_2      0x9fc01240        0x8 /Applications/microchip/xc32/v1.40/bin/bin/../../lib/gcc/pic32mx/4.8.3/../../../../pic32mx/lib/libpic32.a(vector2.o)
                0x9fc01240                __vector_dispatch_2
                0x00000001                ASSERT (((_vector_spacing == 0x0) || (SIZEOF (.vector_2) <= (_vector_spacing << 0x5))), function at exception vector 2 too large)

.vector_3       0x9fc01260        0x8
 *(.vector_3)
 .vector_3      0x9fc01260        0x8 /Applications/microchip/xc32/v1.40/bin/bin/../../lib/gcc/pic32mx/4.8.3/../../../../pic32mx/lib/libpic32.a(vector3.o)
                0x9fc01260                __vector_dispatch_3
                0x00000001                ASSERT (((_vector_spacing == 0x0) || (SIZEOF (.vector_3) <= (_vector_spacing << 0x5))), function at exception vector 3 too large)

.vector_4       0x9fc01280        0x8
 *(.vector_4)
 .vector_4      0x9fc01280        0x8 build/configRover/production/_ext/432427763/port.o
                0x9fc01280                __vector_dispatch_4
                0x00000001                ASSERT (((_vector_spacing == 0x0) || (SIZEOF (.vector_4) <= (_vector_spacing << 0x5))), function at exception vector 4 too large)

.vector_5       0x9fc012a0        0x8
 *(.vector_5)
 .vector_5      0x9fc012a0        0x8 /Applications/microchip/xc32/v1.40/bin/bin/../../lib/gcc/pic32mx/4.8.3/../../../../pic32mx/lib/libpic32.a(vector5.o)
                0x9fc012a0                __vector_dispatch_5
                0x00000001                ASSERT (((_vector_spacing == 0x0) || (SIZEOF (.vector_5) <= (_vector_spacing << 0x5))), function at exception vector 5 too large)

.vector_6       0x9fc012c0        0x8
 *(.vector_6)
 .vector_6      0x9fc012c0        0x8 /Applications/microchip/xc32/v1.40/bin/bin/../../lib/gcc/pic32mx/4.8.3/../../../../pic32mx/lib/libpic32.a(vector6.o)
                0x9fc012c0                __vector_dispatch_6
                0x00000001                ASSERT (((_vector_spacing == 0x0) || (SIZEOF (.vector_6) <= (_vector_spacing << 0x5))), function at exception vector 6 too large)

.vector_7       0x9fc012e0        0x8
 *(.vector_7)
 .vector_7      0x9fc012e0        0x8 /Applications/microchip/xc32/v1.40/bin/bin/../../lib/gcc/pic32mx/4.8.3/../../../../pic32mx/lib/libpic32.a(vector7.o)
                0x9fc012e0                __vector_dispatch_7
                0x00000001                ASSERT (((_vector_spacing == 0x0) || (SIZEOF (.vector_7) <= (_vector_spacing << 0x5))), function at exception vector 7 too large)

.vector_8       0x9fc01300        0x8
 *(.vector_8)
 .vector_8      0x9fc01300        0x8 /Applications/microchip/xc32/v1.40/bin/bin/../../lib/gcc/pic32mx/4.8.3/../../../../pic32mx/lib/libpic32.a(vector8.o)
                0x9fc01300                __vector_dispatch_8
                0x00000001                ASSERT (((_vector_spacing == 0x0) || (SIZEOF (.vector_8) <= (_vector_spacing << 0x5))), function at exception vector 8 too large)

.vector_9       0x9fc01320        0x8
 *(.vector_9)
 .vector_9      0x9fc01320        0x8 /Applications/microchip/xc32/v1.40/bin/bin/../../lib/gcc/pic32mx/4.8.3/../../../../pic32mx/lib/libpic32.a(vector9.o)
                0x9fc01320                __vector_dispatch_9
                0x00000001                ASSERT (((_vector_spacing == 0x0) || (SIZEOF (.vector_9) <= (_vector_spacing << 0x5))), function at exception vector 9 too large)

.vector_10      0x9fc01340        0x8
 *(.vector_10)
 .vector_10     0x9fc01340        0x8 /Applications/microchip/xc32/v1.40/bin/bin/../../lib/gcc/pic32mx/4.8.3/../../../../pic32mx/lib/libpic32.a(vector10.o)
                0x9fc01340                __vector_dispatch_10
                0x00000001                ASSERT (((_vector_spacing == 0x0) || (SIZEOF (.vector_10) <= (_vector_spacing << 0x5))), function at exception vector 10 too large)

.vector_11      0x9fc01360        0x8
 *(.vector_11)
 .vector_11     0x9fc01360        0x8 /Applications/microchip/xc32/v1.40/bin/bin/../../lib/gcc/pic32mx/4.8.3/../../../../pic32mx/lib/libpic32.a(vector11.o)
                0x9fc01360                __vector_dispatch_11
                0x00000001                ASSERT (((_vector_spacing == 0x0) || (SIZEOF (.vector_11) <= (_vector_spacing << 0x5))), function at exception vector 11 too large)

.vector_12      0x9fc01380        0x8
 *(.vector_12)
 .vector_12     0x9fc01380        0x8 /Applications/microchip/xc32/v1.40/bin/bin/../../lib/gcc/pic32mx/4.8.3/../../../../pic32mx/lib/libpic32.a(vector12.o)
                0x9fc01380                __vector_dispatch_12
                0x00000001                ASSERT (((_vector_spacing == 0x0) || (SIZEOF (.vector_12) <= (_vector_spacing << 0x5))), function at exception vector 12 too large)

.vector_13      0x9fc013a0        0x8
 *(.vector_13)
 .vector_13     0x9fc013a0        0x8 /Applications/microchip/xc32/v1.40/bin/bin/../../lib/gcc/pic32mx/4.8.3/../../../../pic32mx/lib/libpic32.a(vector13.o)
                0x9fc013a0                __vector_dispatch_13
                0x00000001                ASSERT (((_vector_spacing == 0x0) || (SIZEOF (.vector_13) <= (_vector_spacing << 0x5))), function at exception vector 13 too large)

.vector_14      0x9fc013c0        0x8
 *(.vector_14)
 .vector_14     0x9fc013c0        0x8 /Applications/microchip/xc32/v1.40/bin/bin/../../lib/gcc/pic32mx/4.8.3/../../../../pic32mx/lib/libpic32.a(vector14.o)
                0x9fc013c0                __vector_dispatch_14
                0x00000001                ASSERT (((_vector_spacing == 0x0) || (SIZEOF (.vector_14) <= (_vector_spacing << 0x5))), function at exception vector 14 too large)

.vector_15      0x9fc013e0        0x8
 *(.vector_15)
 .vector_15     0x9fc013e0        0x8 /Applications/microchip/xc32/v1.40/bin/bin/../../lib/gcc/pic32mx/4.8.3/../../../../pic32mx/lib/libpic32.a(vector15.o)
                0x9fc013e0                __vector_dispatch_15
                0x00000001                ASSERT (((_vector_spacing == 0x0) || (SIZEOF (.vector_15) <= (_vector_spacing << 0x5))), function at exception vector 15 too large)

.vector_16      0x9fc01400        0x8
 *(.vector_16)
 .vector_16     0x9fc01400        0x8 /Applications/microchip/xc32/v1.40/bin/bin/../../lib/gcc/pic32mx/4.8.3/../../../../pic32mx/lib/libpic32.a(vector16.o)
                0x9fc01400                __vector_dispatch_16
                0x00000001                ASSERT (((_vector_spacing == 0x0) || (SIZEOF (.vector_16) <= (_vector_spacing << 0x5))), function at exception vector 16 too large)

.vector_17      0x9fc01420        0x8
 *(.vector_17)
 .vector_17     0x9fc01420        0x8 /Applications/microchip/xc32/v1.40/bin/bin/../../lib/gcc/pic32mx/4.8.3/../../../../pic32mx/lib/libpic32.a(vector17.o)
                0x9fc01420                __vector_dispatch_17
                0x00000001                ASSERT (((_vector_spacing == 0x0) || (SIZEOF (.vector_17) <= (_vector_spacing << 0x5))), function at exception vector 17 too large)

.vector_18      0x9fc01440        0x8
 *(.vector_18)
 .vector_18     0x9fc01440        0x8 /Applications/microchip/xc32/v1.40/bin/bin/../../lib/gcc/pic32mx/4.8.3/../../../../pic32mx/lib/libpic32.a(vector18.o)
                0x9fc01440                __vector_dispatch_18
                0x00000001                ASSERT (((_vector_spacing == 0x0) || (SIZEOF (.vector_18) <= (_vector_spacing << 0x5))), function at exception vector 18 too large)

.vector_19      0x9fc01460        0x8
 *(.vector_19)
 .vector_19     0x9fc01460        0x8 /Applications/microchip/xc32/v1.40/bin/bin/../../lib/gcc/pic32mx/4.8.3/../../../../pic32mx/lib/libpic32.a(vector19.o)
                0x9fc01460                __vector_dispatch_19
                0x00000001                ASSERT (((_vector_spacing == 0x0) || (SIZEOF (.vector_19) <= (_vector_spacing << 0x5))), function at exception vector 19 too large)

.vector_20      0x9fc01480       0x10
 *(.vector_20)
 .vector_20     0x9fc01480       0x10 build/configRover/production/_ext/369138285/system_interrupt_a.o
                0x9fc01480                __vector_dispatch_20
                0x00000001                ASSERT (((_vector_spacing == 0x0) || (SIZEOF (.vector_20) <= (_vector_spacing << 0x5))), function at exception vector 20 too large)

.vector_21      0x9fc014a0        0x8
 *(.vector_21)
 .vector_21     0x9fc014a0        0x8 /Applications/microchip/xc32/v1.40/bin/bin/../../lib/gcc/pic32mx/4.8.3/../../../../pic32mx/lib/libpic32.a(vector21.o)
                0x9fc014a0                __vector_dispatch_21
                0x00000001                ASSERT (((_vector_spacing == 0x0) || (SIZEOF (.vector_21) <= (_vector_spacing << 0x5))), function at exception vector 21 too large)

.vector_22      0x9fc014c0        0x8
 *(.vector_22)
 .vector_22     0x9fc014c0        0x8 /Applications/microchip/xc32/v1.40/bin/bin/../../lib/gcc/pic32mx/4.8.3/../../../../pic32mx/lib/libpic32.a(vector22.o)
                0x9fc014c0                __vector_dispatch_22
                0x00000001                ASSERT (((_vector_spacing == 0x0) || (SIZEOF (.vector_22) <= (_vector_spacing << 0x5))), function at exception vector 22 too large)

.vector_23      0x9fc014e0        0x8
 *(.vector_23)
 .vector_23     0x9fc014e0        0x8 /Applications/microchip/xc32/v1.40/bin/bin/../../lib/gcc/pic32mx/4.8.3/../../../../pic32mx/lib/libpic32.a(vector23.o)
                0x9fc014e0                __vector_dispatch_23
                0x00000001                ASSERT (((_vector_spacing == 0x0) || (SIZEOF (.vector_23) <= (_vector_spacing << 0x5))), function at exception vector 23 too large)

.vector_24      0x9fc01500       0x10
 *(.vector_24)
 .vector_24     0x9fc01500       0x10 build/configRover/production/_ext/369138285/system_interrupt_a.o
                0x9fc01500                __vector_dispatch_24
                0x00000001                ASSERT (((_vector_spacing == 0x0) || (SIZEOF (.vector_24) <= (_vector_spacing << 0x5))), function at exception vector 24 too large)

.vector_25      0x9fc01520        0x8
 *(.vector_25)
 .vector_25     0x9fc01520        0x8 /Applications/microchip/xc32/v1.40/bin/bin/../../lib/gcc/pic32mx/4.8.3/../../../../pic32mx/lib/libpic32.a(vector25.o)
                0x9fc01520                __vector_dispatch_25
                0x00000001                ASSERT (((_vector_spacing == 0x0) || (SIZEOF (.vector_25) <= (_vector_spacing << 0x5))), function at exception vector 25 too large)

.vector_26      0x9fc01540        0x8
 *(.vector_26)
 .vector_26     0x9fc01540        0x8 /Applications/microchip/xc32/v1.40/bin/bin/../../lib/gcc/pic32mx/4.8.3/../../../../pic32mx/lib/libpic32.a(vector26.o)
                0x9fc01540                __vector_dispatch_26
                0x00000001                ASSERT (((_vector_spacing == 0x0) || (SIZEOF (.vector_26) <= (_vector_spacing << 0x5))), function at exception vector 26 too large)

.vector_27      0x9fc01560        0x8
 *(.vector_27)
 .vector_27     0x9fc01560        0x8 /Applications/microchip/xc32/v1.40/bin/bin/../../lib/gcc/pic32mx/4.8.3/../../../../pic32mx/lib/libpic32.a(vector27.o)
                0x9fc01560                __vector_dispatch_27
                0x00000001                ASSERT (((_vector_spacing == 0x0) || (SIZEOF (.vector_27) <= (_vector_spacing << 0x5))), function at exception vector 27 too large)

.vector_28      0x9fc01580        0x8
 *(.vector_28)
 .vector_28     0x9fc01580        0x8 /Applications/microchip/xc32/v1.40/bin/bin/../../lib/gcc/pic32mx/4.8.3/../../../../pic32mx/lib/libpic32.a(vector28.o)
                0x9fc01580                __vector_dispatch_28
                0x00000001                ASSERT (((_vector_spacing == 0x0) || (SIZEOF (.vector_28) <= (_vector_spacing << 0x5))), function at exception vector 28 too large)

.vector_29      0x9fc015a0        0x8
 *(.vector_29)
 .vector_29     0x9fc015a0        0x8 /Applications/microchip/xc32/v1.40/bin/bin/../../lib/gcc/pic32mx/4.8.3/../../../../pic32mx/lib/libpic32.a(vector29.o)
                0x9fc015a0                __vector_dispatch_29
                0x00000001                ASSERT (((_vector_spacing == 0x0) || (SIZEOF (.vector_29) <= (_vector_spacing << 0x5))), function at exception vector 29 too large)

.vector_30      0x9fc015c0        0x8
 *(.vector_30)
 .vector_30     0x9fc015c0        0x8 /Applications/microchip/xc32/v1.40/bin/bin/../../lib/gcc/pic32mx/4.8.3/../../../../pic32mx/lib/libpic32.a(vector30.o)
                0x9fc015c0                __vector_dispatch_30
                0x00000001                ASSERT (((_vector_spacing == 0x0) || (SIZEOF (.vector_30) <= (_vector_spacing << 0x5))), function at exception vector 30 too large)

.vector_31      0x9fc015e0        0x8
 *(.vector_31)
 .vector_31     0x9fc015e0        0x8 /Applications/microchip/xc32/v1.40/bin/bin/../../lib/gcc/pic32mx/4.8.3/../../../../pic32mx/lib/libpic32.a(vector31.o)
                0x9fc015e0                __vector_dispatch_31
                0x00000001                ASSERT (((_vector_spacing == 0x0) || (SIZEOF (.vector_31) <= (_vector_spacing << 0x5))), function at exception vector 31 too large)

.vector_32      0x9fc01600       0x10
 *(.vector_32)
 .vector_32     0x9fc01600       0x10 build/configRover/production/_ext/369138285/system_interrupt_a.o
                0x9fc01600                __vector_dispatch_32
                0x00000001                ASSERT (((_vector_spacing == 0x0) || (SIZEOF (.vector_32) <= (_vector_spacing << 0x5))), function at exception vector 32 too large)

.vector_33      0x9fc01620        0x8
 *(.vector_33)
 .vector_33     0x9fc01620        0x8 /Applications/microchip/xc32/v1.40/bin/bin/../../lib/gcc/pic32mx/4.8.3/../../../../pic32mx/lib/libpic32.a(vector33.o)
                0x9fc01620                __vector_dispatch_33
                0x00000001                ASSERT (((_vector_spacing == 0x0) || (SIZEOF (.vector_33) <= (_vector_spacing << 0x5))), function at exception vector 33 too large)

.vector_34      0x9fc01640        0x8
 *(.vector_34)
 .vector_34     0x9fc01640        0x8 /Applications/microchip/xc32/v1.40/bin/bin/../../lib/gcc/pic32mx/4.8.3/../../../../pic32mx/lib/libpic32.a(vector34.o)
                0x9fc01640                __vector_dispatch_34
                0x00000001                ASSERT (((_vector_spacing == 0x0) || (SIZEOF (.vector_34) <= (_vector_spacing << 0x5))), function at exception vector 34 too large)

.vector_35      0x9fc01660        0x8
 *(.vector_35)
 .vector_35     0x9fc01660        0x8 /Applications/microchip/xc32/v1.40/bin/bin/../../lib/gcc/pic32mx/4.8.3/../../../../pic32mx/lib/libpic32.a(vector35.o)
                0x9fc01660                __vector_dispatch_35
                0x00000001                ASSERT (((_vector_spacing == 0x0) || (SIZEOF (.vector_35) <= (_vector_spacing << 0x5))), function at exception vector 35 too large)

.vector_36      0x9fc01680        0x8
 *(.vector_36)
 .vector_36     0x9fc01680        0x8 /Applications/microchip/xc32/v1.40/bin/bin/../../lib/gcc/pic32mx/4.8.3/../../../../pic32mx/lib/libpic32.a(vector36.o)
                0x9fc01680                __vector_dispatch_36
                0x00000001                ASSERT (((_vector_spacing == 0x0) || (SIZEOF (.vector_36) <= (_vector_spacing << 0x5))), function at exception vector 36 too large)

.vector_37      0x9fc016a0        0x8
 *(.vector_37)
 .vector_37     0x9fc016a0        0x8 /Applications/microchip/xc32/v1.40/bin/bin/../../lib/gcc/pic32mx/4.8.3/../../../../pic32mx/lib/libpic32.a(vector37.o)
                0x9fc016a0                __vector_dispatch_37
                0x00000001                ASSERT (((_vector_spacing == 0x0) || (SIZEOF (.vector_37) <= (_vector_spacing << 0x5))), function at exception vector 37 too large)

.vector_38      0x9fc016c0        0x8
 *(.vector_38)
 .vector_38     0x9fc016c0        0x8 /Applications/microchip/xc32/v1.40/bin/bin/../../lib/gcc/pic32mx/4.8.3/../../../../pic32mx/lib/libpic32.a(vector38.o)
                0x9fc016c0                __vector_dispatch_38
                0x00000001                ASSERT (((_vector_spacing == 0x0) || (SIZEOF (.vector_38) <= (_vector_spacing << 0x5))), function at exception vector 38 too large)

.vector_39      0x9fc016e0        0x8
 *(.vector_39)
 .vector_39     0x9fc016e0        0x8 /Applications/microchip/xc32/v1.40/bin/bin/../../lib/gcc/pic32mx/4.8.3/../../../../pic32mx/lib/libpic32.a(vector39.o)
                0x9fc016e0                __vector_dispatch_39
                0x00000001                ASSERT (((_vector_spacing == 0x0) || (SIZEOF (.vector_39) <= (_vector_spacing << 0x5))), function at exception vector 39 too large)

.vector_40      0x9fc01700        0x8
 *(.vector_40)
 .vector_40     0x9fc01700        0x8 /Applications/microchip/xc32/v1.40/bin/bin/../../lib/gcc/pic32mx/4.8.3/../../../../pic32mx/lib/libpic32.a(vector40.o)
                0x9fc01700                __vector_dispatch_40
                0x00000001                ASSERT (((_vector_spacing == 0x0) || (SIZEOF (.vector_40) <= (_vector_spacing << 0x5))), function at exception vector 40 too large)

.vector_41      0x9fc01720        0x8
 *(.vector_41)
 .vector_41     0x9fc01720        0x8 /Applications/microchip/xc32/v1.40/bin/bin/../../lib/gcc/pic32mx/4.8.3/../../../../pic32mx/lib/libpic32.a(vector41.o)
                0x9fc01720                __vector_dispatch_41
                0x00000001                ASSERT (((_vector_spacing == 0x0) || (SIZEOF (.vector_41) <= (_vector_spacing << 0x5))), function at exception vector 41 too large)

.vector_42      0x9fc01740        0x8
 *(.vector_42)
 .vector_42     0x9fc01740        0x8 /Applications/microchip/xc32/v1.40/bin/bin/../../lib/gcc/pic32mx/4.8.3/../../../../pic32mx/lib/libpic32.a(vector42.o)
                0x9fc01740                __vector_dispatch_42
                0x00000001                ASSERT (((_vector_spacing == 0x0) || (SIZEOF (.vector_42) <= (_vector_spacing << 0x5))), function at exception vector 42 too large)

.vector_43      0x9fc01760        0x8
 *(.vector_43)
 .vector_43     0x9fc01760        0x8 /Applications/microchip/xc32/v1.40/bin/bin/../../lib/gcc/pic32mx/4.8.3/../../../../pic32mx/lib/libpic32.a(vector43.o)
                0x9fc01760                __vector_dispatch_43
                0x00000001                ASSERT (((_vector_spacing == 0x0) || (SIZEOF (.vector_43) <= (_vector_spacing << 0x5))), function at exception vector 43 too large)

.vector_44      0x9fc01780        0x8
 *(.vector_44)
 .vector_44     0x9fc01780        0x8 /Applications/microchip/xc32/v1.40/bin/bin/../../lib/gcc/pic32mx/4.8.3/../../../../pic32mx/lib/libpic32.a(vector44.o)
                0x9fc01780                __vector_dispatch_44
                0x00000001                ASSERT (((_vector_spacing == 0x0) || (SIZEOF (.vector_44) <= (_vector_spacing << 0x5))), function at exception vector 44 too large)

.vector_45      0x9fc017a0        0x8
 *(.vector_45)
 .vector_45     0x9fc017a0        0x8 /Applications/microchip/xc32/v1.40/bin/bin/../../lib/gcc/pic32mx/4.8.3/../../../../pic32mx/lib/libpic32.a(vector45.o)
                0x9fc017a0                __vector_dispatch_45
                0x00000001                ASSERT (((_vector_spacing == 0x0) || (SIZEOF (.vector_45) <= (_vector_spacing << 0x5))), function at exception vector 45 too large)

.vector_46      0x9fc017c0        0x8
 *(.vector_46)
 .vector_46     0x9fc017c0        0x8 /Applications/microchip/xc32/v1.40/bin/bin/../../lib/gcc/pic32mx/4.8.3/../../../../pic32mx/lib/libpic32.a(vector46.o)
                0x9fc017c0                __vector_dispatch_46
                0x00000001                ASSERT (((_vector_spacing == 0x0) || (SIZEOF (.vector_46) <= (_vector_spacing << 0x5))), function at exception vector 46 too large)

.vector_47      0x9fc017e0        0x8
 *(.vector_47)
 .vector_47     0x9fc017e0        0x8 /Applications/microchip/xc32/v1.40/bin/bin/../../lib/gcc/pic32mx/4.8.3/../../../../pic32mx/lib/libpic32.a(vector47.o)
                0x9fc017e0                __vector_dispatch_47
                0x00000001                ASSERT (((_vector_spacing == 0x0) || (SIZEOF (.vector_47) <= (_vector_spacing << 0x5))), function at exception vector 47 too large)

.vector_48      0x9fc01800        0x8
 *(.vector_48)
 .vector_48     0x9fc01800        0x8 /Applications/microchip/xc32/v1.40/bin/bin/../../lib/gcc/pic32mx/4.8.3/../../../../pic32mx/lib/libpic32.a(vector48.o)
                0x9fc01800                __vector_dispatch_48
                0x00000001                ASSERT (((_vector_spacing == 0x0) || (SIZEOF (.vector_48) <= (_vector_spacing << 0x5))), function at exception vector 48 too large)

.vector_49      0x9fc01820       0x10
 *(.vector_49)
 .vector_49     0x9fc01820       0x10 build/configRover/production/_ext/369138285/system_interrupt_a.o
                0x9fc01820                __vector_dispatch_49
                0x00000001                ASSERT (((_vector_spacing == 0x0) || (SIZEOF (.vector_49) <= (_vector_spacing << 0x5))), function at exception vector 49 too large)

.vector_50      0x9fc01840        0x8
 *(.vector_50)
 .vector_50     0x9fc01840        0x8 /Applications/microchip/xc32/v1.40/bin/bin/../../lib/gcc/pic32mx/4.8.3/../../../../pic32mx/lib/libpic32.a(vector50.o)
                0x9fc01840                __vector_dispatch_50
                0x00000001                ASSERT (((_vector_spacing == 0x0) || (SIZEOF (.vector_50) <= (_vector_spacing << 0x5))), function at exception vector 50 too large)

.vector_51      0x9fc01860        0x8
 *(.vector_51)
 .vector_51     0x9fc01860        0x8 /Applications/microchip/xc32/v1.40/bin/bin/../../lib/gcc/pic32mx/4.8.3/../../../../pic32mx/lib/libpic32.a(vector51.o)
                0x9fc01860                __vector_dispatch_51
                0x00000001                ASSERT (((_vector_spacing == 0x0) || (SIZEOF (.vector_51) <= (_vector_spacing << 0x5))), function at exception vector 51 too large)

.vector_52      0x9fc01880        0x0
 *(.vector_52)
                0x00000001                ASSERT (((_vector_spacing == 0x0) || (SIZEOF (.vector_52) <= (_vector_spacing << 0x5))), function at exception vector 52 too large)

.vector_53      0x9fc018a0        0x0
 *(.vector_53)
                0x00000001                ASSERT (((_vector_spacing == 0x0) || (SIZEOF (.vector_53) <= (_vector_spacing << 0x5))), function at exception vector 53 too large)

.vector_54      0x9fc018c0        0x0
 *(.vector_54)
                0x00000001                ASSERT (((_vector_spacing == 0x0) || (SIZEOF (.vector_54) <= (_vector_spacing << 0x5))), function at exception vector 54 too large)

.vector_55      0x9fc018e0        0x0
 *(.vector_55)
                0x00000001                ASSERT (((_vector_spacing == 0x0) || (SIZEOF (.vector_55) <= (_vector_spacing << 0x5))), function at exception vector 55 too large)

.vector_56      0x9fc01900        0x0
 *(.vector_56)
                0x00000001                ASSERT (((_vector_spacing == 0x0) || (SIZEOF (.vector_56) <= (_vector_spacing << 0x5))), function at exception vector 56 too large)

.vector_57      0x9fc01920        0x0
 *(.vector_57)
                0x00000001                ASSERT (((_vector_spacing == 0x0) || (SIZEOF (.vector_57) <= (_vector_spacing << 0x5))), function at exception vector 57 too large)

.vector_58      0x9fc01940        0x0
 *(.vector_58)
                0x00000001                ASSERT (((_vector_spacing == 0x0) || (SIZEOF (.vector_58) <= (_vector_spacing << 0x5))), function at exception vector 58 too large)

.vector_59      0x9fc01960        0x0
 *(.vector_59)
                0x00000001                ASSERT (((_vector_spacing == 0x0) || (SIZEOF (.vector_59) <= (_vector_spacing << 0x5))), function at exception vector 59 too large)

.vector_60      0x9fc01980        0x0
 *(.vector_60)
                0x00000001                ASSERT (((_vector_spacing == 0x0) || (SIZEOF (.vector_60) <= (_vector_spacing << 0x5))), function at exception vector 60 too large)

.vector_61      0x9fc019a0        0x0
 *(.vector_61)
                0x00000001                ASSERT (((_vector_spacing == 0x0) || (SIZEOF (.vector_61) <= (_vector_spacing << 0x5))), function at exception vector 61 too large)

.vector_62      0x9fc019c0        0x0
 *(.vector_62)
                0x00000001                ASSERT (((_vector_spacing == 0x0) || (SIZEOF (.vector_62) <= (_vector_spacing << 0x5))), function at exception vector 62 too large)

.vector_63      0x9fc019e0        0x0
 *(.vector_63)
                0x00000001                ASSERT (((_vector_spacing == 0x0) || (SIZEOF (.vector_63) <= (_vector_spacing << 0x5))), function at exception vector 63 too large)

.startup
 *(.startup)

.text           0x9d000000        0x0
 *(.stub .gnu.linkonce.t.*)
 *(.text.*personality*)
 *(.mips16.fn.*)
 *(.mips16.call.*)
 *(.gnu.warning)
                0x9d000000                . = ALIGN (0x4)

.init           0x9d000000        0x0
 *crti.o(.init)
 *crtbegin.o(.init)
 *(EXCLUDE_FILE(*crtn.o *crtend?.o *crtend.o) .init)
 *crtend.o(.init)
 *crtn.o(.init)
                0x9d000000                . = ALIGN (0x4)

.fini           0x9d000000        0x0
 *(.fini)
                0x9d000000                . = ALIGN (0x4)

.preinit_array  0x9d000000        0x0
                0x9d000000                PROVIDE (__preinit_array_start, .)
 *(.preinit_array)
                0x9d000000                PROVIDE (__preinit_array_end, .)
                0x9d000000                . = ALIGN (0x4)

.init_array     0x9d000000        0x0
                0x9d000000                PROVIDE (__init_array_start, .)
 *(SORT(.init_array.*))
 *(.init_array)
                0x9d000000                PROVIDE (__init_array_end, .)
                0x9d000000                . = ALIGN (0x4)

.fini_array     0x9d000000        0x0
                0x9d000000                PROVIDE (__fini_array_start, .)
 *(SORT(.fini_array.*))
 *(.fini_array)
                0x9d000000                PROVIDE (__fini_array_end, .)
                0x9d000000                . = ALIGN (0x4)

.ctors          0x9d000000        0x0
 *crtbegin.o(.ctors)
 *crtbegin?.o(.ctors)
 *(EXCLUDE_FILE(*crtend?.o *crtend.o) .ctors)
 *(SORT(.ctors.*))
 *(.ctors)
                0x9d000000                . = ALIGN (0x4)

.dtors          0x9d000000        0x0
 *crtbegin.o(.dtors)
 *crtbegin?.o(.dtors)
 *(EXCLUDE_FILE(*crtend?.o *crtend.o) .dtors)
 *(SORT(.dtors.*))
 *(.dtors)
                0x9d000000                . = ALIGN (0x4)

.rodata         0x9d000000        0x0
 *(.gnu.linkonce.r.*)
 *(.rodata1)
                0x9d000000                . = ALIGN (0x4)

.sdata2         0x9fc00490        0x0
 *(.sdata2 .sdata2.* .gnu.linkonce.s2.*)
                0x9fc00490                . = ALIGN (0x4)

.sbss2          0x9fc00490        0x0
 *(.sbss2 .sbss2.* .gnu.linkonce.sb2.*)
                0x9fc00490                . = ALIGN (0x4)

.eh_frame_hdr
 *(.eh_frame_hdr)
                0x9fc00490                . = ALIGN (0x4)

.eh_frame
 *(.eh_frame)
                0x9fc00490                . = ALIGN (0x4)

.gcc_except_table
 *(.gcc_except_table .gcc_except_table.*)
                0x9fc00490                . = ALIGN (0x4)

.dbg_data       0xa0000000        0x0
                0xa0000000                . = (. + DEFINED (_DEBUGGER)?0x200:0x0)

.jcr            0xa0000000        0x0
 *(.jcr)
                0xa0000000                . = ALIGN (0x4)

.eh_frame
 *(.eh_frame)
                0xa0000000                . = ALIGN (0x4)

.gcc_except_table
 *(.gcc_except_table .gcc_except_table.*)
                0xa0000000                . = ALIGN (0x4)

.persist        0xa0000000        0x0
                0xa0000000                _persist_begin = .
 *(.persist .persist.*)
 *(.pbss .pbss.*)
                0xa0000000                . = ALIGN (0x4)
                0xa0000000                _persist_end = .

.data           0xa0000000        0x0
 *(.gnu.linkonce.d.*)
 *(.data1)
                0xa0000000                . = ALIGN (0x4)
                0xa0000000                . = .
                0xa0007ff0                _gp = (ALIGN (0x10) + 0x7ff0)

.got            0xa0000000        0x0
 *(.got.plt)
 *(.got)
                0xa0000000                . = ALIGN (0x4)

.sdata          0xa0000000        0xc
                0xa0000000                _sdata_begin = .
 *(.sdata .sdata.* .gnu.linkonce.s.*)
 .sdata         0xa0000000        0x4 build/configRover/production/_ext/1209819165/tasks.o
 .sdata         0xa0000004        0x4 build/configRover/production/_ext/432427763/port.o
                0xa0000004                uxInterruptNesting
 .sdata         0xa0000008        0x4 /Applications/microchip/xc32/v1.40/bin/bin/../../lib/gcc/pic32mx/4.8.3/../../../../pic32mx/lib/libpic32.a(xc32_uart.o)
                0xa0000008                __XC_UART
                0xa000000c                . = ALIGN (0x4)
                0xa000000c                _sdata_end = .

.lit8
 *(.lit8)

.lit4
 *(.lit4)
                0xa000000c                . = ALIGN (0x4)
                0xa000000c                _data_end = .
                0xa000000c                _bss_begin = .

.sbss           0xa000000c       0x6c
                0xa000000c                _sbss_begin = .
 *(.dynsbss)
 *(.sbss .sbss.* .gnu.linkonce.sb.*)
 .sbss          0xa000000c       0x34 build/configRover/production/_ext/1209819165/tasks.o
                0xa000000c                pxCurrentTCB
 .sbss          0xa0000040       0x10 build/configRover/production/_ext/1209819165/timers.o
 .sbss          0xa0000050        0x8 build/configRover/production/_ext/1343652704/heap_1.o
 .sbss          0xa0000058        0x4 build/configRover/production/_ext/432427763/port.o
                0xa0000058                uxSavedTaskStackPointer
 .sbss          0xa000005c        0xc build/configRover/production/_ext/369138285/system_exceptions.o
 *(.scommon)
 .scommon       0xa0000068        0x8 build/configRover/production/_ext/1044950436/sys_devcon.o
                0xa0000068                sysDevconObj
 .scommon       0xa0000070        0x8 build/configRover/production/_ext/369138285/system_init.o
                0xa0000070                sysObj
                0xa0000078                _sbss_end = .
                0xa0000078                . = ALIGN (0x4)

.bss            0xa0000078       0xcc
 *(.dynbss)
 *(COMMON)
 COMMON         0xa0000078       0x5c build/configRover/production/_ext/1360937237/communication.o
                0xa0000078                testData
                0xa0000090                communicationData
 COMMON         0xa00000d4       0x48 build/configRover/production/_ext/1360937237/sensorCommunication.o
                0xa00000d4                sensorcommunicationData
 COMMON         0xa000011c       0x28 build/configRover/production/_ext/1360937237/motor.o
                0xa000011c                motorData
                0xa0000144                . = ALIGN ((. != 0x0)?0x4:0x1)
                0xa0000144                . = ALIGN (0x4)
                0xa0000144                _end = .
                0xa0000144                _bss_end = .
                0x00020000                _bmxdudba_address = 0x20000
                0x00020000                _bmxdupba_address = 0x20000

/DISCARD/
 *(.pdr)
 *(.rel.dyn)
 *(.note.GNU-stack)
 *(.note.GNU-stack)
 *(.gnu_debuglink)
 *(.gnu.lto_*)
 *(.discard)

.gptab.sdata
 *(.gptab.data)
 *(.gptab.sdata)

.gptab.sbss
 *(.gptab.bss)
 *(.gptab.sbss)

.mdebug.abi32   0xa0000144        0x0
 *(.mdebug.abi32)
 .mdebug.abi32  0xa0000144        0x0 build/configRover/production/_ext/1360937237/communication.o
 .mdebug.abi32  0xa0000144        0x0 build/configRover/production/_ext/1360937237/main.o
 .mdebug.abi32  0xa0000144        0x0 build/configRover/production/_ext/1360937237/sensorCommunication.o
 .mdebug.abi32  0xa0000144        0x0 build/configRover/production/_ext/1360937237/motor.o
 .mdebug.abi32  0xa0000144        0x0 build/configRover/production/_ext/1536116519/debug.o
 .mdebug.abi32  0xa0000144        0x0 build/configRover/production/_ext/1360937237/timer.o
 .mdebug.abi32  0xa0000144        0x0 build/configRover/production/_ext/2006758146/osal_freertos.o
 .mdebug.abi32  0xa0000144        0x0 build/configRover/production/_ext/1044950436/sys_devcon.o
 .mdebug.abi32  0xa0000144        0x0 build/configRover/production/_ext/1044950436/sys_devcon_pic32mx.o
 .mdebug.abi32  0xa0000144        0x0 build/configRover/production/_ext/443798654/sys_int_pic32.o
 .mdebug.abi32  0xa0000144        0x0 build/configRover/production/_ext/885213861/sys_ports.o
 .mdebug.abi32  0xa0000144        0x0 build/configRover/production/_ext/1209819165/croutine.o
 .mdebug.abi32  0xa0000144        0x0 build/configRover/production/_ext/1209819165/list.o
 .mdebug.abi32  0xa0000144        0x0 build/configRover/production/_ext/1209819165/queue.o
 .mdebug.abi32  0xa0000144        0x0 build/configRover/production/_ext/1209819165/tasks.o
 .mdebug.abi32  0xa0000144        0x0 build/configRover/production/_ext/1209819165/timers.o
 .mdebug.abi32  0xa0000144        0x0 build/configRover/production/_ext/1209819165/event_groups.o
 .mdebug.abi32  0xa0000144        0x0 build/configRover/production/_ext/1343652704/heap_1.o
 .mdebug.abi32  0xa0000144        0x0 build/configRover/production/_ext/432427763/port.o
 .mdebug.abi32  0xa0000144        0x0 build/configRover/production/_ext/1797679462/drv_tmr_static.o
 .mdebug.abi32  0xa0000144        0x0 build/configRover/production/_ext/1532176561/drv_usart_static.o
 .mdebug.abi32  0xa0000144        0x0 build/configRover/production/_ext/249367850/sys_clk_static.o
 .mdebug.abi32  0xa0000144        0x0 build/configRover/production/_ext/1926720346/sys_ports_static.o
 .mdebug.abi32  0xa0000144        0x0 build/configRover/production/_ext/369138285/system_init.o
 .mdebug.abi32  0xa0000144        0x0 build/configRover/production/_ext/369138285/system_interrupt.o
 .mdebug.abi32  0xa0000144        0x0 build/configRover/production/_ext/369138285/system_exceptions.o
 .mdebug.abi32  0xa0000144        0x0 build/configRover/production/_ext/369138285/system_tasks.o
 .mdebug.abi32  0xa0000144        0x0 build/configRover/production/_ext/369138285/rtos_hooks.o
 .mdebug.abi32  0xa0000144        0x0 /Applications/microchip/xc32/v1.40/bin/bin/../../lib/gcc/pic32mx/4.8.3/../../../../pic32mx/lib/libpic32.a(default-bootstrap-exception-handler.o)
 .mdebug.abi32  0xa0000144        0x0 /Applications/microchip/xc32/v1.40/bin/bin/../../lib/gcc/pic32mx/4.8.3/../../../../pic32mx/lib/libpic32.a(default-on-reset.o)
 .mdebug.abi32  0xa0000144        0x0 /Applications/microchip/xc32/v1.40/bin/bin/../../lib/gcc/pic32mx/4.8.3/../../../../pic32mx/lib/libpic32.a(default-on-bootstrap.o)
 .mdebug.abi32  0xa0000144        0x0 /Applications/microchip/xc32/v1.40/bin/bin/../../lib/gcc/pic32mx/4.8.3/../../../../pic32mx/lib/libpic32.a(defaultinterrupt.o)
 .mdebug.abi32  0xa0000144        0x0 /Applications/microchip/xc32/v1.40/bin/bin/../../lib/gcc/pic32mx/4.8.3/../../../../pic32mx/lib/libc.a(sprintf_cdnopuxX.eo)
 .mdebug.abi32  0xa0000144        0x0 /Applications/microchip/xc32/v1.40/bin/bin/../../lib/gcc/pic32mx/4.8.3/../../../../pic32mx/lib/libc.a(doprnt_cdnopuxX.eo)
 .mdebug.abi32  0xa0000144        0x0 /Applications/microchip/xc32/v1.40/bin/bin/../../lib/gcc/pic32mx/4.8.3/../../../../pic32mx/lib/libc.a(_fputc_simple.o)
 .mdebug.abi32  0xa0000144        0x0 /Applications/microchip/xc32/v1.40/bin/bin/../../lib/gcc/pic32mx/4.8.3/../../../../pic32mx/lib/libc.a(ctype.o)
 .mdebug.abi32  0xa0000144        0x0 /Applications/microchip/xc32/v1.40/bin/bin/../../lib/gcc/pic32mx/4.8.3/../../../../pic32mx/lib/libc.a(_iob.o)
 .mdebug.abi32  0xa0000144        0x0 /Applications/microchip/xc32/v1.40/bin/bin/../../lib/gcc/pic32mx/4.8.3/../../../../pic32mx/lib/libc.a(_flsbuf_simple.o)
 .mdebug.abi32  0xa0000144        0x0 /Applications/microchip/xc32/v1.40/bin/bin/../../lib/gcc/pic32mx/4.8.3/../../../../pic32mx/lib/libpic32.a(write.o)
 .mdebug.abi32  0xa0000144        0x0 /Applications/microchip/xc32/v1.40/bin/bin/../../lib/gcc/pic32mx/4.8.3/../../../../pic32mx/lib/libpic32.a(_mon_putc.o)
 .mdebug.abi32  0xa0000144        0x0 /Applications/microchip/xc32/v1.40/bin/bin/../../lib/gcc/pic32mx/4.8.3/../../../../pic32mx/lib/libpic32.a(xc32_uart.o)
 .mdebug.abi32  0xa0000144        0x0 /Applications/microchip/xc32/v1.40/bin/bin/../../lib/gcc/pic32mx/4.8.3/libgcc.a(_udivdi3.o)
 .mdebug.abi32  0xa0000144        0x0 /Applications/microchip/xc32/v1.40/bin/bin/../../lib/gcc/pic32mx/4.8.3/libgcc.a(_umoddi3.o)

.mdebug.abiN32
 *(.mdebug.abiN32)

.mdebug.abi64
 *(.mdebug.abi64)

.mdebug.abiO64
 *(.mdebug.abiO64)

.mdebug.eabi32
 *(.mdebug.eabi32)

.mdebug.eabi64
 *(.mdebug.eabi64)

.gcc_compiled_long32
 *(.gcc_compiled_long32)

.gcc_compiled_long64
 *(.gcc_compiled_long64)

.stab
 *(.stab)

.stabstr
 *(.stabstr)

.stab.excl
 *(.stab.excl)

.stab.exclstr
 *(.stab.exclstr)

.stab.index
 *(.stab.index)

.stab.indexstr
 *(.stab.indexstr)

.comment        0x00000000       0xba
 *(.comment)
 .comment       0x00000000       0x3c build/configRover/production/_ext/1360937237/communication.o
                                 0x3d (size before relaxing)
 .comment       0x00000000       0x3d build/configRover/production/_ext/1360937237/main.o
 .comment       0x00000000       0x3d build/configRover/production/_ext/1360937237/sensorCommunication.o
 .comment       0x00000000       0x3d build/configRover/production/_ext/1360937237/motor.o
 .comment       0x00000000       0x3d build/configRover/production/_ext/1536116519/debug.o
 .comment       0x00000000       0x3d build/configRover/production/_ext/1360937237/timer.o
 .comment       0x00000000       0x3d build/configRover/production/_ext/2006758146/osal_freertos.o
 .comment       0x00000000       0x3d build/configRover/production/_ext/1044950436/sys_devcon.o
 .comment       0x00000000       0x3d build/configRover/production/_ext/1044950436/sys_devcon_pic32mx.o
 .comment       0x00000000       0x3d build/configRover/production/_ext/443798654/sys_int_pic32.o
 .comment       0x00000000       0x3d build/configRover/production/_ext/885213861/sys_ports.o
 .comment       0x00000000       0x3d build/configRover/production/_ext/1209819165/croutine.o
 .comment       0x00000000       0x3d build/configRover/production/_ext/1209819165/list.o
 .comment       0x00000000       0x3d build/configRover/production/_ext/1209819165/queue.o
 .comment       0x00000000       0x3d build/configRover/production/_ext/1209819165/tasks.o
 .comment       0x00000000       0x3d build/configRover/production/_ext/1209819165/timers.o
 .comment       0x00000000       0x3d build/configRover/production/_ext/1209819165/event_groups.o
 .comment       0x00000000       0x3d build/configRover/production/_ext/1343652704/heap_1.o
 .comment       0x00000000       0x3d build/configRover/production/_ext/432427763/port.o
 .comment       0x00000000       0x3d build/configRover/production/_ext/1797679462/drv_tmr_static.o
 .comment       0x00000000       0x3d build/configRover/production/_ext/1532176561/drv_usart_static.o
 .comment       0x00000000       0x3d build/configRover/production/_ext/249367850/sys_clk_static.o
 .comment       0x00000000       0x3d build/configRover/production/_ext/1926720346/sys_ports_static.o
 .comment       0x00000000       0x3d build/configRover/production/_ext/369138285/system_init.o
 .comment       0x00000000       0x3d build/configRover/production/_ext/369138285/system_interrupt.o
 .comment       0x00000000       0x3d build/configRover/production/_ext/369138285/system_exceptions.o
 .comment       0x00000000       0x3d build/configRover/production/_ext/369138285/system_tasks.o
 .comment       0x00000000       0x3d build/configRover/production/_ext/369138285/rtos_hooks.o
 .comment       0x0000003c       0x18 /Applications/microchip/xc32/v1.40/bin/bin/../../lib/gcc/pic32mx/4.8.3/../../../../pic32mx/lib/libpic32.a(memset.o)
                                 0x19 (size before relaxing)
 .comment       0x00000000       0x3d /Applications/microchip/xc32/v1.40/bin/bin/../../lib/gcc/pic32mx/4.8.3/../../../../pic32mx/lib/libpic32.a(default-bootstrap-exception-handler.o)
 .comment       0x00000000       0x3d /Applications/microchip/xc32/v1.40/bin/bin/../../lib/gcc/pic32mx/4.8.3/../../../../pic32mx/lib/libpic32.a(default-on-reset.o)
 .comment       0x00000000       0x3d /Applications/microchip/xc32/v1.40/bin/bin/../../lib/gcc/pic32mx/4.8.3/../../../../pic32mx/lib/libpic32.a(default-on-bootstrap.o)
 .comment       0x00000054       0x18 /Applications/microchip/xc32/v1.40/bin/bin/../../lib/gcc/pic32mx/4.8.3/../../../../pic32mx/lib/libpic32.a(memcmp.o)
                                 0x19 (size before relaxing)
 .comment       0x00000000       0x3d /Applications/microchip/xc32/v1.40/bin/bin/../../lib/gcc/pic32mx/4.8.3/../../../../pic32mx/lib/libpic32.a(defaultinterrupt.o)
 .comment       0x00000000       0x3d /Applications/microchip/xc32/v1.40/bin/bin/../../lib/gcc/pic32mx/4.8.3/../../../../pic32mx/lib/libc.a(sprintf_cdnopuxX.eo)
 .comment       0x00000000       0x3d /Applications/microchip/xc32/v1.40/bin/bin/../../lib/gcc/pic32mx/4.8.3/../../../../pic32mx/lib/libc.a(doprnt_cdnopuxX.eo)
 .comment       0x00000000       0x3d /Applications/microchip/xc32/v1.40/bin/bin/../../lib/gcc/pic32mx/4.8.3/../../../../pic32mx/lib/libc.a(_fputc_simple.o)
 .comment       0x0000006c       0x4e /Applications/microchip/xc32/v1.40/bin/bin/../../lib/gcc/pic32mx/4.8.3/../../../../pic32mx/lib/libc.a(ctype.o)
                                 0x8b (size before relaxing)
 .comment       0x00000000       0x3d /Applications/microchip/xc32/v1.40/bin/bin/../../lib/gcc/pic32mx/4.8.3/../../../../pic32mx/lib/libc.a(_iob.o)
 .comment       0x00000000       0x3d /Applications/microchip/xc32/v1.40/bin/bin/../../lib/gcc/pic32mx/4.8.3/../../../../pic32mx/lib/libc.a(_flsbuf_simple.o)
 .comment       0x00000000       0x3d /Applications/microchip/xc32/v1.40/bin/bin/../../lib/gcc/pic32mx/4.8.3/../../../../pic32mx/lib/libpic32.a(write.o)
 .comment       0x00000000       0x3d /Applications/microchip/xc32/v1.40/bin/bin/../../lib/gcc/pic32mx/4.8.3/../../../../pic32mx/lib/libpic32.a(_mon_putc.o)
 .comment       0x00000000       0x3d /Applications/microchip/xc32/v1.40/bin/bin/../../lib/gcc/pic32mx/4.8.3/../../../../pic32mx/lib/libpic32.a(xc32_uart.o)
 .comment       0x00000000       0x3d /Applications/microchip/xc32/v1.40/bin/bin/../../lib/gcc/pic32mx/4.8.3/libgcc.a(_udivdi3.o)
 .comment       0x00000000       0x3d /Applications/microchip/xc32/v1.40/bin/bin/../../lib/gcc/pic32mx/4.8.3/libgcc.a(_umoddi3.o)

.debug
 *(.debug)

.line
 *(.line)

.debug_srcinfo
 *(.debug_srcinfo)

.debug_sfnames
 *(.debug_sfnames)

.debug_aranges  0x00000000      0xbf8
 *(.debug_aranges)
 .debug_aranges
                0x00000000       0x78 build/configRover/production/_ext/1360937237/communication.o
 .debug_aranges
                0x00000078       0x20 build/configRover/production/_ext/1360937237/main.o
 .debug_aranges
                0x00000098       0x50 build/configRover/production/_ext/1360937237/sensorCommunication.o
 .debug_aranges
                0x000000e8       0x40 build/configRover/production/_ext/1360937237/motor.o
 .debug_aranges
                0x00000128       0x50 build/configRover/production/_ext/1536116519/debug.o
 .debug_aranges
                0x00000178       0x28 build/configRover/production/_ext/1360937237/timer.o
 .debug_aranges
                0x000001a0       0x88 build/configRover/production/_ext/2006758146/osal_freertos.o
 .debug_aranges
                0x00000228       0x78 build/configRover/production/_ext/1044950436/sys_devcon.o
 .debug_aranges
                0x000002a0       0x20 build/configRover/production/_ext/1044950436/sys_devcon_pic32mx.o
 .debug_aranges
                0x000002c0       0x48 build/configRover/production/_ext/443798654/sys_int_pic32.o
 .debug_aranges
                0x00000308       0xf8 build/configRover/production/_ext/885213861/sys_ports.o
 .debug_aranges
                0x00000400       0x18 build/configRover/production/_ext/1209819165/croutine.o
 .debug_aranges
                0x00000418       0x40 build/configRover/production/_ext/1209819165/list.o
 .debug_aranges
                0x00000458       0xb8 build/configRover/production/_ext/1209819165/queue.o
 .debug_aranges
                0x00000510      0x178 build/configRover/production/_ext/1209819165/tasks.o
 .debug_aranges
                0x00000688       0x70 build/configRover/production/_ext/1209819165/timers.o
 .debug_aranges
                0x000006f8       0x60 build/configRover/production/_ext/1209819165/event_groups.o
 .debug_aranges
                0x00000758       0x38 build/configRover/production/_ext/1343652704/heap_1.o
 .debug_aranges
                0x00000790       0x58 build/configRover/production/_ext/432427763/port.o
 .debug_aranges
                0x000007e8       0x20 build/configRover/production/_ext/432427763/port_asm.o
 .debug_aranges
                0x00000808       0x78 build/configRover/production/_ext/1797679462/drv_tmr_static.o
 .debug_aranges
                0x00000880       0x68 build/configRover/production/_ext/1532176561/drv_usart_static.o
 .debug_aranges
                0x000008e8       0x38 build/configRover/production/_ext/249367850/sys_clk_static.o
 .debug_aranges
                0x00000920       0x20 build/configRover/production/_ext/1926720346/sys_ports_static.o
 .debug_aranges
                0x00000940       0x20 build/configRover/production/_ext/369138285/system_init.o
 .debug_aranges
                0x00000960       0x38 build/configRover/production/_ext/369138285/system_interrupt.o
 .debug_aranges
                0x00000998       0x20 build/configRover/production/_ext/369138285/system_exceptions.o
 .debug_aranges
                0x000009b8       0x40 build/configRover/production/_ext/369138285/system_tasks.o
 .debug_aranges
                0x000009f8       0x58 build/configRover/production/_ext/369138285/system_interrupt_a.o
 .debug_aranges
                0x00000a50       0x28 build/configRover/production/_ext/369138285/rtos_hooks.o
 .debug_aranges
                0x00000a78       0x20 /Applications/microchip/xc32/v1.40/bin/bin/../../lib/gcc/pic32mx/4.8.3/../../../../pic32mx/lib/libpic32.a(default-bootstrap-exception-handler.o)
 .debug_aranges
                0x00000a98       0x20 /Applications/microchip/xc32/v1.40/bin/bin/../../lib/gcc/pic32mx/4.8.3/../../../../pic32mx/lib/libpic32.a(default-on-reset.o)
 .debug_aranges
                0x00000ab8       0x20 /Applications/microchip/xc32/v1.40/bin/bin/../../lib/gcc/pic32mx/4.8.3/../../../../pic32mx/lib/libpic32.a(default-on-bootstrap.o)
 .debug_aranges
                0x00000ad8       0x20 /Applications/microchip/xc32/v1.40/bin/bin/../../lib/gcc/pic32mx/4.8.3/../../../../pic32mx/lib/libpic32.a(defaultinterrupt.o)
 .debug_aranges
                0x00000af8       0x20 /Applications/microchip/xc32/v1.40/bin/bin/../../lib/gcc/pic32mx/4.8.3/../../../../pic32mx/lib/libc.a(sprintf_cdnopuxX.eo)
 .debug_aranges
                0x00000b18       0x20 /Applications/microchip/xc32/v1.40/bin/bin/../../lib/gcc/pic32mx/4.8.3/../../../../pic32mx/lib/libc.a(doprnt_cdnopuxX.eo)
 .debug_aranges
                0x00000b38       0x20 /Applications/microchip/xc32/v1.40/bin/bin/../../lib/gcc/pic32mx/4.8.3/../../../../pic32mx/lib/libc.a(_fputc_simple.o)
 .debug_aranges
                0x00000b58       0x20 /Applications/microchip/xc32/v1.40/bin/bin/../../lib/gcc/pic32mx/4.8.3/../../../../pic32mx/lib/libc.a(_flsbuf_simple.o)
 .debug_aranges
                0x00000b78       0x20 /Applications/microchip/xc32/v1.40/bin/bin/../../lib/gcc/pic32mx/4.8.3/../../../../pic32mx/lib/libpic32.a(write.o)
 .debug_aranges
                0x00000b98       0x20 /Applications/microchip/xc32/v1.40/bin/bin/../../lib/gcc/pic32mx/4.8.3/../../../../pic32mx/lib/libpic32.a(_mon_putc.o)
 .debug_aranges
                0x00000bb8       0x20 /Applications/microchip/xc32/v1.40/bin/bin/../../lib/gcc/pic32mx/4.8.3/libgcc.a(_udivdi3.o)
 .debug_aranges
                0x00000bd8       0x20 /Applications/microchip/xc32/v1.40/bin/bin/../../lib/gcc/pic32mx/4.8.3/libgcc.a(_umoddi3.o)

.debug_pubnames
 *(.debug_pubnames)

.debug_info     0x00000000    0x23cb6
 *(.debug_info .gnu.linkonce.wi.*)
 .debug_info    0x00000000     0x23ff build/configRover/production/_ext/1360937237/communication.o
 .debug_info    0x000023ff      0x1c1 build/configRover/production/_ext/1360937237/main.o
 .debug_info    0x000025c0     0x2063 build/configRover/production/_ext/1360937237/sensorCommunication.o
 .debug_info    0x00004623     0x1711 build/configRover/production/_ext/1360937237/motor.o
 .debug_info    0x00005d34      0xd08 build/configRover/production/_ext/1536116519/debug.o
 .debug_info    0x00006a3c      0x9c9 build/configRover/production/_ext/1360937237/timer.o
 .debug_info    0x00007405      0xabd build/configRover/production/_ext/2006758146/osal_freertos.o
 .debug_info    0x00007ec2     0x10ab build/configRover/production/_ext/1044950436/sys_devcon.o
 .debug_info    0x00008f6d      0xd82 build/configRover/production/_ext/1044950436/sys_devcon_pic32mx.o
 .debug_info    0x00009cef     0x15e9 build/configRover/production/_ext/443798654/sys_int_pic32.o
 .debug_info    0x0000b2d8     0x326c build/configRover/production/_ext/885213861/sys_ports.o
 .debug_info    0x0000e544      0x19e build/configRover/production/_ext/1209819165/croutine.o
 .debug_info    0x0000e6e2      0x4a2 build/configRover/production/_ext/1209819165/list.o
 .debug_info    0x0000eb84     0x1853 build/configRover/production/_ext/1209819165/queue.o
 .debug_info    0x000103d7     0x29db build/configRover/production/_ext/1209819165/tasks.o
 .debug_info    0x00012db2     0x1526 build/configRover/production/_ext/1209819165/timers.o
 .debug_info    0x000142d8      0xd70 build/configRover/production/_ext/1209819165/event_groups.o
 .debug_info    0x00015048      0x3a2 build/configRover/production/_ext/1343652704/heap_1.o
 .debug_info    0x000153ea     0x11cd build/configRover/production/_ext/432427763/port.o
 .debug_info    0x000165b7       0xec build/configRover/production/_ext/432427763/port_asm.o
 .debug_info    0x000166a3     0x2567 build/configRover/production/_ext/1797679462/drv_tmr_static.o
 .debug_info    0x00018c0a     0x3c7e build/configRover/production/_ext/1532176561/drv_usart_static.o
 .debug_info    0x0001c888     0x10d2 build/configRover/production/_ext/249367850/sys_clk_static.o
 .debug_info    0x0001d95a      0xcd9 build/configRover/production/_ext/1926720346/sys_ports_static.o
 .debug_info    0x0001e633      0xda9 build/configRover/production/_ext/369138285/system_init.o
 .debug_info    0x0001f3dc     0x1b30 build/configRover/production/_ext/369138285/system_interrupt.o
 .debug_info    0x00020f0c      0x7d8 build/configRover/production/_ext/369138285/system_exceptions.o
 .debug_info    0x000216e4      0xc43 build/configRover/production/_ext/369138285/system_tasks.o
 .debug_info    0x00022327       0xb7 build/configRover/production/_ext/369138285/system_interrupt_a.o
 .debug_info    0x000223de      0x26d build/configRover/production/_ext/369138285/rtos_hooks.o
 .debug_info    0x0002264b       0xe3 /Applications/microchip/xc32/v1.40/bin/bin/../../lib/gcc/pic32mx/4.8.3/../../../../pic32mx/lib/libpic32.a(default-bootstrap-exception-handler.o)
 .debug_info    0x0002272e       0xbd /Applications/microchip/xc32/v1.40/bin/bin/../../lib/gcc/pic32mx/4.8.3/../../../../pic32mx/lib/libpic32.a(default-on-reset.o)
 .debug_info    0x000227eb       0xc5 /Applications/microchip/xc32/v1.40/bin/bin/../../lib/gcc/pic32mx/4.8.3/../../../../pic32mx/lib/libpic32.a(default-on-bootstrap.o)
 .debug_info    0x000228b0       0xd7 /Applications/microchip/xc32/v1.40/bin/bin/../../lib/gcc/pic32mx/4.8.3/../../../../pic32mx/lib/libpic32.a(defaultinterrupt.o)
 .debug_info    0x00022987       0xc2 /Applications/microchip/xc32/v1.40/bin/bin/../../lib/gcc/pic32mx/4.8.3/../../../../pic32mx/lib/libc.a(sprintf_cdnopuxX.eo)
 .debug_info    0x00022a49       0xc3 /Applications/microchip/xc32/v1.40/bin/bin/../../lib/gcc/pic32mx/4.8.3/../../../../pic32mx/lib/libc.a(doprnt_cdnopuxX.eo)
 .debug_info    0x00022b0c       0xb4 /Applications/microchip/xc32/v1.40/bin/bin/../../lib/gcc/pic32mx/4.8.3/../../../../pic32mx/lib/libc.a(_fputc_simple.o)
 .debug_info    0x00022bc0       0xb7 /Applications/microchip/xc32/v1.40/bin/bin/../../lib/gcc/pic32mx/4.8.3/../../../../pic32mx/lib/libc.a(_flsbuf_simple.o)
 .debug_info    0x00022c77       0xae /Applications/microchip/xc32/v1.40/bin/bin/../../lib/gcc/pic32mx/4.8.3/../../../../pic32mx/lib/libpic32.a(write.o)
 .debug_info    0x00022d25       0xb6 /Applications/microchip/xc32/v1.40/bin/bin/../../lib/gcc/pic32mx/4.8.3/../../../../pic32mx/lib/libpic32.a(_mon_putc.o)
 .debug_info    0x00022ddb      0x74f /Applications/microchip/xc32/v1.40/bin/bin/../../lib/gcc/pic32mx/4.8.3/libgcc.a(_udivdi3.o)
 .debug_info    0x0002352a      0x78c /Applications/microchip/xc32/v1.40/bin/bin/../../lib/gcc/pic32mx/4.8.3/libgcc.a(_umoddi3.o)

.debug_abbrev   0x00000000     0x38c7
 *(.debug_abbrev)
 .debug_abbrev  0x00000000      0x30e build/configRover/production/_ext/1360937237/communication.o
 .debug_abbrev  0x0000030e       0x93 build/configRover/production/_ext/1360937237/main.o
 .debug_abbrev  0x000003a1      0x2bf build/configRover/production/_ext/1360937237/sensorCommunication.o
 .debug_abbrev  0x00000660      0x27a build/configRover/production/_ext/1360937237/motor.o
 .debug_abbrev  0x000008da      0x20e build/configRover/production/_ext/1536116519/debug.o
 .debug_abbrev  0x00000ae8      0x13f build/configRover/production/_ext/1360937237/timer.o
 .debug_abbrev  0x00000c27      0x1fe build/configRover/production/_ext/2006758146/osal_freertos.o
 .debug_abbrev  0x00000e25      0x26d build/configRover/production/_ext/1044950436/sys_devcon.o
 .debug_abbrev  0x00001092      0x16d build/configRover/production/_ext/1044950436/sys_devcon_pic32mx.o
 .debug_abbrev  0x000011ff      0x1d0 build/configRover/production/_ext/443798654/sys_int_pic32.o
 .debug_abbrev  0x000013cf      0x219 build/configRover/production/_ext/885213861/sys_ports.o
 .debug_abbrev  0x000015e8       0x1b build/configRover/production/_ext/1209819165/croutine.o
 .debug_abbrev  0x00001603       0xf1 build/configRover/production/_ext/1209819165/list.o
 .debug_abbrev  0x000016f4      0x2c4 build/configRover/production/_ext/1209819165/queue.o
 .debug_abbrev  0x000019b8      0x383 build/configRover/production/_ext/1209819165/tasks.o
 .debug_abbrev  0x00001d3b      0x337 build/configRover/production/_ext/1209819165/timers.o
 .debug_abbrev  0x00002072      0x29a build/configRover/production/_ext/1209819165/event_groups.o
 .debug_abbrev  0x0000230c      0x13f build/configRover/production/_ext/1343652704/heap_1.o
 .debug_abbrev  0x0000244b      0x2cf build/configRover/production/_ext/432427763/port.o
 .debug_abbrev  0x0000271a       0x14 build/configRover/production/_ext/432427763/port_asm.o
 .debug_abbrev  0x0000272e      0x1bc build/configRover/production/_ext/1797679462/drv_tmr_static.o
 .debug_abbrev  0x000028ea      0x218 build/configRover/production/_ext/1532176561/drv_usart_static.o
 .debug_abbrev  0x00002b02      0x209 build/configRover/production/_ext/249367850/sys_clk_static.o
 .debug_abbrev  0x00002d0b      0x12f build/configRover/production/_ext/1926720346/sys_ports_static.o
 .debug_abbrev  0x00002e3a      0x201 build/configRover/production/_ext/369138285/system_init.o
 .debug_abbrev  0x0000303b      0x1f4 build/configRover/production/_ext/369138285/system_interrupt.o
 .debug_abbrev  0x0000322f       0x8c build/configRover/production/_ext/369138285/system_exceptions.o
 .debug_abbrev  0x000032bb      0x154 build/configRover/production/_ext/369138285/system_tasks.o
 .debug_abbrev  0x0000340f       0x12 build/configRover/production/_ext/369138285/system_interrupt_a.o
 .debug_abbrev  0x00003421       0x97 build/configRover/production/_ext/369138285/rtos_hooks.o
 .debug_abbrev  0x000034b8       0x28 /Applications/microchip/xc32/v1.40/bin/bin/../../lib/gcc/pic32mx/4.8.3/../../../../pic32mx/lib/libpic32.a(default-bootstrap-exception-handler.o)
 .debug_abbrev  0x000034e0       0x28 /Applications/microchip/xc32/v1.40/bin/bin/../../lib/gcc/pic32mx/4.8.3/../../../../pic32mx/lib/libpic32.a(default-on-reset.o)
 .debug_abbrev  0x00003508       0x28 /Applications/microchip/xc32/v1.40/bin/bin/../../lib/gcc/pic32mx/4.8.3/../../../../pic32mx/lib/libpic32.a(default-on-bootstrap.o)
 .debug_abbrev  0x00003530       0x28 /Applications/microchip/xc32/v1.40/bin/bin/../../lib/gcc/pic32mx/4.8.3/../../../../pic32mx/lib/libpic32.a(defaultinterrupt.o)
 .debug_abbrev  0x00003558       0x28 /Applications/microchip/xc32/v1.40/bin/bin/../../lib/gcc/pic32mx/4.8.3/../../../../pic32mx/lib/libc.a(sprintf_cdnopuxX.eo)
 .debug_abbrev  0x00003580       0x28 /Applications/microchip/xc32/v1.40/bin/bin/../../lib/gcc/pic32mx/4.8.3/../../../../pic32mx/lib/libc.a(doprnt_cdnopuxX.eo)
 .debug_abbrev  0x000035a8       0x28 /Applications/microchip/xc32/v1.40/bin/bin/../../lib/gcc/pic32mx/4.8.3/../../../../pic32mx/lib/libc.a(_fputc_simple.o)
 .debug_abbrev  0x000035d0       0x28 /Applications/microchip/xc32/v1.40/bin/bin/../../lib/gcc/pic32mx/4.8.3/../../../../pic32mx/lib/libc.a(_flsbuf_simple.o)
 .debug_abbrev  0x000035f8       0x28 /Applications/microchip/xc32/v1.40/bin/bin/../../lib/gcc/pic32mx/4.8.3/../../../../pic32mx/lib/libpic32.a(write.o)
 .debug_abbrev  0x00003620       0x28 /Applications/microchip/xc32/v1.40/bin/bin/../../lib/gcc/pic32mx/4.8.3/../../../../pic32mx/lib/libpic32.a(_mon_putc.o)
 .debug_abbrev  0x00003648      0x138 /Applications/microchip/xc32/v1.40/bin/bin/../../lib/gcc/pic32mx/4.8.3/libgcc.a(_udivdi3.o)
 .debug_abbrev  0x00003780      0x147 /Applications/microchip/xc32/v1.40/bin/bin/../../lib/gcc/pic32mx/4.8.3/libgcc.a(_umoddi3.o)

.debug_line     0x00000000     0x7a8e
 *(.debug_line)
 .debug_line    0x00000000      0x682 build/configRover/production/_ext/1360937237/communication.o
 .debug_line    0x00000682       0xd8 build/configRover/production/_ext/1360937237/main.o
 .debug_line    0x0000075a      0x582 build/configRover/production/_ext/1360937237/sensorCommunication.o
 .debug_line    0x00000cdc      0x4b7 build/configRover/production/_ext/1360937237/motor.o
 .debug_line    0x00001193      0x416 build/configRover/production/_ext/1536116519/debug.o
 .debug_line    0x000015a9      0x221 build/configRover/production/_ext/1360937237/timer.o
 .debug_line    0x000017ca      0x2ee build/configRover/production/_ext/2006758146/osal_freertos.o
 .debug_line    0x00001ab8      0x690 build/configRover/production/_ext/1044950436/sys_devcon.o
 .debug_line    0x00002148      0x527 build/configRover/production/_ext/1044950436/sys_devcon_pic32mx.o
 .debug_line    0x0000266f      0x3f2 build/configRover/production/_ext/443798654/sys_int_pic32.o
 .debug_line    0x00002a61      0x912 build/configRover/production/_ext/885213861/sys_ports.o
 .debug_line    0x00003373       0x1d build/configRover/production/_ext/1209819165/croutine.o
 .debug_line    0x00003390      0x20f build/configRover/production/_ext/1209819165/list.o
 .debug_line    0x0000359f      0x4cc build/configRover/production/_ext/1209819165/queue.o
 .debug_line    0x00003a6b      0x820 build/configRover/production/_ext/1209819165/tasks.o
 .debug_line    0x0000428b      0x3b7 build/configRover/production/_ext/1209819165/timers.o
 .debug_line    0x00004642      0x34b build/configRover/production/_ext/1209819165/event_groups.o
 .debug_line    0x0000498d      0x240 build/configRover/production/_ext/1343652704/heap_1.o
 .debug_line    0x00004bcd      0x250 build/configRover/production/_ext/432427763/port.o
 .debug_line    0x00004e1d      0x11a build/configRover/production/_ext/432427763/port_asm.o
 .debug_line    0x00004f37      0x56a build/configRover/production/_ext/1797679462/drv_tmr_static.o
 .debug_line    0x000054a1      0x7cf build/configRover/production/_ext/1532176561/drv_usart_static.o
 .debug_line    0x00005c70      0x3ee build/configRover/production/_ext/249367850/sys_clk_static.o
 .debug_line    0x0000605e      0x30f build/configRover/production/_ext/1926720346/sys_ports_static.o
 .debug_line    0x0000636d      0x503 build/configRover/production/_ext/369138285/system_init.o
 .debug_line    0x00006870      0x43d build/configRover/production/_ext/369138285/system_interrupt.o
 .debug_line    0x00006cad       0xf4 build/configRover/production/_ext/369138285/system_exceptions.o
 .debug_line    0x00006da1      0x3b7 build/configRover/production/_ext/369138285/system_tasks.o
 .debug_line    0x00007158       0xfd build/configRover/production/_ext/369138285/system_interrupt_a.o
 .debug_line    0x00007255      0x15e build/configRover/production/_ext/369138285/rtos_hooks.o
 .debug_line    0x000073b3       0x97 /Applications/microchip/xc32/v1.40/bin/bin/../../lib/gcc/pic32mx/4.8.3/../../../../pic32mx/lib/libpic32.a(default-bootstrap-exception-handler.o)
 .debug_line    0x0000744a       0x84 /Applications/microchip/xc32/v1.40/bin/bin/../../lib/gcc/pic32mx/4.8.3/../../../../pic32mx/lib/libpic32.a(default-on-reset.o)
 .debug_line    0x000074ce       0x88 /Applications/microchip/xc32/v1.40/bin/bin/../../lib/gcc/pic32mx/4.8.3/../../../../pic32mx/lib/libpic32.a(default-on-bootstrap.o)
 .debug_line    0x00007556       0x96 /Applications/microchip/xc32/v1.40/bin/bin/../../lib/gcc/pic32mx/4.8.3/../../../../pic32mx/lib/libpic32.a(defaultinterrupt.o)
 .debug_line    0x000075ec       0x71 /Applications/microchip/xc32/v1.40/bin/bin/../../lib/gcc/pic32mx/4.8.3/../../../../pic32mx/lib/libc.a(sprintf_cdnopuxX.eo)
 .debug_line    0x0000765d       0x70 /Applications/microchip/xc32/v1.40/bin/bin/../../lib/gcc/pic32mx/4.8.3/../../../../pic32mx/lib/libc.a(doprnt_cdnopuxX.eo)
 .debug_line    0x000076cd       0x6f /Applications/microchip/xc32/v1.40/bin/bin/../../lib/gcc/pic32mx/4.8.3/../../../../pic32mx/lib/libc.a(_fputc_simple.o)
 .debug_line    0x0000773c        0x0 /Applications/microchip/xc32/v1.40/bin/bin/../../lib/gcc/pic32mx/4.8.3/../../../../pic32mx/lib/libc.a(ctype.o)
 .debug_line    0x0000773c        0x0 /Applications/microchip/xc32/v1.40/bin/bin/../../lib/gcc/pic32mx/4.8.3/../../../../pic32mx/lib/libc.a(_iob.o)
 .debug_line    0x0000773c       0x70 /Applications/microchip/xc32/v1.40/bin/bin/../../lib/gcc/pic32mx/4.8.3/../../../../pic32mx/lib/libc.a(_flsbuf_simple.o)
 .debug_line    0x000077ac       0x79 /Applications/microchip/xc32/v1.40/bin/bin/../../lib/gcc/pic32mx/4.8.3/../../../../pic32mx/lib/libpic32.a(write.o)
 .debug_line    0x00007825       0x7d /Applications/microchip/xc32/v1.40/bin/bin/../../lib/gcc/pic32mx/4.8.3/../../../../pic32mx/lib/libpic32.a(_mon_putc.o)
 .debug_line    0x000078a2        0x0 /Applications/microchip/xc32/v1.40/bin/bin/../../lib/gcc/pic32mx/4.8.3/../../../../pic32mx/lib/libpic32.a(xc32_uart.o)
 .debug_line    0x000078a2       0xed /Applications/microchip/xc32/v1.40/bin/bin/../../lib/gcc/pic32mx/4.8.3/libgcc.a(_udivdi3.o)
 .debug_line    0x0000798f       0xff /Applications/microchip/xc32/v1.40/bin/bin/../../lib/gcc/pic32mx/4.8.3/libgcc.a(_umoddi3.o)

.debug_frame    0x00000000     0x183c
 *(.debug_frame)
 .debug_frame   0x00000000      0x144 build/configRover/production/_ext/1360937237/communication.o
 .debug_frame   0x00000144       0x28 build/configRover/production/_ext/1360937237/main.o
 .debug_frame   0x0000016c       0xe0 build/configRover/production/_ext/1360937237/sensorCommunication.o
 .debug_frame   0x0000024c       0xa0 build/configRover/production/_ext/1360937237/motor.o
 .debug_frame   0x000002ec       0xac build/configRover/production/_ext/1536116519/debug.o
 .debug_frame   0x00000398       0x40 build/configRover/production/_ext/1360937237/timer.o
 .debug_frame   0x000003d8      0x150 build/configRover/production/_ext/2006758146/osal_freertos.o
 .debug_frame   0x00000528       0xe8 build/configRover/production/_ext/1044950436/sys_devcon.o
 .debug_frame   0x00000610       0x28 build/configRover/production/_ext/1044950436/sys_devcon_pic32mx.o
 .debug_frame   0x00000638       0x90 build/configRover/production/_ext/443798654/sys_int_pic32.o
 .debug_frame   0x000006c8      0x1d0 build/configRover/production/_ext/885213861/sys_ports.o
 .debug_frame   0x00000898       0x60 build/configRover/production/_ext/1209819165/list.o
 .debug_frame   0x000008f8      0x230 build/configRover/production/_ext/1209819165/queue.o
 .debug_frame   0x00000b28      0x450 build/configRover/production/_ext/1209819165/tasks.o
 .debug_frame   0x00000f78      0x134 build/configRover/production/_ext/1209819165/timers.o
 .debug_frame   0x000010ac      0x108 build/configRover/production/_ext/1209819165/event_groups.o
 .debug_frame   0x000011b4       0x5c build/configRover/production/_ext/1343652704/heap_1.o
 .debug_frame   0x00001210       0xc0 build/configRover/production/_ext/432427763/port.o
 .debug_frame   0x000012d0       0xd0 build/configRover/production/_ext/1797679462/drv_tmr_static.o
 .debug_frame   0x000013a0       0xc8 build/configRover/production/_ext/1532176561/drv_usart_static.o
 .debug_frame   0x00001468       0x58 build/configRover/production/_ext/249367850/sys_clk_static.o
 .debug_frame   0x000014c0       0x20 build/configRover/production/_ext/1926720346/sys_ports_static.o
 .debug_frame   0x000014e0       0x28 build/configRover/production/_ext/369138285/system_init.o
 .debug_frame   0x00001508       0x64 build/configRover/production/_ext/369138285/system_interrupt.o
 .debug_frame   0x0000156c       0x28 build/configRover/production/_ext/369138285/system_exceptions.o
 .debug_frame   0x00001594       0x88 build/configRover/production/_ext/369138285/system_tasks.o
 .debug_frame   0x0000161c       0x40 build/configRover/production/_ext/369138285/rtos_hooks.o
 .debug_frame   0x0000165c       0x2c /Applications/microchip/xc32/v1.40/bin/bin/../../lib/gcc/pic32mx/4.8.3/../../../../pic32mx/lib/libpic32.a(default-bootstrap-exception-handler.o)
 .debug_frame   0x00001688       0x20 /Applications/microchip/xc32/v1.40/bin/bin/../../lib/gcc/pic32mx/4.8.3/../../../../pic32mx/lib/libpic32.a(default-on-reset.o)
 .debug_frame   0x000016a8       0x20 /Applications/microchip/xc32/v1.40/bin/bin/../../lib/gcc/pic32mx/4.8.3/../../../../pic32mx/lib/libpic32.a(default-on-bootstrap.o)
 .debug_frame   0x000016c8       0x20 /Applications/microchip/xc32/v1.40/bin/bin/../../lib/gcc/pic32mx/4.8.3/../../../../pic32mx/lib/libpic32.a(defaultinterrupt.o)
 .debug_frame   0x000016e8       0x28 /Applications/microchip/xc32/v1.40/bin/bin/../../lib/gcc/pic32mx/4.8.3/../../../../pic32mx/lib/libc.a(sprintf_cdnopuxX.eo)
 .debug_frame   0x00001710       0x38 /Applications/microchip/xc32/v1.40/bin/bin/../../lib/gcc/pic32mx/4.8.3/../../../../pic32mx/lib/libc.a(doprnt_cdnopuxX.eo)
 .debug_frame   0x00001748       0x2c /Applications/microchip/xc32/v1.40/bin/bin/../../lib/gcc/pic32mx/4.8.3/../../../../pic32mx/lib/libc.a(_fputc_simple.o)
 .debug_frame   0x00001774       0x28 /Applications/microchip/xc32/v1.40/bin/bin/../../lib/gcc/pic32mx/4.8.3/../../../../pic32mx/lib/libc.a(_flsbuf_simple.o)
 .debug_frame   0x0000179c       0x38 /Applications/microchip/xc32/v1.40/bin/bin/../../lib/gcc/pic32mx/4.8.3/../../../../pic32mx/lib/libpic32.a(write.o)
 .debug_frame   0x000017d4       0x28 /Applications/microchip/xc32/v1.40/bin/bin/../../lib/gcc/pic32mx/4.8.3/../../../../pic32mx/lib/libpic32.a(_mon_putc.o)
 .debug_frame   0x000017fc       0x20 /Applications/microchip/xc32/v1.40/bin/bin/../../lib/gcc/pic32mx/4.8.3/libgcc.a(_udivdi3.o)
 .debug_frame   0x0000181c       0x20 /Applications/microchip/xc32/v1.40/bin/bin/../../lib/gcc/pic32mx/4.8.3/libgcc.a(_umoddi3.o)

.debug_str      0x00000000      0x7c0
 *(.debug_str)
 .debug_str     0x00000000       0x31 build/configRover/production/_ext/1360937237/communication.o
 .debug_str     0x00000031        0x0 build/configRover/production/_ext/1360937237/main.o
 .debug_str     0x00000031       0x22 build/configRover/production/_ext/1360937237/sensorCommunication.o
 .debug_str     0x00000053       0x42 build/configRover/production/_ext/1360937237/motor.o
 .debug_str     0x00000095       0x1b build/configRover/production/_ext/1536116519/debug.o
 .debug_str     0x000000b0        0x0 build/configRover/production/_ext/1360937237/timer.o
 .debug_str     0x000000b0       0x40 build/configRover/production/_ext/2006758146/osal_freertos.o
 .debug_str     0x000000f0       0x16 build/configRover/production/_ext/1044950436/sys_devcon.o
 .debug_str     0x00000106        0x6 build/configRover/production/_ext/1044950436/sys_devcon_pic32mx.o
 .debug_str     0x0000010c       0x2d build/configRover/production/_ext/443798654/sys_int_pic32.o
 .debug_str     0x00000139       0x98 build/configRover/production/_ext/885213861/sys_ports.o
 .debug_str     0x000001d1        0x0 build/configRover/production/_ext/1209819165/croutine.o
 .debug_str     0x000001d1       0x2b build/configRover/production/_ext/1209819165/list.o
 .debug_str     0x000001fc       0xf1 build/configRover/production/_ext/1209819165/queue.o
 .debug_str     0x000002ed      0x174 build/configRover/production/_ext/1209819165/tasks.o
 .debug_str     0x00000461       0xbf build/configRover/production/_ext/1209819165/timers.o
 .debug_str     0x00000520       0xe6 build/configRover/production/_ext/1209819165/event_groups.o
 .debug_str     0x00000606       0x1d build/configRover/production/_ext/1343652704/heap_1.o
 .debug_str     0x00000623       0x37 build/configRover/production/_ext/432427763/port.o
 .debug_str     0x0000065a       0x41 build/configRover/production/_ext/1797679462/drv_tmr_static.o
 .debug_str     0x0000069b       0x88 build/configRover/production/_ext/1532176561/drv_usart_static.o
 .debug_str     0x00000723       0x39 build/configRover/production/_ext/249367850/sys_clk_static.o
 .debug_str     0x0000075c        0xd build/configRover/production/_ext/1926720346/sys_ports_static.o
 .debug_str     0x00000769       0x16 build/configRover/production/_ext/369138285/system_init.o
 .debug_str     0x0000077f       0x38 build/configRover/production/_ext/369138285/system_interrupt.o
 .debug_str     0x000007b7        0x0 build/configRover/production/_ext/369138285/system_exceptions.o
 .debug_str     0x000007b7        0x0 build/configRover/production/_ext/369138285/system_tasks.o
 .debug_str     0x000007b7        0x9 build/configRover/production/_ext/369138285/rtos_hooks.o
 .debug_str     0x000007c0        0x0 /Applications/microchip/xc32/v1.40/bin/bin/../../lib/gcc/pic32mx/4.8.3/../../../../pic32mx/lib/libpic32.a(default-bootstrap-exception-handler.o)
 .debug_str     0x000007c0        0x0 /Applications/microchip/xc32/v1.40/bin/bin/../../lib/gcc/pic32mx/4.8.3/../../../../pic32mx/lib/libpic32.a(default-on-reset.o)
 .debug_str     0x000007c0        0x0 /Applications/microchip/xc32/v1.40/bin/bin/../../lib/gcc/pic32mx/4.8.3/../../../../pic32mx/lib/libpic32.a(default-on-bootstrap.o)
 .debug_str     0x000007c0        0x0 /Applications/microchip/xc32/v1.40/bin/bin/../../lib/gcc/pic32mx/4.8.3/../../../../pic32mx/lib/libpic32.a(defaultinterrupt.o)
 .debug_str     0x000007c0        0x0 /Applications/microchip/xc32/v1.40/bin/bin/../../lib/gcc/pic32mx/4.8.3/../../../../pic32mx/lib/libc.a(sprintf_cdnopuxX.eo)
 .debug_str     0x000007c0        0x0 /Applications/microchip/xc32/v1.40/bin/bin/../../lib/gcc/pic32mx/4.8.3/../../../../pic32mx/lib/libc.a(doprnt_cdnopuxX.eo)
 .debug_str     0x000007c0        0x0 /Applications/microchip/xc32/v1.40/bin/bin/../../lib/gcc/pic32mx/4.8.3/../../../../pic32mx/lib/libc.a(_fputc_simple.o)
 .debug_str     0x000007c0        0x0 /Applications/microchip/xc32/v1.40/bin/bin/../../lib/gcc/pic32mx/4.8.3/../../../../pic32mx/lib/libc.a(ctype.o)
 .debug_str     0x000007c0        0x0 /Applications/microchip/xc32/v1.40/bin/bin/../../lib/gcc/pic32mx/4.8.3/../../../../pic32mx/lib/libc.a(_iob.o)
 .debug_str     0x000007c0        0x0 /Applications/microchip/xc32/v1.40/bin/bin/../../lib/gcc/pic32mx/4.8.3/../../../../pic32mx/lib/libc.a(_flsbuf_simple.o)
 .debug_str     0x000007c0        0x0 /Applications/microchip/xc32/v1.40/bin/bin/../../lib/gcc/pic32mx/4.8.3/../../../../pic32mx/lib/libpic32.a(write.o)
 .debug_str     0x000007c0        0x0 /Applications/microchip/xc32/v1.40/bin/bin/../../lib/gcc/pic32mx/4.8.3/../../../../pic32mx/lib/libpic32.a(_mon_putc.o)
 .debug_str     0x000007c0        0x0 /Applications/microchip/xc32/v1.40/bin/bin/../../lib/gcc/pic32mx/4.8.3/../../../../pic32mx/lib/libpic32.a(xc32_uart.o)
 .debug_str     0x000007c0        0x0 /Applications/microchip/xc32/v1.40/bin/bin/../../lib/gcc/pic32mx/4.8.3/libgcc.a(_udivdi3.o)
 .debug_str     0x000007c0        0x0 /Applications/microchip/xc32/v1.40/bin/bin/../../lib/gcc/pic32mx/4.8.3/libgcc.a(_umoddi3.o)

.debug_loc      0x00000000     0x6d71
 *(.debug_loc)
 .debug_loc     0x00000000      0x4ec build/configRover/production/_ext/1360937237/communication.o
 .debug_loc     0x000004ec      0x3ae build/configRover/production/_ext/1360937237/sensorCommunication.o
 .debug_loc     0x0000089a      0x2a8 build/configRover/production/_ext/1360937237/motor.o
 .debug_loc     0x00000b42       0xfa build/configRover/production/_ext/1536116519/debug.o
 .debug_loc     0x00000c3c       0x92 build/configRover/production/_ext/1360937237/timer.o
 .debug_loc     0x00000cce      0x40c build/configRover/production/_ext/2006758146/osal_freertos.o
 .debug_loc     0x000010da       0xf0 build/configRover/production/_ext/1044950436/sys_devcon.o
 .debug_loc     0x000011ca       0xe0 build/configRover/production/_ext/1044950436/sys_devcon_pic32mx.o
 .debug_loc     0x000012aa       0x8d build/configRover/production/_ext/443798654/sys_int_pic32.o
 .debug_loc     0x00001337      0xee1 build/configRover/production/_ext/885213861/sys_ports.o
 .debug_loc     0x00002218       0x31 build/configRover/production/_ext/1209819165/list.o
 .debug_loc     0x00002249      0xd35 build/configRover/production/_ext/1209819165/queue.o
 .debug_loc     0x00002f7e     0x1505 build/configRover/production/_ext/1209819165/tasks.o
 .debug_loc     0x00004483      0x7c0 build/configRover/production/_ext/1209819165/timers.o
 .debug_loc     0x00004c43      0x8ea build/configRover/production/_ext/1209819165/event_groups.o
 .debug_loc     0x0000552d       0x49 build/configRover/production/_ext/1343652704/heap_1.o
 .debug_loc     0x00005576       0xea build/configRover/production/_ext/432427763/port.o
 .debug_loc     0x00005660       0x42 build/configRover/production/_ext/1797679462/drv_tmr_static.o
 .debug_loc     0x000056a2       0x9a build/configRover/production/_ext/1532176561/drv_usart_static.o
 .debug_loc     0x0000573c       0x21 build/configRover/production/_ext/249367850/sys_clk_static.o
 .debug_loc     0x0000575d       0x21 build/configRover/production/_ext/369138285/system_init.o
 .debug_loc     0x0000577e      0x118 build/configRover/production/_ext/369138285/system_interrupt.o
 .debug_loc     0x00005896       0x34 build/configRover/production/_ext/369138285/rtos_hooks.o
 .debug_loc     0x000058ca      0xa6a /Applications/microchip/xc32/v1.40/bin/bin/../../lib/gcc/pic32mx/4.8.3/libgcc.a(_udivdi3.o)
 .debug_loc     0x00006334      0xa3d /Applications/microchip/xc32/v1.40/bin/bin/../../lib/gcc/pic32mx/4.8.3/libgcc.a(_umoddi3.o)

.debug_macinfo
 *(.debug_macinfo)

.debug_weaknames
 *(.debug_weaknames)

.debug_funcnames
 *(.debug_funcnames)

.debug_typenames
 *(.debug_typenames)

.debug_varnames
 *(.debug_varnames)

.debug_pubtypes
 *(.debug_pubtypes)

.debug_ranges   0x00000000      0xd00
 *(.debug_ranges)
 .debug_ranges  0x00000000       0xe0 build/configRover/production/_ext/1360937237/communication.o
 .debug_ranges  0x000000e0       0x10 build/configRover/production/_ext/1360937237/main.o
 .debug_ranges  0x000000f0       0xd0 build/configRover/production/_ext/1360937237/sensorCommunication.o
 .debug_ranges  0x000001c0       0x60 build/configRover/production/_ext/1360937237/motor.o
 .debug_ranges  0x00000220       0x40 build/configRover/production/_ext/1536116519/debug.o
 .debug_ranges  0x00000260       0x18 build/configRover/production/_ext/1360937237/timer.o
 .debug_ranges  0x00000278       0x78 build/configRover/production/_ext/2006758146/osal_freertos.o
 .debug_ranges  0x000002f0       0x68 build/configRover/production/_ext/1044950436/sys_devcon.o
 .debug_ranges  0x00000358       0x10 build/configRover/production/_ext/1044950436/sys_devcon_pic32mx.o
 .debug_ranges  0x00000368       0x50 build/configRover/production/_ext/443798654/sys_int_pic32.o
 .debug_ranges  0x000003b8       0xe8 build/configRover/production/_ext/885213861/sys_ports.o
 .debug_ranges  0x000004a0       0x30 build/configRover/production/_ext/1209819165/list.o
 .debug_ranges  0x000004d0       0xa8 build/configRover/production/_ext/1209819165/queue.o
 .debug_ranges  0x00000578      0x1b0 build/configRover/production/_ext/1209819165/tasks.o
 .debug_ranges  0x00000728       0xe8 build/configRover/production/_ext/1209819165/timers.o
 .debug_ranges  0x00000810       0x98 build/configRover/production/_ext/1209819165/event_groups.o
 .debug_ranges  0x000008a8       0x28 build/configRover/production/_ext/1343652704/heap_1.o
 .debug_ranges  0x000008d0       0x48 build/configRover/production/_ext/432427763/port.o
 .debug_ranges  0x00000918       0x68 build/configRover/production/_ext/1797679462/drv_tmr_static.o
 .debug_ranges  0x00000980       0x58 build/configRover/production/_ext/1532176561/drv_usart_static.o
 .debug_ranges  0x000009d8       0x28 build/configRover/production/_ext/249367850/sys_clk_static.o
 .debug_ranges  0x00000a00       0x10 build/configRover/production/_ext/1926720346/sys_ports_static.o
 .debug_ranges  0x00000a10       0x10 build/configRover/production/_ext/369138285/system_init.o
 .debug_ranges  0x00000a20       0x28 build/configRover/production/_ext/369138285/system_interrupt.o
 .debug_ranges  0x00000a48       0x10 build/configRover/production/_ext/369138285/system_exceptions.o
 .debug_ranges  0x00000a58       0x30 build/configRover/production/_ext/369138285/system_tasks.o
 .debug_ranges  0x00000a88       0x50 build/configRover/production/_ext/369138285/system_interrupt_a.o
 .debug_ranges  0x00000ad8       0x18 build/configRover/production/_ext/369138285/rtos_hooks.o
 .debug_ranges  0x00000af0       0x10 /Applications/microchip/xc32/v1.40/bin/bin/../../lib/gcc/pic32mx/4.8.3/../../../../pic32mx/lib/libpic32.a(default-bootstrap-exception-handler.o)
 .debug_ranges  0x00000b00       0x10 /Applications/microchip/xc32/v1.40/bin/bin/../../lib/gcc/pic32mx/4.8.3/../../../../pic32mx/lib/libpic32.a(default-on-reset.o)
 .debug_ranges  0x00000b10       0x10 /Applications/microchip/xc32/v1.40/bin/bin/../../lib/gcc/pic32mx/4.8.3/../../../../pic32mx/lib/libpic32.a(default-on-bootstrap.o)
 .debug_ranges  0x00000b20       0x10 /Applications/microchip/xc32/v1.40/bin/bin/../../lib/gcc/pic32mx/4.8.3/../../../../pic32mx/lib/libpic32.a(defaultinterrupt.o)
 .debug_ranges  0x00000b30       0x10 /Applications/microchip/xc32/v1.40/bin/bin/../../lib/gcc/pic32mx/4.8.3/../../../../pic32mx/lib/libc.a(sprintf_cdnopuxX.eo)
 .debug_ranges  0x00000b40       0x10 /Applications/microchip/xc32/v1.40/bin/bin/../../lib/gcc/pic32mx/4.8.3/../../../../pic32mx/lib/libc.a(doprnt_cdnopuxX.eo)
 .debug_ranges  0x00000b50       0x10 /Applications/microchip/xc32/v1.40/bin/bin/../../lib/gcc/pic32mx/4.8.3/../../../../pic32mx/lib/libc.a(_fputc_simple.o)
 .debug_ranges  0x00000b60       0x10 /Applications/microchip/xc32/v1.40/bin/bin/../../lib/gcc/pic32mx/4.8.3/../../../../pic32mx/lib/libc.a(_flsbuf_simple.o)
 .debug_ranges  0x00000b70       0x10 /Applications/microchip/xc32/v1.40/bin/bin/../../lib/gcc/pic32mx/4.8.3/../../../../pic32mx/lib/libpic32.a(write.o)
 .debug_ranges  0x00000b80       0x10 /Applications/microchip/xc32/v1.40/bin/bin/../../lib/gcc/pic32mx/4.8.3/../../../../pic32mx/lib/libpic32.a(_mon_putc.o)
 .debug_ranges  0x00000b90       0x98 /Applications/microchip/xc32/v1.40/bin/bin/../../lib/gcc/pic32mx/4.8.3/libgcc.a(_udivdi3.o)
 .debug_ranges  0x00000c28       0xd8 /Applications/microchip/xc32/v1.40/bin/bin/../../lib/gcc/pic32mx/4.8.3/libgcc.a(_umoddi3.o)

.gnu.attributes
                0x00000000       0x10
 *(.gnu.attributes)
 .gnu.attributes
                0x00000000       0x10 build/configRover/production/_ext/1360937237/communication.o
 .gnu.attributes
                0x00000010       0x10 build/configRover/production/_ext/1360937237/main.o
 .gnu.attributes
                0x00000020       0x10 build/configRover/production/_ext/1360937237/sensorCommunication.o
 .gnu.attributes
                0x00000030       0x10 build/configRover/production/_ext/1360937237/motor.o
 .gnu.attributes
                0x00000040       0x10 build/configRover/production/_ext/1536116519/debug.o
 .gnu.attributes
                0x00000050       0x10 build/configRover/production/_ext/1360937237/timer.o
 .gnu.attributes
                0x00000060       0x10 build/configRover/production/_ext/2006758146/osal_freertos.o
 .gnu.attributes
                0x00000070       0x10 build/configRover/production/_ext/1044950436/sys_devcon.o
 .gnu.attributes
                0x00000080       0x10 build/configRover/production/_ext/1044950436/sys_devcon_pic32mx.o
 .gnu.attributes
                0x00000090       0x10 build/configRover/production/_ext/443798654/sys_int_pic32.o
 .gnu.attributes
                0x000000a0       0x10 build/configRover/production/_ext/885213861/sys_ports.o
 .gnu.attributes
                0x000000b0       0x10 build/configRover/production/_ext/1209819165/croutine.o
 .gnu.attributes
                0x000000c0       0x10 build/configRover/production/_ext/1209819165/list.o
 .gnu.attributes
                0x000000d0       0x10 build/configRover/production/_ext/1209819165/queue.o
 .gnu.attributes
                0x000000e0       0x10 build/configRover/production/_ext/1209819165/tasks.o
 .gnu.attributes
                0x000000f0       0x10 build/configRover/production/_ext/1209819165/timers.o
 .gnu.attributes
                0x00000100       0x10 build/configRover/production/_ext/1209819165/event_groups.o
 .gnu.attributes
                0x00000110       0x10 build/configRover/production/_ext/1343652704/heap_1.o
 .gnu.attributes
                0x00000120       0x10 build/configRover/production/_ext/432427763/port.o
 .gnu.attributes
                0x00000130       0x10 build/configRover/production/_ext/1797679462/drv_tmr_static.o
 .gnu.attributes
                0x00000140       0x10 build/configRover/production/_ext/1532176561/drv_usart_static.o
 .gnu.attributes
                0x00000150       0x10 build/configRover/production/_ext/249367850/sys_clk_static.o
 .gnu.attributes
                0x00000160       0x10 build/configRover/production/_ext/1926720346/sys_ports_static.o
 .gnu.attributes
                0x00000170       0x10 build/configRover/production/_ext/369138285/system_init.o
 .gnu.attributes
                0x00000180       0x10 build/configRover/production/_ext/369138285/system_interrupt.o
 .gnu.attributes
                0x00000190       0x10 build/configRover/production/_ext/369138285/system_exceptions.o
 .gnu.attributes
                0x000001a0       0x10 build/configRover/production/_ext/369138285/system_tasks.o
 .gnu.attributes
                0x000001b0       0x10 build/configRover/production/_ext/369138285/rtos_hooks.o
 .gnu.attributes
                0x000001c0       0x10 /Applications/microchip/xc32/v1.40/bin/bin/../../lib/gcc/pic32mx/4.8.3/../../../../pic32mx/lib/libpic32.a(default-bootstrap-exception-handler.o)
 .gnu.attributes
                0x000001d0       0x10 /Applications/microchip/xc32/v1.40/bin/bin/../../lib/gcc/pic32mx/4.8.3/../../../../pic32mx/lib/libpic32.a(default-on-reset.o)
 .gnu.attributes
                0x000001e0       0x10 /Applications/microchip/xc32/v1.40/bin/bin/../../lib/gcc/pic32mx/4.8.3/../../../../pic32mx/lib/libpic32.a(default-on-bootstrap.o)
 .gnu.attributes
                0x000001f0       0x10 /Applications/microchip/xc32/v1.40/bin/bin/../../lib/gcc/pic32mx/4.8.3/../../../../pic32mx/lib/libpic32.a(defaultinterrupt.o)
 .gnu.attributes
                0x00000200       0x10 /Applications/microchip/xc32/v1.40/bin/bin/../../lib/gcc/pic32mx/4.8.3/../../../../pic32mx/lib/libc.a(sprintf_cdnopuxX.eo)
 .gnu.attributes
                0x00000210       0x10 /Applications/microchip/xc32/v1.40/bin/bin/../../lib/gcc/pic32mx/4.8.3/../../../../pic32mx/lib/libc.a(doprnt_cdnopuxX.eo)
 .gnu.attributes
                0x00000220       0x10 /Applications/microchip/xc32/v1.40/bin/bin/../../lib/gcc/pic32mx/4.8.3/../../../../pic32mx/lib/libc.a(_fputc_simple.o)
 .gnu.attributes
                0x00000230       0x10 /Applications/microchip/xc32/v1.40/bin/bin/../../lib/gcc/pic32mx/4.8.3/../../../../pic32mx/lib/libc.a(ctype.o)
 .gnu.attributes
                0x00000240       0x10 /Applications/microchip/xc32/v1.40/bin/bin/../../lib/gcc/pic32mx/4.8.3/../../../../pic32mx/lib/libc.a(_iob.o)
 .gnu.attributes
                0x00000250       0x10 /Applications/microchip/xc32/v1.40/bin/bin/../../lib/gcc/pic32mx/4.8.3/../../../../pic32mx/lib/libc.a(_flsbuf_simple.o)
 .gnu.attributes
                0x00000260       0x10 /Applications/microchip/xc32/v1.40/bin/bin/../../lib/gcc/pic32mx/4.8.3/../../../../pic32mx/lib/libpic32.a(write.o)
 .gnu.attributes
                0x00000270       0x10 /Applications/microchip/xc32/v1.40/bin/bin/../../lib/gcc/pic32mx/4.8.3/../../../../pic32mx/lib/libpic32.a(_mon_putc.o)
 .gnu.attributes
                0x00000280       0x10 /Applications/microchip/xc32/v1.40/bin/bin/../../lib/gcc/pic32mx/4.8.3/../../../../pic32mx/lib/libpic32.a(xc32_uart.o)
 .gnu.attributes
                0x00000290       0x10 /Applications/microchip/xc32/v1.40/bin/bin/../../lib/gcc/pic32mx/4.8.3/libgcc.a(_udivdi3.o)
 .gnu.attributes
                0x000002a0       0x10 /Applications/microchip/xc32/v1.40/bin/bin/../../lib/gcc/pic32mx/4.8.3/libgcc.a(_umoddi3.o)
LOAD /Applications/microchip/xc32/v1.40/bin/bin/../../lib/gcc/pic32mx/4.8.3/libgcc.a
START GROUP
LOAD /Applications/microchip/xc32/v1.40/bin/bin/../../lib/gcc/pic32mx/4.8.3/../../../../pic32mx/lib/libpic32.a
LOAD /Applications/microchip/xc32/v1.40/bin/bin/../../lib/gcc/pic32mx/4.8.3/../../../../pic32mx/lib/libdebug.a
LOAD /Applications/microchip/xc32/v1.40/bin/bin/../../lib/gcc/pic32mx/4.8.3/../../../../pic32mx/lib/libpic32.a
LOAD /Applications/microchip/xc32/v1.40/bin/bin/../../lib/gcc/pic32mx/4.8.3/../../../../pic32mx/lib/libm.a
LOAD /Applications/microchip/xc32/v1.40/bin/bin/../../lib/gcc/pic32mx/4.8.3/../../../../pic32mx/lib/libe.a
LOAD /Applications/microchip/xc32/v1.40/bin/bin/../../lib/gcc/pic32mx/4.8.3/../../../../pic32mx/lib/libdsp.a
LOAD /Applications/microchip/xc32/v1.40/bin/bin/../../lib/gcc/pic32mx/4.8.3/libgcc.a
LOAD /Applications/microchip/xc32/v1.40/bin/bin/../../lib/gcc/pic32mx/4.8.3/../../../../pic32mx/lib/libc.a
LOAD /Applications/microchip/xc32/v1.40/bin/bin/../../lib/gcc/pic32mx/4.8.3/../../../../pic32mx/lib/libpic32.a
END GROUP
LOAD /Applications/microchip/xc32/v1.40/bin/bin/../../lib/gcc/pic32mx/4.8.3/libgcc.a
OUTPUT(dist/configRover/production/controlSystem_ece4535.X.production.elf elf32-tradlittlemips)
LOAD stack
LOAD data_init

.reginfo        0x00000000       0x18
 .reginfo       0x00000000       0x18 /Applications/microchip/xc32/v1.40/bin/bin/../../lib/gcc/pic32mx/4.8.3/../../../../pic32mx/lib/./proc/32MX795F512L/crt0_mips32r2.o

.stack          0xa0005920      0x400
 .stack         0xa0005920      0x400 stack

.bss            0xa0000144     0x5708